05-19 21:36:04.630 I/Finsky  (3852): [2] ouk.d(2): Frosting ID looked up on UI thread. Caller should move to a background thread.
05-19 21:36:04.638 I/Finsky  (3852): [2] kit.b(7): Selecting account [u73sH3m5dcHCe8g_JpWBnWGMNN5GK5epST6fpocFGz0] for package com.pluscubed.matlog. overriding=[true]
05-19 21:36:04.644 I/Finsky  (3852): [470] otx.run(16): Wrote row to frosting DB: 814
05-19 21:36:04.649 I/Finsky  (3852): [2] kit.b(7): Selecting account [u73sH3m5dcHCe8g_JpWBnWGMNN5GK5epST6fpocFGz0] for package com.pluscubed.matlog. overriding=[true]
05-19 21:36:04.653 D/ApplicationLoaders(12902): Returning zygote-cached class loader: /system/framework/android.test.base.jar
05-19 21:36:04.661 W/luscubed.matlo(12902): JIT profile information will not be recorded: profile file does not exist.
05-19 21:36:04.662 V/chatty  (12902): uid=10277(com.pluscubed.matlog) identical 7 lines
05-19 21:36:04.662 W/luscubed.matlo(12902): JIT profile information will not be recorded: profile file does not exist.
05-19 21:36:04.670 D/NetworkSecurityConfig(12902): No Network Security Config specified, using platform default
05-19 21:36:04.670 D/NetworkSecurityConfig(12902): No Network Security Config specified, using platform default
05-19 21:36:04.692 D/FirebaseApp(12902): com.google.firebase.auth.FirebaseAuth is not linked. Skipping initialization.
05-19 21:36:04.692 D/FirebaseApp(12902): com.google.firebase.crash.FirebaseCrash is not linked. Skipping initialization.
05-19 21:36:04.692 I/FirebaseInitProvider(12902): FirebaseApp initialization successful
05-19 21:36:04.708 I/SharedPreferenc(12902): type=1400 audit(0.0:11454): avc: denied { write } for name="tasks" dev="cgroup" ino=5 scontext=u:r:untrusted_app_27:s0:c21,c257,c512,c768 tcontext=u:object_r:cgroup:s0 tclass=file permissive=1 app=com.pluscubed.matlog
05-19 21:36:04.708 I/SharedPreferenc(12902): type=1400 audit(0.0:11455): avc: denied { open } for path="/dev/blkio/tasks" dev="cgroup" ino=5 scontext=u:r:untrusted_app_27:s0:c21,c257,c512,c768 tcontext=u:object_r:cgroup:s0 tclass=file permissive=1 app=com.pluscubed.matlog
05-19 21:36:04.726 I/CrashlyticsCore(12902): Initializing Crashlytics 2.6.4.27
05-19 21:36:04.729 I/FA      (12902): App measurement is starting up, version: 14700
05-19 21:36:04.729 I/FA      (12902): To enable debug logging run: adb shell setprop log.tag.FA VERBOSE
05-19 21:36:04.729 I/FA      (12902): To enable faster debug mode event logging run:
05-19 21:36:04.729 I/FA      (12902):   adb shell setprop debug.firebase.analytics.app com.pluscubed.matlog
05-19 21:36:04.744 E/vndksupport(12902): Could not load vulkan.adreno.so from sphal namespace: dlopen failed: library "vulkan.adreno.so" not found.
05-19 21:36:04.744 D/CompatibilityChangeReporter(1452): Compat change id reported: 136274596; UID 10277; state: DISABLED
05-19 21:36:04.748 I/RenderThread(12902): type=1400 audit(0.0:11456): avc: denied { open } for path="/dev/__properties__/u:object_r:adbd_prop:s0" dev="tmpfs" ino=19496 scontext=u:r:untrusted_app_27:s0:c21,c257,c512,c768 tcontext=u:object_r:adbd_prop:s0 tclass=file permissive=1 app=com.pluscubed.matlog
05-19 21:36:04.748 I/RenderThread(12902): type=1400 audit(0.0:11457): avc: denied { getattr } for path="/dev/__properties__/u:object_r:adbd_prop:s0" dev="tmpfs" ino=19496 scontext=u:r:untrusted_app_27:s0:c21,c257,c512,c768 tcontext=u:object_r:adbd_prop:s0 tclass=file permissive=1 app=com.pluscubed.matlog
05-19 21:36:04.752 I/TetheringManager(12902): registerTetheringEventCallback:com.pluscubed.matlog
05-19 21:36:04.769 I/AdrenoVK-0(12902): ===== BEGIN DUMP OF OVERRIDDEN SETTINGS =====
05-19 21:36:04.769 I/AdrenoVK-0(12902): ===== END DUMP OF OVERRIDDEN SETTINGS =====
05-19 21:36:04.769 I/AdrenoVK-0(12902): QUALCOMM build          : 02fe52e, Ie73904e3bd
05-19 21:36:04.769 I/AdrenoVK-0(12902): Build Date              : 06/27/20
05-19 21:36:04.769 I/AdrenoVK-0(12902): Shader Compiler Version : EV031.31.04.00
05-19 21:36:04.769 I/AdrenoVK-0(12902): Local Branch            : gfx-adreno.lnx.2.0
05-19 21:36:04.769 I/AdrenoVK-0(12902): Remote Branch           : quic/gfx-adreno.lnx.2.0
05-19 21:36:04.769 I/AdrenoVK-0(12902): Remote Branch           : NONE
05-19 21:36:04.769 I/AdrenoVK-0(12902): Reconstruct Branch      : NOTHING
05-19 21:36:04.769 I/AdrenoVK-0(12902): Build Config            : S L 10.0.5 AArch64
05-19 21:36:04.769 I/AdrenoVK-0(12902): Driver Path             : /vendor/lib64/hw/vulkan.sdm660.so
05-19 21:36:04.773 I/vendor.qti.bluetooth@1.0-ibs_handler(843): DeviceSleep: TX Awake, Sending SLEEP_IND
05-19 21:36:04.773 D/vendor.qti.bluetooth@1.0-ibs_handler(843): SerialClockVote: vote for UART CLK OFF
05-19 21:36:04.787 I/AdrenoVK-0(12902): QUALCOMM build          : 02fe52e, Ie73904e3bd
05-19 21:36:04.787 I/AdrenoVK-0(12902): Build Date              : 06/27/20
05-19 21:36:04.787 I/AdrenoVK-0(12902): Shader Compiler Version : EV031.31.04.00
05-19 21:36:04.787 I/AdrenoVK-0(12902): Local Branch            : gfx-adreno.lnx.2.0
05-19 21:36:04.787 I/AdrenoVK-0(12902): Remote Branch           : quic/gfx-adreno.lnx.2.0
05-19 21:36:04.787 I/AdrenoVK-0(12902): Remote Branch           : NONE
05-19 21:36:04.787 I/AdrenoVK-0(12902): Reconstruct Branch      : NOTHING
05-19 21:36:04.787 I/AdrenoVK-0(12902): Build Config            : S L 10.0.5 AArch64
05-19 21:36:04.787 I/AdrenoVK-0(12902): Driver Path             : /vendor/lib64/hw/vulkan.sdm660.so
05-19 21:36:04.819 D/CompatibilityChangeReporter(1452): Compat change id reported: 149924527; UID 10277; state: ENABLED
05-19 21:36:04.821 D/CompatibilityChangeReporter(1452): Compat change id reported: 132649864; UID 10277; state: DISABLED
05-19 21:36:04.881 W/ServiceManager(904): Permission failure: android.permission.ACCESS_SURFACE_FLINGER from uid=10277 pid=12902
05-19 21:36:04.881 D/PermissionCache(904): checking android.permission.ACCESS_SURFACE_FLINGER for uid=10277 => denied (406 us)
05-19 21:36:04.891 I/Gralloc4(12902): mapper 4.x is not supported
05-19 21:36:04.892 W/Gralloc3(12902): mapper 3.x is not supported
05-19 21:36:04.924 D/vendor.qti.bluetooth@1.0-wake_lock(843): Release wakelock is released 
05-19 21:36:04.986 D/AndroidRuntime(16425): >>>>>> START com.android.internal.os.RuntimeInit uid 0 <<<<<<
05-19 21:36:04.990 I/AndroidRuntime(16425): Using default boot image
05-19 21:36:04.990 I/AndroidRuntime(16425): Leaving lock profiling enabled
05-19 21:36:04.993 I/ActivityTaskManager(1452): Displayed com.pluscubed.matlog/com.pluscubed.logcat.ui.LogcatActivity: +402ms
05-19 21:36:04.994 I/app_process(16425): Core platform API reporting enabled, enforcing=false
05-19 21:36:05.014 W/luscubed.matlo(12902): Long monitor contention with owner Queue (16399) at io.fabric.sdk.android.services.common.AdvertisingInfo io.fabric.sdk.android.services.common.IdManager.getAdvertisingInfo()(IdManager.java:396) waiters=0 in io.fabric.sdk.android.services.common.AdvertisingInfo io.fabric.sdk.android.services.common.IdManager.getAdvertisingInfo() for 293ms
05-19 21:36:05.045 E/Fabric  (12902): Settings request failed.
05-19 21:36:05.049 E/Answers (12902): Failed to retrieve settings
05-19 21:36:05.061 W/CrashlyticsCore(12902): Received null settings, skipping report submission!
05-19 21:36:05.088 D/CompatibilityChangeReporter(12902): Compat change id reported: 147798919; UID 10277; state: DISABLED
05-19 21:36:05.112 D/app_process(16425): Time zone APEX ICU file found: /apex/com.android.tzdata/etc/icu/icu_tzdata.dat
05-19 21:36:05.112 D/app_process(16425): I18n APEX ICU file found: /apex/com.android.i18n/etc/icu/icudt66l.dat
05-19 21:36:05.128 I/app_process(16425): The ClassLoaderContext is a special shared library.
05-19 21:36:05.160 W/app_process(16425): JNI RegisterNativeMethods: attempt to register 0 native methods for android.media.AudioAttributes
05-19 21:36:05.169 D/AndroidRuntime(16425): Calling main entry com.android.commands.am.Am
05-19 21:36:05.181 I/ActivityTaskManager(1452): START u0 {act=android.intent.action.VIEW flg=0x18000020 pkg=com.topjohnwu.magisk cmp=com.topjohnwu.magisk/.ui.surequest.SuRequestActivity (has extras)} from uid 0
05-19 21:36:05.188 D/android.hardware.power@1.3-service.xiaomi_sdm660-libperfmgr(856): LAUNCH: 1
05-19 21:36:05.196 D/AndroidRuntime(16425): Shutting down VM
05-19 21:36:05.206 W/ActivityTaskManager(1452): Tried to set launchTime (0) < mLastActivityLaunchTime (1786622)
05-19 21:36:05.231 I/AppCompatDelegate(12901): The Activity's LayoutInflater already has a Factory installed so we can not install AppCompat's
05-19 21:36:05.277 I/ActivityTaskManager(1452): Displayed com.topjohnwu.magisk/.ui.surequest.SuRequestActivity: +90ms
05-19 21:36:05.283 D/android.hardware.power@1.3-service.xiaomi_sdm660-libperfmgr(856): LAUNCH: 0
05-19 21:36:05.296 W/ProxyAndroidLoggerBackend(3852): Too many Flogger logs received before configuration. Dropping old logs.
05-19 21:36:05.307 V/MediaPlayer(3852): resetDrmState:  mDrmInfo=null mDrmProvisioningThread=null mPrepareDrmInProgress=false mActiveDrmScheme=false
05-19 21:36:05.307 V/MediaPlayer(3852): cleanDrmObj: mDrmObj=null mDrmSessionId=null
05-19 21:36:05.326 I/Finsky  (3852): [2] ukz.onTrimMemory(1): Memory trim requested to level 20
05-19 21:36:05.326 I/Finsky  (3852): [2] ukz.onTrimMemory(2): Flushing in-memory image cache
05-19 21:36:05.326 W/ProxyAndroidLoggerBackend(3852): Too many Flogger logs received before configuration. Dropping old logs.
05-19 21:36:05.611 I/AdrenoVK-0(1452): QUALCOMM build          : 02fe52e, Ie73904e3bd
05-19 21:36:05.611 I/AdrenoVK-0(1452): Build Date              : 06/27/20
05-19 21:36:05.611 I/AdrenoVK-0(1452): Shader Compiler Version : EV031.31.04.00
05-19 21:36:05.611 I/AdrenoVK-0(1452): Local Branch            : gfx-adreno.lnx.2.0
05-19 21:36:05.611 I/AdrenoVK-0(1452): Remote Branch           : quic/gfx-adreno.lnx.2.0
05-19 21:36:05.611 I/AdrenoVK-0(1452): Remote Branch           : NONE
05-19 21:36:05.611 I/AdrenoVK-0(1452): Reconstruct Branch      : NOTHING
05-19 21:36:05.611 I/AdrenoVK-0(1452): Build Config            : S L 10.0.5 AArch64
05-19 21:36:05.611 I/AdrenoVK-0(1452): Driver Path             : /vendor/lib64/hw/vulkan.sdm660.so
05-19 21:36:05.797 W/luscubed.matlo(12902): Long monitor contention with owner Measurement Worker (16397) at com.google.firebase.iid.zzz com.google.firebase.iid.zzaw.zzg(java.lang.String)(:55) waiters=0 in com.google.firebase.iid.zzax com.google.firebase.iid.zzaw.zzb(java.lang.String, java.lang.String, java.lang.String) for 1.040s
05-19 21:36:05.811 D/BoundBrokerSvc(7277): onBind: Intent { act=com.google.android.gms.measurement.START pkg=com.google.android.gms }
05-19 21:36:05.812 D/BoundBrokerSvc(7277): Loading bound service for intent: Intent { act=com.google.android.gms.measurement.START pkg=com.google.android.gms }
05-19 21:36:05.820 I/FA      (12902): Tag Manager is not found and thus will not be used
05-19 21:36:05.972 E/NetworkScheduler.ATC(3169): Called cancelTask for already completed task com.google.android.gms/.measurement.PackageMeasurementTaskService{u=0 tag="Measurement.PackageMeasurementTaskService.UPLOAD_TASK_TAG" trigger=window{start=0s,end=1s,earliest=-203s,latest=-202s} requirements=[NET_CONNECTED] attributes=[PERSISTED] scheduled=-203s last_run=-203s exec_window_multiplier=1.0000 jid=N/A status=ACTIVE retries=0 client_lib=GMS_TASK_SCHEDULER-211515000} :1 [CONTEXT service_id=218 ]
05-19 21:36:05.983 E/NetworkScheduler.ATC(3169): Called cancelTask for already completed task com.google.android.gms/.measurement.PackageMeasurementTaskService{u=0 tag="Measurement.PackageMeasurementTaskService.UPLOAD_TASK_TAG" trigger=window{start=0s,end=1s,earliest=-203s,latest=-202s} requirements=[NET_CONNECTED] attributes=[PERSISTED] scheduled=-203s last_run=-203s exec_window_multiplier=1.0000 jid=N/A status=ACTIVE retries=0 client_lib=GMS_TASK_SCHEDULER-211515000} :1 [CONTEXT service_id=218 ]
05-19 21:36:06.011 E/NetworkScheduler.ATC(3169): Called cancelTask for already completed task com.google.android.gms/.measurement.PackageMeasurementTaskService{u=0 tag="Measurement.PackageMeasurementTaskService.UPLOAD_TASK_TAG" trigger=window{start=0s,end=1s,earliest=-203s,latest=-202s} requirements=[NET_CONNECTED] attributes=[PERSISTED] scheduled=-203s last_run=-203s exec_window_multiplier=1.0000 jid=N/A status=ACTIVE retries=0 client_lib=GMS_TASK_SCHEDULER-211515000} :1 [CONTEXT service_id=218 ]
05-19 21:36:06.021 I/Finsky  (3852): [243] ajmo.a(6): Package com.google.android.gms is verified.
05-19 21:36:06.049 E/NetworkScheduler.ATC(3169): Called cancelTask for already completed task com.google.android.gms/.measurement.PackageMeasurementTaskService{u=0 tag="Measurement.PackageMeasurementTaskService.UPLOAD_TASK_TAG" trigger=window{start=0s,end=1s,earliest=-203s,latest=-202s} requirements=[NET_CONNECTED] attributes=[PERSISTED] scheduled=-203s last_run=-203s exec_window_multiplier=1.0000 jid=N/A status=ACTIVE retries=0 client_lib=GMS_TASK_SCHEDULER-211515000} :1 [CONTEXT service_id=218 ]
05-19 21:36:06.093 E/NetworkScheduler.ATC(3169): Called cancelTask for already completed task com.google.android.gms/.measurement.PackageMeasurementTaskService{u=0 tag="Measurement.PackageMeasurementTaskService.UPLOAD_TASK_TAG" trigger=window{start=0s,end=1s,earliest=-203s,latest=-202s} requirements=[NET_CONNECTED] attributes=[PERSISTED] scheduled=-203s last_run=-203s exec_window_multiplier=1.0000 jid=N/A status=ACTIVE retries=0 client_lib=GMS_TASK_SCHEDULER-211515000} :1 [CONTEXT service_id=218 ]
05-19 21:36:06.228 I/FrameworkReceiv(2850): type=1400 audit(0.0:11811): avc: denied { call } for scontext=u:r:radio:s0 tcontext=u:r:cnd:s0 tclass=binder permissive=1
05-19 21:36:06.237 D/QCNEJ/WlanStaInfoRelay(2850): Received action: android.net.wifi.RSSI_CHANGED
05-19 21:36:06.237 I/QCNEJ/NativeHalConnector(2850): -> SND notifyWlanStaStatusChanged([WlanStaInfo]: wifiSwitchState = 1 rssi = -63 ssid = SHAIK bssid = 90:8d:78:f7:47:c1 dnsInfo = 103.15.63.4;8.8.8.8;0.0.0.0;0.0.0.0; freqBand = _2GHz countryCode = in[RatInfo]: networkType = 1 subType = 101 networkState = CONNECTED netHdl = 437197393933 ipAddrV4 = 192.168.0.8 ipAddrV6 =  ifNameV4 = wlan0 ifNameV6 =  slotIdx = 0 isAndroidValidated = true) timeStamp = 2021-05-19 21:36:06.237
05-19 21:36:06.822 W/ActivityManager(1452): Unable to start service Intent { act=com.google.firebase.MESSAGING_EVENT pkg=com.pluscubed.matlog } U=0: not found
05-19 21:36:06.823 E/EnhancedIntentService(12902): binding to the service failed
05-19 21:36:07.192 D/CompatibilityChangeReporter(12901): Compat change id reported: 147798919; UID 10237; state: ENABLED
05-19 21:36:08.612 W/NotificationService(1452): Toast already killed. pkg=com.pluscubed.matlog token=android.os.BinderProxy@285280b
05-19 21:36:08.859 D/vendor.qti.bluetooth@1.0-ibs_handler(843): SerialClockVote: vote for UART CLK ON
05-19 21:36:08.860 D/vendor.qti.bluetooth@1.0-wake_lock(843): Acquire wakelock is acquired 
05-19 21:36:08.860 I/vendor.qti.bluetooth@1.0-ibs_handler(843): DeviceWakeUp: Writing IBS_WAKE_IND
05-19 21:36:08.861 I/vendor.qti.bluetooth@1.0-ibs_handler(843): ProcessIbsCmd: Received IBS_WAKE_ACK: 0xFC
05-19 21:36:08.861 I/vendor.qti.bluetooth@1.0-ibs_handler(843): ProcessIbsCmd: Received IBS_WAKE_IND: 0xFD
05-19 21:36:08.861 I/vendor.qti.bluetooth@1.0-ibs_handler(843): ProcessIbsCmd: Writing IBS_WAKE_ACK
05-19 21:36:08.905 I/vendor.qti.bluetooth@1.0-ibs_handler(843): ProcessIbsCmd: Received IBS_SLEEP_IND: 0xFE
05-19 21:36:09.379 D/WifiSarManager(1452): EarPiece active = false
05-19 21:36:09.787 D/ThermalEngine(1115): sensor_wait: quiet_therm Wait done.
05-19 21:36:09.788 D/ThermalEngine(1115): sensor_monitor: quiet_therm Reading 45000 .
05-19 21:36:09.788 I/ThermalEngine(1115): Sensor:quiet_therm:45000 mC
05-19 21:36:09.788 D/ThermalEngine(1115): update_active_thresh: quiet_therm Active(1), Hi(1) 55000, Lo(0) -2147483648, desc(0) Interval(0) -1
05-19 21:36:09.788 D/ThermalEngine(1115): sensor_monitor: quiet_therm Sensor wait.
05-19 21:36:09.788 D/ThermalEngine(1115): sensor_wait: quiet_therm Wait start. 10000ms
05-19 21:36:09.861 I/vendor.qti.bluetooth@1.0-ibs_handler(843): DeviceSleep: TX Awake, Sending SLEEP_IND
05-19 21:36:09.861 D/vendor.qti.bluetooth@1.0-ibs_handler(843): SerialClockVote: vote for UART CLK OFF
05-19 21:36:10.011 D/vendor.qti.bluetooth@1.0-wake_lock(843): Release wakelock is released 
05-19 21:36:10.148 I/NodeLooperThrea(856): type=1400 audit(0.0:11812): avc: denied { search } for name="devfreq" dev="sysfs" ino=41574 scontext=u:r:hal_power_default:s0 tcontext=u:object_r:sysfs_devfreq:s0 tclass=dir permissive=1
05-19 21:36:10.629 W/NotificationService(1452): Toast already killed. pkg=com.topjohnwu.magisk token=android.os.BinderProxy@9a318a9
05-19 21:36:11.524 D/PipTaskOrganizer(2517): Ignored onTaskInfoChanged with PiP param: android.app.PictureInPictureParams@d69f9d
05-19 21:36:12.119 W/WindowManager(1452): Unable to start animation, surface is null or no children.
05-19 21:36:12.186 W/ProxyAndroidLoggerBackend(3852): Too many Flogger logs received before configuration. Dropping old logs.
05-19 21:36:12.186 W/ProxyAndroidLoggerBackend(3852): Too many Flogger logs received before configuration. Dropping old logs.
05-19 21:36:12.187 I/android.vendin(3852): oneway function results will be dropped but finished with status UNKNOWN_TRANSACTION and parcel size 0
05-19 21:36:12.195 I/Finsky:download_service(16271): [2] sxn.onDestroy(8): IPC-SERVER: Stopping gRPC host service...
05-19 21:36:12.256 D/QCNEJ/WlanStaInfoRelay(2850): Received action: android.net.wifi.RSSI_CHANGED
05-19 21:36:12.256 I/QCNEJ/NativeHalConnector(2850): -> SND notifyWlanStaStatusChanged([WlanStaInfo]: wifiSwitchState = 1 rssi = -55 ssid = SHAIK bssid = 90:8d:78:f7:47:c1 dnsInfo = 103.15.63.4;8.8.8.8;0.0.0.0;0.0.0.0; freqBand = _2GHz countryCode = in[RatInfo]: networkType = 1 subType = 101 networkState = CONNECTED netHdl = 437197393933 ipAddrV4 = 192.168.0.8 ipAddrV6 =  ifNameV4 = wlan0 ifNameV6 =  slotIdx = 0 isAndroidValidated = true) timeStamp = 2021-05-19 21:36:12.256
05-19 21:36:12.644 W/NotificationService(1452): Toast already killed. pkg=com.topjohnwu.magisk token=android.os.BinderProxy@3d57ede
05-19 21:36:13.108 D/OpenGLRenderer(12901): endAllActiveAnimators on 0x7df8468df0 (RippleDrawable) with handle 0x7d183ff430
05-19 21:36:13.131 D/PipTaskOrganizer(2517): Ignored onTaskInfoChanged with PiP param: android.app.PictureInPictureParams@ca2a7d3
05-19 21:36:13.171 D/AndroidRuntime(16458): >>>>>> START com.android.internal.os.RuntimeInit uid 0 <<<<<<
05-19 21:36:13.175 I/AndroidRuntime(16458): Using default boot image
05-19 21:36:13.175 I/AndroidRuntime(16458): Leaving lock profiling enabled
05-19 21:36:13.179 I/app_process(16458): Core platform API reporting enabled, enforcing=false
05-19 21:36:13.236 I/imagefw_android(844): detect		detect		hunter		M_Detect_Hunter_SmallFace_Gray_5_7_0_model
05-19 21:36:13.236 I/imagefw_android(844): detect		align		deep		M_Align_Deepface_106_track_2_9_0_model
05-19 21:36:13.236 I/imagefw_android(844): detect		align		deep		M_Align_Deepface_21_track_2_3_0_model
05-19 21:36:13.236 I/imagefw_android(844): track		detect		hunter		M_Detect_Hunter_SmallFace_Gray_5_7_0_model
05-19 21:36:13.236 I/imagefw_android(844): track		align		deep		M_Align_Deepface_21_track_2_3_0_model
05-19 21:36:13.292 I/Camera3-Device(1138): disconnectImpl: E
05-19 21:36:13.292 I/CameraLatencyHistogram(1138): ProcessCaptureRequest latency histogram (1294) samples:
05-19 21:36:13.292 I/CameraLatencyHistogram(1138):        40     80    120    160    200    240    280    320    360    inf (max ms)
05-19 21:36:13.292 I/CameraLatencyHistogram(1138):      0.77   99.07   0.15   0.00   0.00   0.00   0.00   0.00   0.00   0.00 (%)
05-19 21:36:13.296 D/app_process(16458): Time zone APEX ICU file found: /apex/com.android.tzdata/etc/icu/icu_tzdata.dat
05-19 21:36:13.296 D/app_process(16458): I18n APEX ICU file found: /apex/com.android.i18n/etc/icu/icudt66l.dat
05-19 21:36:13.313 I/app_process(16458): The ClassLoaderContext is a special shared library.
05-19 21:36:13.319 D/QCameraQuadraCfa(844): img_algo_shutdown:161 : E
05-19 21:36:13.319 D/QCameraQuadraCfa(844): img_algo_shutdown:186 : X
05-19 21:36:13.323 I/CameraProviderManager(1138): Camera device device@1.0/legacy/1 torch status is now AVAILABLE_OFF
05-19 21:36:13.323 I/CameraService(1138): onTorchStatusChangedLocked: Torch status changed for cameraId=1, newStatus=1
05-19 21:36:13.323 I/CameraProviderManager(1138): Camera device device@3.3/legacy/1 torch status is now AVAILABLE_OFF
05-19 21:36:13.323 I/CameraService(1138): onTorchStatusChangedLocked: Torch status changed for cameraId=1, newStatus=1
05-19 21:36:13.325 I/CameraLatencyHistogram(1138): Stream 0 dequeueBuffer latency histogram (1294) samples:
05-19 21:36:13.325 I/CameraLatencyHistogram(1138):         5     10     15     20     25     30     35     40     45    inf (max ms)
05-19 21:36:13.325 I/CameraLatencyHistogram(1138):      99.92   0.08   0.00   0.00   0.00   0.00   0.00   0.00   0.00   0.00 (%)
05-19 21:36:13.326 I/CameraLatencyHistogram(1138): Stream 1 dequeueBuffer latency histogram (1294) samples:
05-19 21:36:13.326 I/CameraLatencyHistogram(1138):         5     10     15     20     25     30     35     40     45    inf (max ms)
05-19 21:36:13.326 I/CameraLatencyHistogram(1138):      99.69   0.31   0.00   0.00   0.00   0.00   0.00   0.00   0.00   0.00 (%)
05-19 21:36:13.326 I/Camera3-Device(1138): disconnectImpl: X
05-19 21:36:13.328 I/CameraService(1138): disconnect: Disconnected client for camera 1 for PID 9210
05-19 21:36:13.332 D/AndroidRuntime(16466): >>>>>> START com.android.internal.os.RuntimeInit uid 0 <<<<<<
05-19 21:36:13.336 I/AndroidRuntime(16466): Using default boot image
05-19 21:36:13.336 I/AndroidRuntime(16466): Leaving lock profiling enabled
05-19 21:36:13.339 W/app_process(16458): JNI RegisterNativeMethods: attempt to register 0 native methods for android.media.AudioAttributes
05-19 21:36:13.340 I/app_process(16466): Core platform API reporting enabled, enforcing=false
05-19 21:36:13.350 D/AndroidRuntime(16458): Calling main entry com.android.commands.content.Content
05-19 21:36:13.378 D/AndroidRuntime(16458): Shutting down VM
05-19 21:36:13.467 D/app_process(16466): Time zone APEX ICU file found: /apex/com.android.tzdata/etc/icu/icu_tzdata.dat
05-19 21:36:13.467 D/app_process(16466): I18n APEX ICU file found: /apex/com.android.i18n/etc/icu/icudt66l.dat
05-19 21:36:13.479 I/app_process(16466): The ClassLoaderContext is a special shared library.
05-19 21:36:13.497 D/AndroidRuntime(16513): >>>>>> START com.android.internal.os.RuntimeInit uid 0 <<<<<<
05-19 21:36:13.501 I/AndroidRuntime(16513): Using default boot image
05-19 21:36:13.501 I/AndroidRuntime(16513): Leaving lock profiling enabled
05-19 21:36:13.503 W/app_process(16466): JNI RegisterNativeMethods: attempt to register 0 native methods for android.media.AudioAttributes
05-19 21:36:13.505 I/app_process(16513): Core platform API reporting enabled, enforcing=false
05-19 21:36:13.514 D/AndroidRuntime(16466): Calling main entry com.android.commands.content.Content
05-19 21:36:13.530 D/AndroidRuntime(16466): Shutting down VM
05-19 21:36:13.617 D/app_process(16513): Time zone APEX ICU file found: /apex/com.android.tzdata/etc/icu/icu_tzdata.dat
05-19 21:36:13.617 D/app_process(16513): I18n APEX ICU file found: /apex/com.android.i18n/etc/icu/icudt66l.dat
05-19 21:36:13.628 I/app_process(16513): The ClassLoaderContext is a special shared library.
05-19 21:36:13.653 W/app_process(16513): JNI RegisterNativeMethods: attempt to register 0 native methods for android.media.AudioAttributes
05-19 21:36:13.663 D/AndroidRuntime(16513): Calling main entry com.android.commands.content.Content
05-19 21:36:13.674 D/AndroidRuntime(16513): Shutting down VM
05-19 21:36:13.849 D/vendor.qti.bluetooth@1.0-ibs_handler(843): SerialClockVote: vote for UART CLK ON
05-19 21:36:13.850 D/vendor.qti.bluetooth@1.0-wake_lock(843): Acquire wakelock is acquired 
05-19 21:36:13.850 I/vendor.qti.bluetooth@1.0-ibs_handler(843): DeviceWakeUp: Writing IBS_WAKE_IND
05-19 21:36:13.854 I/vendor.qti.bluetooth@1.0-ibs_handler(843): ProcessIbsCmd: Received IBS_WAKE_ACK: 0xFC
05-19 21:36:13.855 I/vendor.qti.bluetooth@1.0-ibs_handler(843): ProcessIbsCmd: Received IBS_WAKE_IND: 0xFD
05-19 21:36:13.855 I/vendor.qti.bluetooth@1.0-ibs_handler(843): ProcessIbsCmd: Writing IBS_WAKE_ACK
05-19 21:36:13.896 I/vendor.qti.bluetooth@1.0-ibs_handler(843): ProcessIbsCmd: Received IBS_SLEEP_IND: 0xFE
05-19 21:36:14.141 W/WindowManager(1452): Unable to start animation, surface is null or no children.
05-19 21:36:14.381 D/WifiSarManager(1452): EarPiece active = false
05-19 21:36:14.598 I/NodeLooperThrea(856): type=1400 audit(0.0:11813): avc: denied { search } for name="devfreq" dev="sysfs" ino=41574 scontext=u:r:hal_power_default:s0 tcontext=u:object_r:sysfs_devfreq:s0 tclass=dir permissive=1
05-19 21:36:14.598 I/NodeLooperThrea(856): type=1400 audit(0.0:11814): avc: denied { write } for name="hyst_trigger_count" dev="sysfs" ino=56737 scontext=u:r:hal_power_default:s0 tcontext=u:object_r:sysfs_devfreq:s0 tclass=file permissive=1
05-19 21:36:14.598 I/NodeLooperThrea(856): type=1400 audit(0.0:11815): avc: denied { open } for path="/sys/devices/soc/soc:qcom,cpubw/devfreq/soc:qcom,cpubw/bw_hwmon/hyst_trigger_count" dev="sysfs" ino=56737 scontext=u:r:hal_power_default:s0 tcontext=u:object_r:sysfs_devfreq:s0 tclass=file permissive=1
05-19 21:36:14.646 I/Finsky  (3852): [57] ysn.j(1): Triggered update for experiment package com.google.android.finsky.stable.
05-19 21:36:14.646 W/NotificationService(1452): Toast already killed. pkg=com.topjohnwu.magisk token=android.os.BinderProxy@52fd87c
05-19 21:36:14.711 W/ProxyAndroidLoggerBackend(3852): Too many Flogger logs received before configuration. Dropping old logs.
05-19 21:36:14.730 I/Finsky  (3852): [2] abwt.b(5): SCH: Jobs in database: 1-1337 2-48879 3-7 12-1 16-16161616 20-23232323 26-1414141414 34-3 34-4 34-5 
05-19 21:36:14.730 W/ProxyAndroidLoggerBackend(3852): Too many Flogger logs received before configuration. Dropping old logs.
05-19 21:36:14.732 I/Finsky  (3852): [2] abvf.d(37): SCH: ConstraintMapping: 1-1337, 12-1, 34-4,  -> L: 3205ms, D: 76394154ms, C: false, I: false, N: 1
05-19 21:36:14.732 I/Finsky  (3852): [2] abvf.d(37): SCH: ConstraintMapping: 20-23232323,  -> L: 0ms, D: 80039041ms, C: true, I: false, N: 2
05-19 21:36:14.733 I/Finsky  (3852): [2] abvf.d(37): SCH: ConstraintMapping: 34-3, 34-5,  -> L: 4650260ms, D: 1300650260ms, C: false, I: true, N: 2
05-19 21:36:14.733 I/Finsky  (3852): [2] abvf.d(37): SCH: ConstraintMapping: 2-48879, 3-7, 34-3, 34-5,  -> L: 0ms, D: 83606330ms, C: true, I: true, N: 2
05-19 21:36:14.733 I/Finsky  (3852): [2] abvf.d(37): SCH: ConstraintMapping: 16-16161616, 26-1414141414,  -> L: 59913ms, D: 59913ms, C: false, I: false, N: 0
05-19 21:36:14.760 W/ProxyAndroidLoggerBackend(3852): Too many Flogger logs received before configuration. Dropping old logs.
05-19 21:36:14.760 W/ProxyAndroidLoggerBackend(3852): Too many Flogger logs received before configuration. Dropping old logs.
05-19 21:36:14.764 I/Finsky  (3852): [57] ysn.j(7): Already at the latest configurations for experiment package com.google.android.finsky.stable.
05-19 21:36:14.765 I/Finsky  (3852): [57] ysk.u(2): Retrieved DSE selection state is true (cache=ysf@dfaa2f)
05-19 21:36:14.765 I/Finsky  (3852): [57] ysv.a(30): DSE selection state after sync is true (cache=ysf@dfaa2f)
05-19 21:36:14.766 I/Finsky  (3852): [56] ysn.j(1): Triggered update for experiment package com.google.android.finsky.regular.
05-19 21:36:14.768 I/Finsky  (3852): [2] abvf.f(7): SCH: Cancelling existing jobscheduler jobs: 9009 9007 9006 9008 9000 
05-19 21:36:14.768 I/Finsky  (3852): [2] abvf.e(8): SCH: Throttling wakeup for job 9001 (expected to run in 3205 ms) due to recent wakeup
05-19 21:36:14.769 I/Finsky  (3852): [2] abvf.e(23): SCH: Scheduling job Id: 9001, L: 30000, D: 76394154, C: false, I: false, N: 1
05-19 21:36:14.780 I/Finsky  (3852): [2] abvf.e(8): SCH: Throttling wakeup for job 9002 (expected to run in 0 ms) due to recent wakeup
05-19 21:36:14.781 I/Finsky  (3852): [2] abvf.e(23): SCH: Scheduling job Id: 9002, L: 30000, D: 80039041, C: true, I: false, N: 2
05-19 21:36:14.782 W/ProxyAndroidLoggerBackend(3852): Too many Flogger logs received before configuration. Dropping old logs.
05-19 21:36:14.782 I/Finsky  (3852): [2] abvf.e(23): SCH: Scheduling job Id: 9003, L: 4650260, D: 1300650260, C: false, I: true, N: 2
05-19 21:36:14.785 I/Finsky  (3852): [2] abvf.e(8): SCH: Throttling wakeup for job 9004 (expected to run in 0 ms) due to recent wakeup
05-19 21:36:14.786 I/Finsky  (3852): [2] abvf.e(23): SCH: Scheduling job Id: 9004, L: 30000, D: 83606330, C: true, I: true, N: 2
05-19 21:36:14.791 I/Finsky  (3852): [2] abvf.e(23): SCH: Scheduling job Id: 9005, L: 59913, D: 59913, C: false, I: false, N: 0
05-19 21:36:14.854 W/ProxyAndroidLoggerBackend(3852): Too many Flogger logs received before configuration. Dropping old logs.
05-19 21:36:14.854 W/ProxyAndroidLoggerBackend(3852): Too many Flogger logs received before configuration. Dropping old logs.
05-19 21:36:14.855 I/vendor.qti.bluetooth@1.0-ibs_handler(843): DeviceSleep: TX Awake, Sending SLEEP_IND
05-19 21:36:14.855 D/vendor.qti.bluetooth@1.0-ibs_handler(843): SerialClockVote: vote for UART CLK OFF
05-19 21:36:14.865 I/Finsky  (3852): [56] ysn.j(7): Already at the latest configurations for experiment package com.google.android.finsky.regular.
05-19 21:36:14.865 W/android.vendin(3852): Long monitor contention with owner bgExecutor #3 (4088) at int ysn.j()(PG:8) waiters=1 in int ysn.j() for 210ms
05-19 21:36:14.865 I/Finsky  (3852): [56] ysk.u(2): Retrieved DSE selection state is true (cache=ysf@dfaa2f)
05-19 21:36:14.865 I/Finsky  (3852): [56] ysv.a(30): DSE selection state after sync is true (cache=ysf@dfaa2f)
05-19 21:36:14.865 I/Finsky  (3852): [50] ysn.j(1): Triggered update for experiment package com.google.android.finsky.regular.
05-19 21:36:14.882 W/ProxyAndroidLoggerBackend(3852): Too many Flogger logs received before configuration. Dropping old logs.
05-19 21:36:14.956 V/chatty  (3852): uid=10194(com.android.vending) identical 1 line
05-19 21:36:14.958 W/ProxyAndroidLoggerBackend(3852): Too many Flogger logs received before configuration. Dropping old logs.
05-19 21:36:14.969 I/Finsky  (3852): [50] ysn.j(7): Already at the latest configurations for experiment package com.google.android.finsky.regular.
05-19 21:36:14.969 I/Finsky  (3852): [50] ysk.u(2): Retrieved DSE selection state is true (cache=ysf@dfaa2f)
05-19 21:36:14.969 I/Finsky  (3852): [50] ysv.a(30): DSE selection state after sync is true (cache=ysf@dfaa2f)
05-19 21:36:15.005 D/vendor.qti.bluetooth@1.0-wake_lock(843): Release wakelock is released 
05-19 21:36:15.983 E/NetworkScheduler.ATC(3169): Called cancelTask for already completed task com.google.android.gms/.measurement.PackageMeasurementTaskService{u=0 tag="Measurement.PackageMeasurementTaskService.UPLOAD_TASK_TAG" trigger=window{start=0s,end=1s,earliest=-213s,latest=-212s} requirements=[NET_CONNECTED] attributes=[PERSISTED] scheduled=-213s last_run=-213s exec_window_multiplier=1.0000 jid=N/A status=ACTIVE retries=0 client_lib=GMS_TASK_SCHEDULER-211515000} :1 [CONTEXT service_id=218 ]
05-19 21:36:16.155 W/WindowManager(1452): Unable to start animation, surface is null or no children.
05-19 21:36:16.196 E/NetworkScheduler.ATC(3169): Called cancelTask for already completed task com.google.android.gms/.measurement.PackageMeasurementTaskService{u=0 tag="Measurement.PackageMeasurementTaskService.UPLOAD_TASK_TAG" trigger=window{start=0s,end=1s,earliest=-214s,latest=-213s} requirements=[NET_CONNECTED] attributes=[PERSISTED] scheduled=-214s last_run=-214s exec_window_multiplier=1.0000 jid=N/A status=ACTIVE retries=0 client_lib=GMS_TASK_SCHEDULER-211515000} :1 [CONTEXT service_id=218 ]
05-19 21:36:16.537 E/NetworkScheduler.ATC(3169): Called cancelTask for already completed task com.google.android.gms/.measurement.PackageMeasurementTaskService{u=0 tag="Measurement.PackageMeasurementTaskService.UPLOAD_TASK_TAG" trigger=window{start=0s,end=1s,earliest=-214s,latest=-213s} requirements=[NET_CONNECTED] attributes=[PERSISTED] scheduled=-214s last_run=-214s exec_window_multiplier=1.0000 jid=N/A status=ACTIVE retries=0 client_lib=GMS_TASK_SCHEDULER-211515000} :1 [CONTEXT service_id=218 ]
05-19 21:36:16.569 E/NetworkScheduler.ATC(3169): Called cancelTask for already completed task com.google.android.gms/.measurement.PackageMeasurementTaskService{u=0 tag="Measurement.PackageMeasurementTaskService.UPLOAD_TASK_TAG" trigger=window{start=0s,end=1s,earliest=-214s,latest=-213s} requirements=[NET_CONNECTED] attributes=[PERSISTED] scheduled=-214s last_run=-214s exec_window_multiplier=1.0000 jid=N/A status=ACTIVE retries=0 client_lib=GMS_TASK_SCHEDULER-211515000} :1 [CONTEXT service_id=218 ]
05-19 21:36:16.665 W/NotificationService(1452): Toast already killed. pkg=com.topjohnwu.magisk token=android.os.BinderProxy@789da86
05-19 21:36:18.180 W/WindowManager(1452): Unable to start animation, surface is null or no children.
05-19 21:36:18.276 D/BoundBrokerSvc(7277): onUnbind: Intent { act=com.google.android.gms.feedback.internal.IFeedbackService cmp=com.google.android.gms/.chimera.GmsBoundBrokerService }
05-19 21:36:18.684 W/NotificationService(1452): Toast already killed. pkg=com.topjohnwu.magisk token=android.os.BinderProxy@ec3f136
05-19 21:36:18.754 W/System  (12901): A resource failed to call release. 
05-19 21:36:18.854 D/vendor.qti.bluetooth@1.0-ibs_handler(843): SerialClockVote: vote for UART CLK ON
05-19 21:36:18.856 D/vendor.qti.bluetooth@1.0-wake_lock(843): Acquire wakelock is acquired 
05-19 21:36:18.856 I/vendor.qti.bluetooth@1.0-ibs_handler(843): DeviceWakeUp: Writing IBS_WAKE_IND
05-19 21:36:18.860 I/vendor.qti.bluetooth@1.0-ibs_handler(843): ProcessIbsCmd: Received IBS_WAKE_ACK: 0xFC
05-19 21:36:18.861 I/vendor.qti.bluetooth@1.0-ibs_handler(843): ProcessIbsCmd: Received IBS_WAKE_IND: 0xFD
05-19 21:36:18.861 I/vendor.qti.bluetooth@1.0-ibs_handler(843): ProcessIbsCmd: Writing IBS_WAKE_ACK
05-19 21:36:18.902 I/vendor.qti.bluetooth@1.0-ibs_handler(843): ProcessIbsCmd: Received IBS_SLEEP_IND: 0xFE
05-19 21:36:19.383 D/WifiSarManager(1452): EarPiece active = false
05-19 21:36:19.606 W/WindowManager(1452): removeWindowToken: Attempted to remove non-existing token: android.os.Binder@34ebb31
05-19 21:36:19.789 D/ThermalEngine(1115): sensor_wait: quiet_therm Wait done.
05-19 21:36:19.791 D/ThermalEngine(1115): sensor_monitor: quiet_therm Reading 45000 .
05-19 21:36:19.791 I/ThermalEngine(1115): Sensor:quiet_therm:45000 mC
05-19 21:36:19.791 D/ThermalEngine(1115): update_active_thresh: quiet_therm Active(1), Hi(1) 55000, Lo(0) -2147483648, desc(0) Interval(0) -1
05-19 21:36:19.791 D/ThermalEngine(1115): sensor_monitor: quiet_therm Sensor wait.
05-19 21:36:19.791 D/ThermalEngine(1115): sensor_wait: quiet_therm Wait start. 10000ms
05-19 21:36:19.861 I/vendor.qti.bluetooth@1.0-ibs_handler(843): DeviceSleep: TX Awake, Sending SLEEP_IND
05-19 21:36:19.861 D/vendor.qti.bluetooth@1.0-ibs_handler(843): SerialClockVote: vote for UART CLK OFF
05-19 21:36:20.013 D/vendor.qti.bluetooth@1.0-wake_lock(843): Release wakelock is released 
05-19 21:36:20.180 W/WindowManager(1452): Unable to start animation, surface is null or no children.
05-19 21:36:20.399 D/BoundBrokerSvc(7277): onUnbind: Intent { act=com.google.android.mobstore.service.START pkg=com.google.android.gms }
05-19 21:36:20.707 W/NotificationService(1452): Toast already killed. pkg=com.topjohnwu.magisk token=android.os.BinderProxy@fd304c3
05-19 21:36:21.588 I/lowpool[136](7277): type=1400 audit(0.0:11816): avc: denied { call } for scontext=u:r:gmscore_app:s0:c512,c768 tcontext=u:r:hal_memtrack_default:s0 tclass=binder permissive=1 app=com.google.android.gms
05-19 21:36:21.617 W/WindowManager(1452): removeWindowToken: Attempted to remove non-existing token: android.os.Binder@9c5ddd0
05-19 21:36:22.202 W/WindowManager(1452): Unable to start animation, surface is null or no children.
05-19 21:36:22.939 E/NetworkScheduler.ATC(3169): Called cancelTask for already completed task com.google.android.gms/.measurement.PackageMeasurementTaskService{u=0 tag="Measurement.PackageMeasurementTaskService.UPLOAD_TASK_TAG" trigger=window{start=0s,end=1s,earliest=-220s,latest=-219s} requirements=[NET_CONNECTED] attributes=[PERSISTED] scheduled=-220s last_run=-220s exec_window_multiplier=1.0000 jid=N/A status=ACTIVE retries=0 client_lib=GMS_TASK_SCHEDULER-211515000} :1 [CONTEXT service_id=218 ]
05-19 21:36:23.630 W/WindowManager(1452): removeWindowToken: Attempted to remove non-existing token: android.os.Binder@313697e
05-19 21:36:23.860 D/vendor.qti.bluetooth@1.0-ibs_handler(843): SerialClockVote: vote for UART CLK ON
05-19 21:36:23.862 D/vendor.qti.bluetooth@1.0-wake_lock(843): Acquire wakelock is acquired 
05-19 21:36:23.863 I/vendor.qti.bluetooth@1.0-ibs_handler(843): DeviceWakeUp: Writing IBS_WAKE_IND
05-19 21:36:23.866 I/vendor.qti.bluetooth@1.0-ibs_handler(843): ProcessIbsCmd: Received IBS_WAKE_ACK: 0xFC
05-19 21:36:23.868 I/vendor.qti.bluetooth@1.0-ibs_handler(843): ProcessIbsCmd: Received IBS_WAKE_IND: 0xFD
05-19 21:36:23.868 I/vendor.qti.bluetooth@1.0-ibs_handler(843): ProcessIbsCmd: Writing IBS_WAKE_ACK
05-19 21:36:23.909 I/vendor.qti.bluetooth@1.0-ibs_handler(843): ProcessIbsCmd: Received IBS_SLEEP_IND: 0xFE
05-19 21:36:24.147 W/CCTFlatFileLogStore(3169): Excessive logging: 1 events, 156728 bytes from log source WESTWORLD last 0s
05-19 21:36:24.318 I/FrameworkReceiv(2850): type=1400 audit(0.0:11817): avc: denied { call } for scontext=u:r:radio:s0 tcontext=u:r:cnd:s0 tclass=binder permissive=1
05-19 21:36:24.324 D/QCNEJ/WlanStaInfoRelay(2850): Received action: android.net.wifi.RSSI_CHANGED
05-19 21:36:24.325 I/QCNEJ/NativeHalConnector(2850): -> SND notifyWlanStaStatusChanged([WlanStaInfo]: wifiSwitchState = 1 rssi = -57 ssid = SHAIK bssid = 90:8d:78:f7:47:c1 dnsInfo = 103.15.63.4;8.8.8.8;0.0.0.0;0.0.0.0; freqBand = _2GHz countryCode = in[RatInfo]: networkType = 1 subType = 101 networkState = CONNECTED netHdl = 437197393933 ipAddrV4 = 192.168.0.8 ipAddrV6 =  ifNameV4 = wlan0 ifNameV6 =  slotIdx = 0 isAndroidValidated = true) timeStamp = 2021-05-19 21:36:24.324
05-19 21:36:24.384 D/WifiSarManager(1452): EarPiece active = false
05-19 21:36:24.867 I/vendor.qti.bluetooth@1.0-ibs_handler(843): DeviceSleep: TX Awake, Sending SLEEP_IND
05-19 21:36:24.868 D/vendor.qti.bluetooth@1.0-ibs_handler(843): SerialClockVote: vote for UART CLK OFF
05-19 21:36:25.018 D/vendor.qti.bluetooth@1.0-wake_lock(843): Release wakelock is released 
05-19 21:36:25.639 W/WindowManager(1452): removeWindowToken: Attempted to remove non-existing token: android.os.Binder@cd43ead
05-19 21:36:26.215 D/vendor.qti.bluetooth@1.0-ibs_handler(843): SerialClockVote: vote for UART CLK ON
05-19 21:36:26.217 D/vendor.qti.bluetooth@1.0-wake_lock(843): Acquire wakelock is acquired 
05-19 21:36:26.217 I/vendor.qti.bluetooth@1.0-ibs_handler(843): DeviceWakeUp: Writing IBS_WAKE_IND
05-19 21:36:26.220 I/vendor.qti.bluetooth@1.0-ibs_handler(843): ProcessIbsCmd: Received IBS_WAKE_ACK: 0xFC
05-19 21:36:26.221 I/vendor.qti.bluetooth@1.0-ibs_handler(843): ProcessIbsCmd: Received IBS_WAKE_IND: 0xFD
05-19 21:36:26.222 I/vendor.qti.bluetooth@1.0-ibs_handler(843): ProcessIbsCmd: Writing IBS_WAKE_ACK
05-19 21:36:26.262 I/vendor.qti.bluetooth@1.0-ibs_handler(843): ProcessIbsCmd: Received IBS_SLEEP_IND: 0xFE
05-19 21:36:27.221 I/vendor.qti.bluetooth@1.0-ibs_handler(843): DeviceSleep: TX Awake, Sending SLEEP_IND
05-19 21:36:27.221 D/vendor.qti.bluetooth@1.0-ibs_handler(843): SerialClockVote: vote for UART CLK OFF
05-19 21:36:27.371 D/vendor.qti.bluetooth@1.0-wake_lock(843): Release wakelock is released 
05-19 21:36:27.655 W/WindowManager(1452): removeWindowToken: Attempted to remove non-existing token: android.os.Binder@a5edc7f
05-19 21:36:28.858 D/vendor.qti.bluetooth@1.0-ibs_handler(843): SerialClockVote: vote for UART CLK ON
05-19 21:36:28.860 D/vendor.qti.bluetooth@1.0-wake_lock(843): Acquire wakelock is acquired 
05-19 21:36:28.860 I/vendor.qti.bluetooth@1.0-ibs_handler(843): DeviceWakeUp: Writing IBS_WAKE_IND
05-19 21:36:28.862 I/vendor.qti.bluetooth@1.0-ibs_handler(843): ProcessIbsCmd: Received IBS_WAKE_ACK: 0xFC
05-19 21:36:28.863 I/vendor.qti.bluetooth@1.0-ibs_handler(843): ProcessIbsCmd: Received IBS_WAKE_IND: 0xFD
05-19 21:36:28.863 I/vendor.qti.bluetooth@1.0-ibs_handler(843): ProcessIbsCmd: Writing IBS_WAKE_ACK
05-19 21:36:28.904 I/vendor.qti.bluetooth@1.0-ibs_handler(843): ProcessIbsCmd: Received IBS_SLEEP_IND: 0xFE
05-19 21:36:29.386 D/WifiSarManager(1452): EarPiece active = false
05-19 21:36:29.670 W/WindowManager(1452): removeWindowToken: Attempted to remove non-existing token: android.os.Binder@30ec19b
05-19 21:36:29.791 D/ThermalEngine(1115): sensor_wait: quiet_therm Wait done.
05-19 21:36:29.792 D/ThermalEngine(1115): sensor_monitor: quiet_therm Reading 45000 .
05-19 21:36:29.792 I/ThermalEngine(1115): Sensor:quiet_therm:45000 mC
05-19 21:36:29.792 D/ThermalEngine(1115): update_active_thresh: quiet_therm Active(1), Hi(1) 55000, Lo(0) -2147483648, desc(0) Interval(0) -1
05-19 21:36:29.792 D/ThermalEngine(1115): sensor_monitor: quiet_therm Sensor wait.
05-19 21:36:29.792 D/ThermalEngine(1115): sensor_wait: quiet_therm Wait start. 10000ms
05-19 21:36:29.862 I/vendor.qti.bluetooth@1.0-ibs_handler(843): DeviceSleep: TX Awake, Sending SLEEP_IND
05-19 21:36:29.862 D/vendor.qti.bluetooth@1.0-ibs_handler(843): SerialClockVote: vote for UART CLK OFF
05-19 21:36:30.013 D/vendor.qti.bluetooth@1.0-wake_lock(843): Release wakelock is released 
05-19 21:36:30.373 D/QCNEJ/WlanStaInfoRelay(2850): Received action: android.net.wifi.RSSI_CHANGED
05-19 21:36:30.374 I/QCNEJ/NativeHalConnector(2850): -> SND notifyWlanStaStatusChanged([WlanStaInfo]: wifiSwitchState = 1 rssi = -67 ssid = SHAIK bssid = 90:8d:78:f7:47:c1 dnsInfo = 103.15.63.4;8.8.8.8;0.0.0.0;0.0.0.0; freqBand = _2GHz countryCode = in[RatInfo]: networkType = 1 subType = 101 networkState = CONNECTED netHdl = 437197393933 ipAddrV4 = 192.168.0.8 ipAddrV6 =  ifNameV4 = wlan0 ifNameV6 =  slotIdx = 0 isAndroidValidated = true) timeStamp = 2021-05-19 21:36:30.373
05-19 21:36:30.513 I/ndroid.systemu(2517): NativeAlloc concurrent copying GC freed 477878(22MB) AllocSpace objects, 17(4196KB) LOS objects, 75% free, 14MB/59MB, paused 54us total 137.488ms
05-19 21:36:30.526 W/System  (2517): A resource failed to call release. 
05-19 21:36:30.548 W/System  (2517): A resource failed to call release. 
05-19 21:36:31.292 D/vendor.qti.bluetooth@1.0-ibs_handler(843): SerialClockVote: vote for UART CLK ON
05-19 21:36:31.294 D/vendor.qti.bluetooth@1.0-wake_lock(843): Acquire wakelock is acquired 
05-19 21:36:31.294 I/vendor.qti.bluetooth@1.0-ibs_handler(843): DeviceWakeUp: Writing IBS_WAKE_IND
05-19 21:36:31.297 I/vendor.qti.bluetooth@1.0-ibs_handler(843): ProcessIbsCmd: Received IBS_WAKE_ACK: 0xFC
05-19 21:36:31.300 I/vendor.qti.bluetooth@1.0-ibs_handler(843): ProcessIbsCmd: Received IBS_WAKE_IND: 0xFD
05-19 21:36:31.300 I/vendor.qti.bluetooth@1.0-ibs_handler(843): ProcessIbsCmd: Writing IBS_WAKE_ACK
05-19 21:36:31.340 I/vendor.qti.bluetooth@1.0-ibs_handler(843): ProcessIbsCmd: Received IBS_SLEEP_IND: 0xFE
05-19 21:36:31.693 W/WindowManager(1452): removeWindowToken: Attempted to remove non-existing token: android.os.Binder@ddc77
05-19 21:36:32.298 I/vendor.qti.bluetooth@1.0-ibs_handler(843): DeviceSleep: TX Awake, Sending SLEEP_IND
05-19 21:36:32.298 D/vendor.qti.bluetooth@1.0-ibs_handler(843): SerialClockVote: vote for UART CLK OFF
05-19 21:36:32.449 D/vendor.qti.bluetooth@1.0-wake_lock(843): Release wakelock is released 
05-19 21:36:32.920 D/BoundBrokerSvc(7277): onUnbind: Intent { act=com.google.android.gms.measurement.START pkg=com.google.android.gms }
05-19 21:36:32.922 I/ActivityManager(1452): Killing 7266:com.google.android.gms.ui/u0a198 (adj 915): empty #17
05-19 21:36:32.924 E/lowmemorykiller(617): Error writing /proc/7266/oom_score_adj; errno=22
05-19 21:36:32.925 E/lowmemorykiller(617): Error writing /proc/7266/oom_score_adj; errno=22
05-19 21:36:33.002 I/Zygote  (779): Process 7266 exited due to signal 9 (Killed)
05-19 21:36:33.002 W/ActivityManager(1452): setHasOverlayUi called on unknown pid: 7266
05-19 21:36:33.004 I/libprocessgroup(1452): Successfully killed process cgroup uid 10198 pid 7266 in 81ms
05-19 21:36:33.398 D/QCNEJ/WlanStaInfoRelay(2850): Received action: android.net.wifi.RSSI_CHANGED
05-19 21:36:33.399 I/QCNEJ/NativeHalConnector(2850): -> SND notifyWlanStaStatusChanged([WlanStaInfo]: wifiSwitchState = 1 rssi = -60 ssid = SHAIK bssid = 90:8d:78:f7:47:c1 dnsInfo = 103.15.63.4;8.8.8.8;0.0.0.0;0.0.0.0; freqBand = _2GHz countryCode = in[RatInfo]: networkType = 1 subType = 101 networkState = CONNECTED netHdl = 437197393933 ipAddrV4 = 192.168.0.8 ipAddrV6 =  ifNameV4 = wlan0 ifNameV6 =  slotIdx = 0 isAndroidValidated = true) timeStamp = 2021-05-19 21:36:33.399
05-19 21:36:33.857 D/vendor.qti.bluetooth@1.0-ibs_handler(843): SerialClockVote: vote for UART CLK ON
05-19 21:36:33.860 D/vendor.qti.bluetooth@1.0-wake_lock(843): Acquire wakelock is acquired 
05-19 21:36:33.860 I/vendor.qti.bluetooth@1.0-ibs_handler(843): DeviceWakeUp: Writing IBS_WAKE_IND
05-19 21:36:33.863 I/vendor.qti.bluetooth@1.0-ibs_handler(843): ProcessIbsCmd: Received IBS_WAKE_ACK: 0xFC
05-19 21:36:33.864 I/vendor.qti.bluetooth@1.0-ibs_handler(843): ProcessIbsCmd: Received IBS_WAKE_IND: 0xFD
05-19 21:36:33.864 I/vendor.qti.bluetooth@1.0-ibs_handler(843): ProcessIbsCmd: Writing IBS_WAKE_ACK
05-19 21:36:33.905 I/vendor.qti.bluetooth@1.0-ibs_handler(843): ProcessIbsCmd: Received IBS_SLEEP_IND: 0xFE
05-19 21:36:34.388 D/WifiSarManager(1452): EarPiece active = false
05-19 21:36:34.864 I/vendor.qti.bluetooth@1.0-ibs_handler(843): DeviceSleep: TX Awake, Sending SLEEP_IND
05-19 21:36:34.864 D/vendor.qti.bluetooth@1.0-ibs_handler(843): SerialClockVote: vote for UART CLK OFF
05-19 21:36:35.016 D/vendor.qti.bluetooth@1.0-wake_lock(843): Release wakelock is released 
05-19 21:36:36.425 D/QCNEJ/WlanStaInfoRelay(2850): Received action: android.net.wifi.RSSI_CHANGED
05-19 21:36:36.426 I/QCNEJ/NativeHalConnector(2850): -> SND notifyWlanStaStatusChanged([WlanStaInfo]: wifiSwitchState = 1 rssi = -55 ssid = SHAIK bssid = 90:8d:78:f7:47:c1 dnsInfo = 103.15.63.4;8.8.8.8;0.0.0.0;0.0.0.0; freqBand = _2GHz countryCode = in[RatInfo]: networkType = 1 subType = 101 networkState = CONNECTED netHdl = 437197393933 ipAddrV4 = 192.168.0.8 ipAddrV6 =  ifNameV4 = wlan0 ifNameV6 =  slotIdx = 0 isAndroidValidated = true) timeStamp = 2021-05-19 21:36:36.426
05-19 21:36:38.670 D/CompatibilityChangeReporter(1452): Compat change id reported: 135634846; UID 10195; state: DISABLED
05-19 21:36:38.671 D/CompatibilityChangeReporter(1452): Compat change id reported: 143937733; UID 10195; state: DISABLED
05-19 21:36:38.673 D/CompatibilityChangeReporter(1452): Compat change id reported: 135634846; UID 10094; state: DISABLED
05-19 21:36:38.680 D/NetworkSecurityConfig(1452): No Network Security Config specified, using platform default
05-19 21:36:38.687 I/BgTaskExecutorImpl(14927): Starting PERIODIC background task CONTACT_AFFINITY_MODEL_PERIODIC_REFRESH.
05-19 21:36:38.699 D/Zygote  (779): Forked child process 16559
05-19 21:36:38.703 I/ActivityManager(1452): Start proc 16559:com.android.dialer/u0a195 for service {com.android.dialer/com.android.voicemail.impl.StatusCheckJobService}
05-19 21:36:38.704 D/CompatibilityChangeReporter(1452): Compat change id reported: 143937733; UID 10094; state: ENABLED
05-19 21:36:38.705 I/BgTaskExecutorImpl(14927): Starting PERIODIC background task GELLER_OPA_REFRESH_TASK.
05-19 21:36:38.709 I/BgTaskExecutorImpl(14927): Starting PERIODIC background task GELLER_ASSISTANT_ACTION_HISTORY_SYNC_TASK.
05-19 21:36:38.712 E/.android.diale(16559): Not starting debugger since process cannot load the jdwp agent.
05-19 21:36:38.712 I/BgTaskExecutorImpl(14927): Starting PERIODIC background task MDD_CELLULAR_CHARGING_TASK.
05-19 21:36:38.716 W/.android.diale(16559): Core platform API violation: Ljava/lang/reflect/Field;->accessFlags:I from Landroid/os/Build; using reflection
05-19 21:36:38.717 D/Zygote  (779): Forked child process 16576
05-19 21:36:38.721 I/ActivityManager(1452): Start proc 16576:android.process.media/u0a94 for service {com.android.providers.downloads/com.android.providers.downloads.DownloadJobService}
05-19 21:36:38.737 I/A       (14927): Attempting to cache the data for corpora [14].
05-19 21:36:38.739 E/d.process.medi(16576): Not starting debugger since process cannot load the jdwp agent.
05-19 21:36:38.739 D/ApplicationLoaders(16559): Returning zygote-cached class loader: /system/framework/android.test.base.jar
05-19 21:36:38.741 I/A       (14927): Attempting to cache the data for corpora [22, 55, 39, 49, 33, 36, 32, 12, 21, 51].
05-19 21:36:38.741 I/.android.diale(16559): The ClassLoaderContext is a special shared library.
05-19 21:36:38.743 W/d.process.medi(16576): Core platform API violation: Ljava/lang/reflect/Field;->accessFlags:I from Landroid/os/Build; using reflection
05-19 21:36:38.753 W/CAMPeriodicRefresh(14927): Refreshing not complete, unable to upload top contacts.
05-19 21:36:38.756 W/SearchServiceCore(14927): Abort, client detached.
05-19 21:36:38.756 V/chatty  (14927): uid=10199(com.google.android.googlequicksearchbox) EventBus0 identical 14 lines
05-19 21:36:38.756 W/SearchServiceCore(14927): Abort, client detached.
05-19 21:36:38.761 I/.android.diale(16559): The ClassLoaderContext is a special shared library.
05-19 21:36:38.762 D/vendor.qti.bluetooth@1.0-ibs_handler(843): SerialClockVote: vote for UART CLK ON
05-19 21:36:38.764 D/vendor.qti.bluetooth@1.0-wake_lock(843): Acquire wakelock is acquired 
05-19 21:36:38.764 I/vendor.qti.bluetooth@1.0-ibs_handler(843): DeviceWakeUp: Writing IBS_WAKE_IND
