--------- beginning of system
05-19 21:01:58.356 I/imsrcsd (2282): Uce Service HAL  is starting up...
05-19 21:01:58.357 I/imsrcsd (2282): getAndroidPropValue : vendor.ims.DATA_DAEMON_STATUS[1]
05-19 21:01:58.609 V/chatty  (1452): uid=1000 system_server expire 127 lines
05-19 21:01:58.610 V/chatty  (1452): uid=1000 system_server expire 1 line
05-19 21:01:58.756 E/storaged(1235): getService package_native failed
05-19 21:01:58.759 I/storaged(1235): storaged: Start
05-19 21:01:58.915 V/chatty  (1452): uid=1000(system) Binder:1452_2 expire 2 lines
05-19 21:01:58.915 V/chatty  (1452): uid=1000(system) ActivityManager expire 1 line
05-19 21:01:59.228 V/chatty  (1452): uid=1000 system_server expire 3 lines
05-19 21:01:59.286 V/chatty  (1452): uid=1000 system_server expire 3 lines
05-19 21:01:59.288 V/chatty  (1452): uid=1000 system_server expire 1 line
05-19 21:01:59.294 V/chatty  (1452): uid=1000(system) android.bg expire 4 lines
05-19 21:01:59.420 V/chatty  (1452): uid=1000(system) android.display expire 1 line
05-19 21:01:59.478 V/chatty  (1452): uid=1000(system) android.ui expire 1 line
05-19 21:01:59.479 V/chatty  (1452): uid=1000 system_server expire 2 lines
05-19 21:01:59.495 V/chatty  (1452): uid=1000(system) NetworkWatchlis expire 3 lines
05-19 21:01:59.568 V/chatty  (1452): uid=1000(system) StorageManagerS expire 4 lines
05-19 21:01:59.582 V/chatty  (1452): uid=1000 system_server expire 1 line
05-19 21:01:59.582 V/chatty  (1452): uid=1000 system_server expire 234 lines
05-19 21:01:59.591 V/chatty  (1452): uid=1000(system) android.bg expire 17 lines
05-19 21:01:59.604 V/chatty  (1452): uid=1000 system_server expire 1 line
05-19 21:02:00.166 V/chatty  (1452): uid=1000 system_server expire 6 lines
05-19 21:02:00.181 V/chatty  (1452): uid=1000(system) HwBinder:1452_4 expire 1 line
05-19 21:02:00.216 V/chatty  (1452): uid=1000 system_server expire 3 lines
05-19 21:02:00.240 V/chatty  (1452): uid=1000 system_server expire 3 lines
05-19 21:02:00.323 V/chatty  (1452): uid=1000 system_server expire 236 lines
05-19 21:02:00.327 V/chatty  (1452): uid=1000 system_server expire 1 line
05-19 21:02:00.351 V/chatty  (1452): uid=1000(system) android.bg expire 6 lines
05-19 21:02:00.414 I/android.hardware.wifi@1.0-service(864): Wifi HAL started
05-19 21:02:00.455 I/android.hardware.wifi@1.0-service(864): Adding interface handle for p2p0
05-19 21:02:00.455 I/android.hardware.wifi@1.0-service(864): Adding interface handle for wlan1
05-19 21:02:00.455 I/android.hardware.wifi@1.0-service(864): Adding interface handle for wlan0
05-19 21:02:00.455 W/android.hardware.wifi@1.0-service(864): No active wlan interfaces in use! Using default
05-19 21:02:00.458 W/android.hardware.wifi@1.0-service(864): No active wlan interfaces in use! Using default
05-19 21:02:00.459 I/android.hardware.wifi@1.0-service(864): Configured chip in mode 3
05-19 21:02:00.459 W/android.hardware.wifi@1.0-service(864): No active wlan interfaces in use! Using default
05-19 21:02:00.480 I/wificond(1238): create scanner for interface with index: 26
05-19 21:02:00.480 I/wificond(1238): subscribe scan result for interface with index: 26
05-19 21:02:00.554 V/chatty  (1452): uid=1000(system) PowerManagerSer expire 2 lines
05-19 21:02:00.571 V/chatty  (1452): uid=1000(system) android.display expire 2 lines
05-19 21:02:00.573 V/chatty  (1452): uid=1000 system_server expire 188 lines
05-19 21:02:00.580 V/chatty  (1452): uid=1000 system_server expire 10 lines
05-19 21:02:00.581 V/chatty  (1452): uid=1000 system_server expire 9 lines
05-19 21:02:00.581 V/chatty  (1452): uid=1000 system_server expire 6 lines
05-19 21:02:00.581 V/chatty  (1452): uid=1000 system_server expire 6 lines
05-19 21:02:00.581 V/chatty  (1452): uid=1000 system_server expire 4 lines
05-19 21:02:00.581 V/chatty  (1452): uid=1000 system_server expire 6 lines
05-19 21:02:00.581 V/chatty  (1452): uid=1000 system_server expire 5 lines
05-19 21:02:00.756 V/chatty  (1452): uid=1000(system) android.io expire 3 lines
05-19 21:02:00.817 V/chatty  (1452): uid=1000(system) StorageManagerS expire 1 line
05-19 21:02:00.823 V/chatty  (1452): uid=1000 system_server expire 201 lines
05-19 21:02:00.825 V/chatty  (1452): uid=1000(system) HwBinder:1452_4 expire 1 line
05-19 21:02:00.826 V/chatty  (1452): uid=1000(system) android.fg expire 1 line
05-19 21:02:00.829 V/chatty  (1452): uid=1000(system) AudioService expire 1 line
05-19 21:02:00.899 V/chatty  (1452): uid=1000(system) ActivityManager expire 25 lines
05-19 21:02:00.919 V/chatty  (1452): uid=1000 system_server expire 3 lines
05-19 21:02:00.947 V/chatty  (1452): uid=1000(system) NetworkPolicy expire 1 line
05-19 21:02:01.025 V/chatty  (1452): uid=1000(system) Binder:1452_5 expire 2 lines
05-19 21:02:01.104 V/chatty  (1452): uid=1000(system) Binder:1452_2 expire 1 line
05-19 21:02:02.143 V/chatty  (1452): uid=1000 system_server expire 1 line
05-19 21:02:02.144 V/chatty  (1452): uid=1000(system) android.bg expire 2 lines
05-19 21:02:02.231 V/chatty  (1452): uid=1000 system_server expire 211 lines
05-19 21:02:02.236 V/chatty  (1452): uid=1000(system) ActivityManager expire 3 lines
05-19 21:02:02.250 V/chatty  (1452): uid=1000 system_server expire 200 lines
05-19 21:02:02.269 V/chatty  (1452): uid=1000(system) android.bg expire 1 line
05-19 21:02:02.272 V/chatty  (1452): uid=1000(system) android.fg expire 1 line
05-19 21:02:02.503 V/chatty  (1452): uid=1000 system_server expire 88 lines
05-19 21:02:02.759 V/chatty  (1452): uid=1000(system) ActivityManager expire 50 lines
05-19 21:02:02.803 V/chatty  (1452): uid=1000(system) android.display expire 3 lines
05-19 21:02:02.893 V/chatty  (1452): uid=1000(system) Binder:1452_7 expire 6 lines
05-19 21:02:02.916 V/chatty  (1452): uid=1000(system) android.io expire 17 lines
05-19 21:02:02.970 V/chatty  (1452): uid=1000(system) ActivityManager expire 5 lines
05-19 21:02:03.086 V/chatty  (1452): uid=1000(system) WifiP2pService expire 2 lines
05-19 21:02:03.119 V/chatty  (1452): uid=1000(system) BluetoothRouteM expire 1 line
05-19 21:02:03.136 V/chatty  (1452): uid=1000(system) uteStateMachine expire 2 lines
05-19 21:02:03.142 V/chatty  (1452): uid=1000(system) CallAudioModeSt expire 1 line
05-19 21:02:03.167 V/chatty  (1452): uid=1000(system) Binder:1452_9 expire 6 lines
05-19 21:02:03.357 I/imsrcsd (2282): getAndroidPropValue : vendor.ims.modem.multisub.cap[2]
05-19 21:02:03.357 I/imsrcsd (2282): Uce Service HAL  detected modemVersion[2]
05-19 21:02:03.357 I/imsrcsd (2282): Uce Service HAL  loading lib-imsrcs-v2
05-19 21:02:03.381 I/Diag_Lib(2282): StartImsService
05-19 21:02:03.381 I/imsrcsd (2282): ImsServiceMain startService[1]
05-19 21:02:03.384 I/HidlServiceManagement(2282): Registered vendor.qti.ims.callinfo@1.0::IService/default
05-19 21:02:03.385 I/imsrcsd (2282): ImsServiceMain Running..
05-19 21:02:03.429 V/chatty  (1452): uid=1000(system) Binder:1452_5 expire 5 lines
05-19 21:02:03.496 I/Diag_Lib(2282): OnServiceStatusReceived iStatus[0]
05-19 21:02:03.496 E/Diag_Lib(2282): Modem does not support UCE/IMS-CM, proceed to register HAL's
05-19 21:02:03.496 I/Diag_Lib(2282): Starting Service for First Time
05-19 21:02:03.497 I/HidlServiceManagement(2282): Registered com.qualcomm.qti.uceservice@2.1::IUceService/com.qualcomm.qti.uceservice
05-19 21:02:03.497 I/Diag_Lib(2282): CM_IMSCONNECTIONMANAGER_CREATE_CONNECTION Before Registering Service
05-19 21:02:03.498 I/HidlServiceManagement(2282): Registered com.qualcomm.qti.imscmservice@2.2::IImsCmService/qti.ims.connectionmanagerservice
05-19 21:02:03.498 I/Diag_Lib(2282): CM_IMSCONNECTIONMANAGER_CREATE_CONNECTION After Registering Service
05-19 21:02:03.560 V/chatty  (1452): uid=1000(system) Binder:1452_4 expire 1 line
05-19 21:02:03.935 V/FODCircleViewImpl(2517): *** register callback for com.android.systemui.statusbar.phone.StatusBar$4@3803c4
05-19 21:02:03.935 V/FODCircleViewImpl(2517): *** unregister callback for null
05-19 21:02:03.958 E/FODCircleViewImpl(2517): Failed to initialize FODCircleView
05-19 21:02:03.958 E/FODCircleViewImpl(2517): java.lang.RuntimeException: Unable to get IFingerprintInscreen
05-19 21:02:03.958 E/FODCircleViewImpl(2517): 	at com.android.systemui.biometrics.FODCircleView.<init>(FODCircleView.java:311)
05-19 21:02:03.958 E/FODCircleViewImpl(2517): 	at com.android.systemui.biometrics.FODCircleViewImpl.start(FODCircleViewImpl.java:89)
05-19 21:02:03.958 E/FODCircleViewImpl(2517): 	at com.android.systemui.SystemUIApplication.startServicesIfNeeded(SystemUIApplication.java:204)
05-19 21:02:03.958 E/FODCircleViewImpl(2517): 	at com.android.systemui.SystemUIApplication.startServicesIfNeeded(SystemUIApplication.java:143)
05-19 21:02:03.958 E/FODCircleViewImpl(2517): 	at com.android.systemui.SystemUIService.onCreate(SystemUIService.java:66)
05-19 21:02:03.958 E/FODCircleViewImpl(2517): 	at android.app.ActivityThread.handleCreateService(ActivityThread.java:4186)
05-19 21:02:03.958 E/FODCircleViewImpl(2517): 	at android.app.ActivityThread.access$1500(ActivityThread.java:237)
05-19 21:02:03.958 E/FODCircleViewImpl(2517): 	at android.app.ActivityThread$H.handleMessage(ActivityThread.java:1932)
05-19 21:02:03.958 E/FODCircleViewImpl(2517): 	at android.os.Handler.dispatchMessage(Handler.java:106)
05-19 21:02:03.958 E/FODCircleViewImpl(2517): 	at android.os.Looper.loop(Looper.java:223)
05-19 21:02:03.958 E/FODCircleViewImpl(2517): 	at android.app.ActivityThread.main(ActivityThread.java:7656)
05-19 21:02:03.958 E/FODCircleViewImpl(2517): 	at java.lang.reflect.Method.invoke(Native Method)
05-19 21:02:03.958 E/FODCircleViewImpl(2517): 	at com.android.internal.os.RuntimeInit$MethodAndArgsCaller.run(RuntimeInit.java:594)
05-19 21:02:03.958 E/FODCircleViewImpl(2517): 	at com.android.internal.os.ZygoteInit.main(ZygoteInit.java:947)
05-19 21:02:04.006 V/chatty  (1452): uid=1000(system) Binder:1452_3 expire 4 lines
05-19 21:02:04.058 V/chatty  (1452): uid=1000(system) Binder:1452_1 expire 1 line
05-19 21:02:04.293 V/chatty  (1452): uid=1000(system) android.anim expire 3 lines
05-19 21:02:04.830 V/chatty  (1452): uid=1000(system) Binder:1452_6 expire 23 lines
05-19 21:02:05.088 I/wificond(1238): Regulatory domain changed to country: IN
05-19 21:02:05.089 I/wificond(1238): 2.4Ghz frequencies: 2412 2417 2422 2427 2432 2437 2442 2447 2452 2457 2462 2467 2472
05-19 21:02:05.089 I/wificond(1238): 5Ghz non-DFS frequencies: 5180 5200 5220 5240 5745 5765 5785 5805 5825 5845 5865
05-19 21:02:05.089 I/wificond(1238): 5Ghz DFS frequencies: 5260 5280 5300 5320 5500 5520 5540 5560 5580 5600 5620 5640 5660 5680 5700 5720
05-19 21:02:05.089 I/wificond(1238): 6Ghz frequencies: 5260 5280 5300 5320 5500 5520 5540 5560 5580 5600 5620 5640 5660 5680 5700 5720
05-19 21:02:05.097 V/chatty  (1452): uid=1000(system) Binder:1452_2 expire 35 lines
05-19 21:02:05.121 V/chatty  (1452): uid=1000 system_server expire 1 line
05-19 21:02:05.130 V/chatty  (1452): uid=1000(system) ActivityManager expire 8 lines
05-19 21:02:05.164 V/chatty  (1452): uid=1000(system) Binder:1452_A expire 15 lines
05-19 21:02:05.184 V/chatty  (1452): uid=1000(system) Binder:1452_9 expire 6 lines
05-19 21:02:05.501 V/chatty  (1452): uid=1000(system) Binder:1452_3 expire 20 lines
05-19 21:02:05.606 V/chatty  (1452): uid=1000(system) android.bg expire 2 lines
05-19 21:02:05.773 V/chatty  (1452): uid=1000(system) Binder:1452_5 expire 33 lines
05-19 21:02:06.094 V/chatty  (1452): uid=1000(system) ActivityManager expire 4 lines
05-19 21:02:06.895 V/chatty  (1452): uid=1000 system_server expire 4 lines
05-19 21:02:08.387 V/chatty  (1452): uid=1000(system) android.display expire 41 lines
05-19 21:02:10.024 V/chatty  (1452): uid=1000(system) PowerManagerSer expire 1 line
05-19 21:02:10.028 V/chatty  (1452): uid=1000(system) android.display expire 94 lines
05-19 21:02:10.028 V/chatty  (1452): uid=1000(system) StorageManagerS expire 7 lines
05-19 21:02:10.028 V/chatty  (1452): uid=1000(system) RollbackManager expire 1 line
05-19 21:02:10.028 D/vold    (626): fscrypt_unlock_user_key 0 serial=0 token_present=0
05-19 21:02:10.029 V/chatty  (1452): uid=1000(system) RollbackPackage expire 1 line
05-19 21:02:10.031 I/vold    (626): onUserAdded: 0
05-19 21:02:10.033 V/chatty  (1452): uid=1000(system) android.bg expire 5 lines
05-19 21:02:10.066 V/chatty  (1452): uid=1000(system) android.fg expire 11 lines
05-19 21:02:10.121 V/chatty  (1452): uid=1000(system) ActivityManager expire 45 lines
05-19 21:02:10.121 V/chatty  (1452): uid=1000(system) ActivityManager expire 7 lines
05-19 21:02:10.171 V/chatty  (1452): uid=1000(system) ConnectivitySer expire 5 lines
05-19 21:02:10.203 E/NetlinkEvent(778): NetlinkEvent::FindParam(): Parameter 'INTERFACE' not found
05-19 21:02:10.203 E/NetlinkEvent(778): NetlinkEvent::FindParam(): Parameter 'STATE' not found
05-19 21:02:10.203 E/NetlinkEvent(778): NetlinkEvent::FindParam(): Parameter 'TIME_NS' not found
05-19 21:02:10.203 E/NetlinkEvent(778): NetlinkEvent::FindParam(): Parameter 'UID' not found
05-19 21:02:10.231 V/chatty  (1452): uid=1000 system_server expire 6 lines
05-19 21:02:10.244 V/chatty  (1452): uid=1000(system) Binder:1452_1 expire 4 lines
05-19 21:02:10.426 D/vold    (626): fscrypt_prepare_user_storage for volume null, user 0, serial 0, flags 2
05-19 21:02:10.426 D/vold    (626): Preparing: /data/system_ce/0
05-19 21:02:10.426 D/vold    (626): Preparing: /data/misc_ce/0
05-19 21:02:10.426 D/vold    (626): Preparing: /data/vendor_ce/0
05-19 21:02:10.428 D/vold    (626): Preparing: /data/media/0
05-19 21:02:10.428 D/vold    (626): Preparing: /data/data
05-19 21:02:10.428 D/vold    (626): Starting restorecon of /data/system_ce/0
05-19 21:02:10.431 D/vold    (626): Finished restorecon of /data/system_ce/0
05-19 21:02:10.431 D/vold    (626): Starting restorecon of /data/vendor_ce/0
05-19 21:02:10.438 D/vold    (626): Finished restorecon of /data/vendor_ce/0
05-19 21:02:10.438 D/vold    (626): Starting restorecon of /data/misc_ce/0
05-19 21:02:10.443 D/vold    (626): Finished restorecon of /data/misc_ce/0
05-19 21:02:10.443 D/vold    (626): /system/bin/vold_prepare_subdirs
05-19 21:02:10.443 D/vold    (626):     prepare
05-19 21:02:10.443 D/vold    (626):     
05-19 21:02:10.443 D/vold    (626):     0
05-19 21:02:10.443 D/vold    (626):     2
05-19 21:02:10.511 V/chatty  (1452): uid=1000(system) Binder:1452_9 expire 6 lines
05-19 21:02:11.289 V/chatty  (1452): uid=1000(system) ActivityManager expire 159 lines
05-19 21:02:11.289 V/chatty  (1452): uid=1000(system) android.io expire 1 line
05-19 21:02:11.308 I/vold    (626): onUserStarted: 0
05-19 21:02:11.310 V/chatty  (1452): uid=1000(system) Binder:1452_1 expire 2 lines
05-19 21:02:11.310 V/chatty  (1452): uid=1000(system) StorageManagerS expire 5 lines
05-19 21:02:11.311 I/vold    (626): Executing sdcardfs
05-19 21:02:11.313 D/vold    (626): Waiting for sdcardfs to spin up...
05-19 21:02:11.318 V/chatty  (1452): uid=1000(system) android.fg expire 3 lines
05-19 21:02:11.318 V/chatty  (1452): uid=1000(system) backup expire 3 lines
05-19 21:02:11.326 W/sdcard  (3577): Device explicitly enabled sdcardfs
05-19 21:02:11.335 V/chatty  (1452): uid=1000(system) ActivityManager expire 2 lines
05-19 21:02:11.360 V/chatty  (1452): uid=1000(system) android.bg expire 2 lines
05-19 21:02:11.362 V/chatty  (1452): uid=1000(system) Binder:1452_A expire 1 line
05-19 21:02:11.365 I/vold    (626): Mounting emulated fuse volume
05-19 21:02:11.368 V/chatty  (1452): uid=1000(system) Binder:1452_6 expire 2 lines
05-19 21:02:11.372 I/vold    (626): Bind mounting /mnt/runtime/full/emulated to /mnt/pass_through/0/emulated
05-19 21:02:11.378 V/chatty  (1452): uid=1000(system) ActivityManager expire 36 lines
05-19 21:02:11.391 V/chatty  (1452): uid=1000(system) ActivityManager expire 92 lines
05-19 21:02:11.392 V/chatty  (1452): uid=1000(system) backup expire 7 lines
05-19 21:02:11.422 V/chatty  (1452): uid=1000(system) Binder:1452_2 expire 1 line
05-19 21:02:11.434 V/chatty  (1452): uid=1000(system) Binder:1452_A expire 1 line
05-19 21:02:11.435 V/chatty  (1452): uid=1000(system) Binder:1452_8 expire 2 lines
05-19 21:02:11.439 V/chatty  (1452): uid=1000(system) Binder:1452_11 expire 1 line
05-19 21:02:11.445 V/chatty  (1452): uid=1000(system) android.bg expire 5 lines
05-19 21:02:11.446 V/chatty  (1452): uid=1000(system) StorageManagerS expire 2 lines
05-19 21:02:11.461 V/chatty  (1452): uid=1000(system) Binder:1452_3 expire 1 line
05-19 21:02:11.470 V/chatty  (1452): uid=1000(system) Binder:1452_4 expire 1 line
05-19 21:02:11.486 V/chatty  (1452): uid=1000(system) Binder:1452_9 expire 2 lines
05-19 21:02:11.499 V/chatty  (1452): uid=1000(system) Binder:1452_F expire 1 line
05-19 21:02:11.529 V/chatty  (1452): uid=1000(system) backup-0 expire 5 lines
05-19 21:02:11.533 V/chatty  (1452): uid=1000 system_server expire 10 lines
05-19 21:02:11.689 V/chatty  (1452): uid=1000(system) android.fg expire 4 lines
05-19 21:02:11.807 V/chatty  (1452): uid=1000(system) ActivityManager expire 25 lines
05-19 21:02:11.892 V/chatty  (1452): uid=1000(system) backup expire 3 lines
05-19 21:02:11.909 V/chatty  (1452): uid=1000(system) android.display expire 3 lines
05-19 21:02:11.936 V/chatty  (1452): uid=1000 system_server expire 21 lines
05-19 21:02:11.973 V/chatty  (1452): uid=1000(system) Binder:1452_5 expire 1 line
05-19 21:02:12.038 V/chatty  (1452): uid=1000(system) SyncManager expire 1 line
05-19 21:02:12.057 D/ActivityThread(3477): Loading provider com.google.android.gms.games: com.google.android.gms.games.provider.NotificationStubContentProvider
05-19 21:02:12.077 V/chatty  (1452): uid=1000(system) Binder:1452_8 expire 11 lines
05-19 21:02:12.137 V/chatty  (1452): uid=1000(system) Binder:1452_E expire 8 lines
05-19 21:02:12.159 V/chatty  (1452): uid=1000(system) Binder:1452_F expire 5 lines
05-19 21:02:12.230 D/ActivityThread(3477): Loading provider com.google.android.gms.drive.sync: com.google.android.gms.drive.metadata.sync.syncadapter.StubContentProvider
05-19 21:02:12.279 V/chatty  (1452): uid=1000(system) Binder:1452_3 expire 4 lines
05-19 21:02:12.443 V/chatty  (1452): uid=1000(system) Binder:1452_11 expire 13 lines
05-19 21:02:12.456 D/android.hardware.wifi@1.0-service(864): Successfully SetMacAddress.
05-19 21:02:12.460 W/wificond(1238): Scan is not started. Ignore abort request
05-19 21:02:12.552 V/chatty  (1452): uid=1000(system) Binder:1452_6 expire 3 lines
05-19 21:02:12.680 V/chatty  (1452): uid=1000(system) Binder:1452_1 expire 4 lines
05-19 21:02:12.814 V/chatty  (1452): uid=1000(system) Binder:1452_12 expire 2 lines
05-19 21:02:12.846 V/chatty  (1452): uid=1000(system) Binder:1452_9 expire 5 lines
05-19 21:02:12.880 V/chatty  (1452): uid=1000(system) ConnectivitySer expire 10 lines
05-19 21:02:12.997 I/vold    (626): Bind mounting /mnt/runtime/default/emulated/0/Android/data on /mnt/user/0/emulated/0/Android/data
05-19 21:02:12.998 I/vold    (626): Bind mounted /mnt/runtime/default/emulated/0/Android/data on /mnt/user/0/emulated/0/Android/data
05-19 21:02:12.998 I/vold    (626): Bind mounting /mnt/runtime/default/emulated/0/Android/obb on /mnt/user/0/emulated/0/Android/obb
05-19 21:02:12.999 I/vold    (626): Bind mounted /mnt/runtime/default/emulated/0/Android/obb on /mnt/user/0/emulated/0/Android/obb
05-19 21:02:12.999 I/vold    (626): Bind mounting /mnt/runtime/write/emulated/0/Android/obb on /mnt/installer/0/emulated/0/Android/obb
05-19 21:02:13.014 I/vold    (626): Bind mounted /mnt/runtime/write/emulated/0/Android/obb on /mnt/installer/0/emulated/0/Android/obb
05-19 21:02:13.014 I/vold    (626): Configuring read_ahead of /mnt/user/0/emulated fuse filesystem to 256kb
05-19 21:02:13.015 I/vold    (626): Writing 256 to /sys/class/bdi/0:74/read_ahead_kb
05-19 21:02:13.015 I/vold    (626): Configuring max_ratio of /mnt/user/0/emulated fuse filesystem to 40
05-19 21:02:13.015 I/vold    (626): Writing 40 to /sys/class/bdi/0:74/max_ratio
05-19 21:02:13.015 V/chatty  (1452): uid=1000(system) StorageManagerS expire 16 lines
05-19 21:02:13.036 V/chatty  (1452): uid=1000(system) Binder:1452_D expire 5 lines
05-19 21:02:13.037 D/ActivityThread(3477): Loading provider com.google.android.gms.subscribedfeeds: com.google.android.gms.subscribedfeeds.GmsSubscribedFeedsProvider
05-19 21:02:13.095 D/vold    (626): /system/bin/sgdisk
05-19 21:02:13.095 D/vold    (626):     --android-dump
05-19 21:02:13.095 D/vold    (626):     /dev/block/vold/disk:179,0
05-19 21:02:13.208 D/ActivityThread(3477): Loading provider com.google.android.gms.games.background: com.google.android.gms.games.chimera.GamesContentProviderProxy
05-19 21:02:13.220 D/vold    (626): DISK mbr
05-19 21:02:13.220 D/vold    (626): PART 1 b
05-19 21:02:13.234 D/ActivityThread(3477): Loading provider com.google.android.gms.appstate: com.google.android.gms.appstate.provider.AppStateContentProvider
05-19 21:02:13.300 D/vold    (626): /system/bin/blkid
05-19 21:02:13.300 D/vold    (626):     -c
05-19 21:02:13.300 D/vold    (626):     /dev/null
05-19 21:02:13.300 D/vold    (626):     -s
05-19 21:02:13.300 D/vold    (626):     TYPE
05-19 21:02:13.300 D/vold    (626):     -s
05-19 21:02:13.300 D/vold    (626):     UUID
05-19 21:02:13.300 D/vold    (626):     -s
05-19 21:02:13.300 D/vold    (626):     LABEL
05-19 21:02:13.300 D/vold    (626):     /dev/block/vold/public:179,1
05-19 21:02:13.352 D/vold    (626): /dev/block/vold/public:179,1: UUID="0002-73E8" TYPE="vfat" 
05-19 21:02:13.353 D/vold    (626): /system/bin/fsck_msdos
05-19 21:02:13.353 D/vold    (626):     -p
05-19 21:02:13.353 D/vold    (626):     -f
05-19 21:02:13.353 D/vold    (626):     -y
05-19 21:02:13.353 D/vold    (626):     /dev/block/vold/public:179,1
05-19 21:02:13.776 E/NetlinkEvent(778): NetlinkEvent::FindParam(): Parameter 'INTERFACE' not found
05-19 21:02:13.776 E/NetlinkEvent(778): NetlinkEvent::FindParam(): Parameter 'STATE' not found
05-19 21:02:13.776 E/NetlinkEvent(778): NetlinkEvent::FindParam(): Parameter 'TIME_NS' not found
05-19 21:02:13.776 E/NetlinkEvent(778): NetlinkEvent::FindParam(): Parameter 'UID' not found
05-19 21:02:14.533 V/chatty  (1452): uid=1000(system) backup-0 expire 47 lines
05-19 21:02:15.481 V/chatty  (1452): uid=1000(system) Binder:1452_4 expire 1 line
05-19 21:02:16.019 D/vold    (626): /dev/block/vold/public:179,1: Next free cluster in FSInfo block (364) not free
05-19 21:02:16.019 D/vold    (626): FIXED
05-19 21:02:16.019 D/vold    (626): /dev/block/vold/public:179,1: 2469 files, 4496672 KiB free (140521 clusters)
05-19 21:02:16.019 I/vold    (626): Filesystem check completed OK
05-19 21:02:16.032 D/vold    (626): Waiting for sdcardfs to spin up...
05-19 21:02:16.039 W/sdcard  (4465): Device explicitly enabled sdcardfs
05-19 21:02:16.083 I/vold    (626): Mounting public fuse volume
05-19 21:02:16.087 I/vold    (626): Bind mounting /mnt/runtime/full/0002-73E8 to /mnt/pass_through/0/0002-73E8
05-19 21:02:17.127 I/vold    (626): Configuring read_ahead of /mnt/user/0/0002-73E8 fuse filesystem to 256kb
05-19 21:02:17.127 I/vold    (626): Writing 256 to /sys/class/bdi/0:104/read_ahead_kb
05-19 21:02:17.127 I/vold    (626): Configuring max_ratio of /mnt/user/0/0002-73E8 fuse filesystem to 40
05-19 21:02:17.127 I/vold    (626): Writing 40 to /sys/class/bdi/0:104/max_ratio
05-19 21:02:18.318 V/chatty  (1452): uid=1000(system) Binder:1452_B expire 3 lines
05-19 21:02:18.358 V/chatty  (1452): uid=1000 system_server expire 8 lines
05-19 21:02:19.130 V/chatty  (1452): uid=1000(system) Binder:1452_A expire 18 lines
05-19 21:02:19.150 V/chatty  (1452): uid=1000(system) ActivityManager expire 38 lines
05-19 21:02:19.205 V/chatty  (1452): uid=1000(system) Binder:1452_B expire 4 lines
05-19 21:02:19.289 V/chatty  (1452): uid=1000 system_server expire 11 lines
05-19 21:02:19.454 V/chatty  (1452): uid=1000(system) Binder:1452_E expire 10 lines
05-19 21:02:19.497 V/chatty  (1452): uid=1000(system) Binder:1452_3 expire 11 lines
05-19 21:02:20.110 V/chatty  (1452): uid=1000(system) android.display expire 2 lines
05-19 21:02:20.163 V/chatty  (1452): uid=1000(system) Binder:1452_13 expire 2 lines
05-19 21:02:20.318 V/chatty  (1452): uid=1000(system) Binder:1452_14 expire 5 lines
05-19 21:02:20.550 V/chatty  (1452): uid=1000(system) Binder:1452_5 expire 4 lines
05-19 21:02:21.097 V/chatty  (1452): uid=1000(system) Binder:1452_2 expire 4 lines
05-19 21:02:21.590 V/chatty  (1452): uid=1000(system) Binder:1452_12 expire 12 lines
05-19 21:02:21.708 V/chatty  (1452): uid=1000(system) Binder:1452_15 expire 1 line
05-19 21:02:21.796 V/chatty  (1452): uid=1000(system) android.anim expire 1 line
05-19 21:02:22.359 V/chatty  (1452): uid=1000(system) Binder:1452_1 expire 10 lines
05-19 21:02:23.323 V/chatty  (1452): uid=1000(system) android.fg expire 4 lines
05-19 21:02:23.737 V/chatty  (1452): uid=1000(system) Binder:1452_4 expire 4 lines
05-19 21:02:24.164 V/chatty  (1452): uid=1000(system) Binder:1452_8 expire 2 lines
05-19 21:02:24.168 V/chatty  (1452): uid=1000(system) Binder:1452_6 expire 3 lines
05-19 21:02:24.199 V/chatty  (1452): uid=1000(system) ActivityManager expire 8 lines
05-19 21:02:25.082 D/ActivityThread(3477): Loading provider com.google.android.gms.chromesync: com.google.android.gms.chromesync.sync.SyncContentProvider
05-19 21:02:25.194 D/ActivityThread(3477): Loading provider com.google.android.gms.download: com.google.android.gms.common.download.provider.DownloadsProvider
05-19 21:02:25.667 V/chatty  (1452): uid=1000(system) Binder:1452_D expire 1 line
05-19 21:02:25.708 D/ActivityThread(3477): Loading provider com.google.android.gms.icing.proxy: com.google.android.gms.icing.proxy.InternalIcingCorporaProvider
05-19 21:02:26.940 D/ActivityThread(3477): Loading provider com.google.android.gms.icing.proxy.apps: com.google.android.gms.icing.proxy.AppsContentProvider
05-19 21:02:27.140 V/chatty  (1452): uid=1000(system) Binder:1452_11 expire 6 lines
05-19 21:02:28.787 D/ActivityThread(3477): Loading provider com.google.android.gms.nearby.sharing: com.google.android.gms.nearby.sharing.SharingSliceProvider
05-19 21:02:28.796 D/ActivityThread(3477): Loading provider com.google.android.gms.reminders: com.google.android.gms.reminders.provider.RemindersProvider
05-19 21:02:29.355 V/chatty  (1452): uid=1000(system) Binder:1452_4 expire 4 lines
05-19 21:02:29.355 V/chatty  (1452): uid=1000(system) ActivityManager expire 8 lines
05-19 21:02:30.352 V/chatty  (1452): uid=1000(system) ActivityManager expire 5 lines
05-19 21:02:31.726 V/chatty  (1452): uid=1000(system) Binder:1452_1 expire 4 lines
05-19 21:02:34.768 V/chatty  (1452): uid=1000(system) android.fg expire 3 lines
05-19 21:02:34.929 V/chatty  (1452): uid=1000 system_server expire 14 lines
05-19 21:02:37.318 V/chatty  (1452): uid=1000(system) Binder:1452_2 expire 4 lines
05-19 21:02:42.033 V/chatty  (1452): uid=1000(system) Binder:1452_8 expire 18 lines
05-19 21:02:42.197 V/chatty  (1452): uid=1000(system) Binder:1452_6 expire 2 lines
05-19 21:02:50.131 V/chatty  (1452): uid=1000(system) Binder:1452_5 expire 1 line
05-19 21:02:56.179 V/chatty  (1452): uid=1000(system) Binder:1452_D expire 1 line
05-19 21:03:22.451 V/chatty  (1452): uid=1000(system) Binder:1452_15 expire 12 lines
05-19 21:03:42.645 V/chatty  (1452): uid=1000(system) AlarmManager expire 1 line
05-19 21:03:50.086 V/chatty  (1452): uid=1000(system) Binder:1452_F expire 2 lines
05-19 21:04:02.529 V/chatty  (1452): uid=1000(system) Binder:1452_12 expire 9 lines
05-19 21:04:02.546 V/chatty  (1452): uid=1000(system) android.display expire 2 lines
05-19 21:04:02.604 V/chatty  (1452): uid=1000(system) android.anim expire 1 line
05-19 21:04:25.677 V/chatty  (1452): uid=1000 system_server expire 32 lines
05-19 21:04:25.679 I/TelecomFramework(2864): TelephonyConnectionService: notifyCreateConnectionComplete TC@1_1: (...->CSW.hCCC)->CS.crCoC->H.CS.crCoC(cap/cast)@E-E-E-APU
05-19 21:04:25.718 V/chatty  (1452): uid=1000 system_server expire 8 lines
05-19 21:04:25.746 V/chatty  (1452): uid=1000 system_server expire 1 line
05-19 21:04:25.803 V/chatty  (1452): uid=1000(system) uteStateMachine expire 10 lines
05-19 21:04:25.806 V/chatty  (1452): uid=1000(system) CallAudioModeSt expire 7 lines
05-19 21:04:25.906 V/chatty  (1452): uid=1000 system_server expire 5 lines
05-19 21:04:25.963 I/TelecomFramework(2864): TelephonyConnectionService: onAudioStateChanged TC@1_1 [AudioState isMuted: false, route: EARPIECE, supportedRouteMask: EARPIECE, SPEAKER, activeBluetoothDevice: [null], supportedBluetoothDevices: []]: (...->CSW.hCCC->ICFG.sF->ICFG.sF->CILH.sL->CILH.oQC->BCF.gBS->BCF.gBS->ICFG.sF->ICFG.sF->ICFG.sF->ICFG.sF->ICFG.sF->ICFG.sF->ICFG.sF->CARSM.pM_UPDATE_SYSTEM_AUDIO_ROUTE)->CS.cASC->H.CS.cASC(cap/cast/cast)@E-E-E-APU
05-19 21:04:25.976 I/TelecomFramework(2864): TelephonyConnectionService: onAudioStateChanged TC@1_1 [AudioState isMuted: false, route: EARPIECE, supportedRouteMask: EARPIECE, SPEAKER, activeBluetoothDevice: [null], supportedBluetoothDevices: []]: (...->CSW.hCCC->ICFG.sF->ICFG.sF->CILH.sL->CILH.oQC->BCF.gBS->BCF.gBS->ICFG.sF->ICFG.sF->ICFG.sF->ICFG.sF->ICFG.sF->ICFG.sF->ICFG.sF->CAMSM.pM_2002->CARSM.pM_SWITCH_FOCUS)->CS.cASC->H.CS.cASC(cap/cast/cast)@E-E-E-APU
05-19 21:04:26.697 V/chatty  (1452): uid=1000(system) Binder:1452_13 expire 22 lines
05-19 21:04:26.698 V/chatty  (1452): uid=1000(system) ActivityManager expire 21 lines
05-19 21:04:26.779 V/chatty  (1452): uid=1000(system) Binder:1452_3 expire 3 lines
05-19 21:04:26.804 V/chatty  (1452): uid=1000(system) SyncManager expire 1 line
05-19 21:04:27.049 V/chatty  (1452): uid=1000(system) ActivityManager expire 5 lines
05-19 21:04:27.062 V/chatty  (1452): uid=1000(system) CallAudioModeSt expire 4 lines
05-19 21:04:27.062 V/chatty  (1452): uid=1000(system) uteStateMachine expire 10 lines
05-19 21:04:27.063 V/chatty  (1452): uid=1000 system_server expire 1 line
05-19 21:04:27.079 V/chatty  (1452): uid=1000 system_server expire 56 lines
05-19 21:04:27.524 V/chatty  (1452): uid=1000(system) PowerManagerSer expire 9 lines
05-19 21:04:29.368 V/chatty  (1452): uid=1000(system) Binder:1452_7 expire 3 lines
05-19 21:04:29.417 V/chatty  (1452): uid=1000(system) Binder:1452_5 expire 9 lines
05-19 21:04:32.024 V/chatty  (1452): uid=1000(system) Binder:1452_16 expire 1 line
05-19 21:04:34.014 V/chatty  (1452): uid=1000(system) Binder:1452_D expire 2 lines
05-19 21:04:35.037 V/chatty  (1452): uid=1000(system) Binder:1452_15 expire 4 lines
05-19 21:04:35.042 V/chatty  (1452): uid=1000(system) Binder:1452_A expire 1 line
05-19 21:04:35.136 V/chatty  (1452): uid=1000(system) Binder:1452_E expire 1 line
05-19 21:04:44.890 V/chatty  (1452): uid=1000(system) Binder:1452_10 expire 2 lines
05-19 21:04:47.682 V/chatty  (1452): uid=1000(system) Binder:1452_2 expire 2 lines
05-19 21:05:59.822 V/chatty  (1452): uid=1000(system) android.display expire 5 lines
05-19 21:06:28.061 V/chatty  (1452): uid=1000(system) Binder:1452_11 expire 3 lines
05-19 21:06:34.687 V/chatty  (1452): uid=1000(system) InputReader expire 2 lines
05-19 21:06:34.699 V/chatty  (1452): uid=1000(system) android.fg expire 1 line
05-19 21:06:43.537 V/chatty  (1452): uid=1000(system) onProviders.ECP expire 1 line
05-19 21:06:43.987 V/chatty  (1452): uid=1000(system) Binder:1452_19 expire 8 lines
05-19 21:07:02.062 V/chatty  (1452): uid=1000(system) Binder:1452_11 expire 4 lines
05-19 21:07:02.322 V/chatty  (1452): uid=1000 system_server expire 19 lines
05-19 21:07:04.187 V/chatty  (1452): uid=1000(system) Binder:1452_1 expire 5 lines
05-19 21:07:22.275 V/chatty  (1452): uid=1000(system) batterystats-wo expire 2 lines
05-19 21:07:44.624 V/chatty  (1452): uid=1000(system) InputReader expire 4 lines
05-19 21:07:44.665 V/chatty  (1452): uid=1000(system) PowerManagerSer expire 9 lines
05-19 21:07:44.673 V/chatty  (1452): uid=1000(system) android.display expire 3 lines
05-19 21:07:44.927 V/chatty  (1452): uid=1000(system) Binder:1452_15 expire 5 lines
05-19 21:07:44.982 V/chatty  (1452): uid=1000(system) android.fg expire 7 lines
05-19 21:07:45.095 V/chatty  (1452): uid=1000(system) Binder:1452_13 expire 7 lines
05-19 21:07:45.150 V/chatty  (1452): uid=1000(system) Binder:1452_F expire 7 lines
05-19 21:07:47.893 V/chatty  (1452): uid=1000(system) Binder:1452_B expire 14 lines
05-19 21:07:48.391 V/chatty  (1452): uid=1000(system) ActivityManager expire 3 lines
05-19 21:08:14.426 W/ContextImpl(3032): Calling a method in the system process without a qualified user: android.app.ContextImpl.sendBroadcast:1111 android.content.ContextWrapper.sendBroadcast:468 com.android.quickstep.TouchInteractionService.lambda$tryNotifyBackGesture$3$TouchInteractionService:890 com.android.quickstep.-$$Lambda$TouchInteractionService$rsacSeyQquSn6TLH2-lDOMAQLSo.accept:4 java.util.ArrayList.forEach:1262 
05-19 21:08:27.967 V/chatty  (1452): uid=1000(system) ActivityManager expire 16 lines
05-19 21:09:16.890 V/chatty  (1452): uid=1000(system) Binder:1452_2 expire 8 lines
05-19 21:09:16.987 V/chatty  (1452): uid=1000(system) android.anim expire 1 line
05-19 21:09:17.444 V/chatty  (1452): uid=1000(system) Binder:1452_D expire 9 lines
05-19 21:09:26.392 W/ContextImpl(3032): Calling a method in the system process without a qualified user: android.app.ContextImpl.sendBroadcast:1111 android.content.ContextWrapper.sendBroadcast:468 com.android.quickstep.TouchInteractionService.lambda$tryNotifyBackGesture$3$TouchInteractionService:890 com.android.quickstep.-$$Lambda$TouchInteractionService$rsacSeyQquSn6TLH2-lDOMAQLSo.accept:4 java.util.ArrayList.forEach:1262 
05-19 21:09:38.760 V/chatty  (1452): uid=1000(system) android.ui expire 1 line
05-19 21:09:39.118 V/chatty  (1452): uid=1000(system) Binder:1452_9 expire 7 lines
05-19 21:09:39.148 D/ScreenshotSmartActions(7361): Screenshot from user profile: 0
05-19 21:09:39.663 D/ScreenshotSmartActions(7361): Got 0 smart actions. Wait time: 0 ms
05-19 21:09:40.930 W/ContextImpl(3640): Calling a method in the system process without a qualified user: android.app.ContextImpl.bindService:1748 android.content.ContextWrapper.bindService:756 com.asus.stitchimage.g.c.a:20 com.asus.stitchimage.g.c.a:2 com.asus.stitchimage.OverlayService.z:22 
05-19 21:09:40.932 V/chatty  (1452): uid=1000(system) Binder:1452_A expire 2 lines
05-19 21:09:43.804 V/chatty  (1452): uid=1000(system) Binder:1452_17 expire 37 lines
05-19 21:09:43.819 W/ContextImpl(3640): Calling a method in the system process without a qualified user: android.app.ContextImpl.startActivity:993 android.content.ContextWrapper.startActivity:403 com.asus.stitchimage.d.run:275 android.os.Handler.handleCallback:938 android.os.Handler.dispatchMessage:99 
05-19 21:09:43.819 W/ContextImpl(3640): Calling a method in the system process without a qualified user: android.app.ContextImpl.startActivity:1005 android.app.ContextImpl.startActivity:994 android.content.ContextWrapper.startActivity:403 com.asus.stitchimage.d.run:275 android.os.Handler.handleCallback:938 
05-19 21:09:47.184 V/chatty  (1452): uid=1000(system) Binder:1452_12 expire 4 lines
05-19 21:09:47.215 V/chatty  (1452): uid=1000 system_server expire 8 lines
05-19 21:09:48.080 V/chatty  (1452): uid=1000(system) Binder:1452_4 expire 3 lines
05-19 21:10:03.112 W/ContextImpl(3032): Calling a method in the system process without a qualified user: android.app.ContextImpl.sendBroadcast:1111 android.content.ContextWrapper.sendBroadcast:468 com.android.quickstep.TouchInteractionService.lambda$tryNotifyBackGesture$3$TouchInteractionService:890 com.android.quickstep.-$$Lambda$TouchInteractionService$rsacSeyQquSn6TLH2-lDOMAQLSo.accept:4 java.util.ArrayList.forEach:1262 
05-19 21:10:15.908 V/chatty  (1452): uid=1000(system) Binder:1452_17 expire 2 lines
05-19 21:10:18.803 V/chatty  (1452): uid=1000(system) Binder:1452_8 expire 2 lines
05-19 21:10:19.550 V/chatty  (1452): uid=1000(system) ActivityManager expire 2 lines
05-19 21:10:21.073 V/chatty  (1452): uid=1000(system) Binder:1452_7 expire 1 line
05-19 21:10:21.074 V/chatty  (1452): uid=1000(system) Binder:1452_B expire 5 lines
05-19 21:10:41.035 V/chatty  (1452): uid=1000(system) PowerManagerSer expire 8 lines
05-19 21:10:41.046 V/chatty  (1452): uid=1000(system) android.display expire 8 lines
05-19 21:10:41.280 V/chatty  (1452): uid=1000(system) android.fg expire 7 lines
05-19 21:11:53.737 V/chatty  (1452): uid=1000(system) InputReader expire 2 lines
05-19 21:11:53.812 V/chatty  (1452): uid=1000(system) Binder:1452_2 expire 17 lines
05-19 21:11:54.161 V/chatty  (1452): uid=1000(system) Binder:1452_1 expire 12 lines
05-19 21:11:56.281 V/chatty  (1452): uid=1000(system) Binder:1452_1F expire 7 lines
05-19 21:11:56.655 V/chatty  (1452): uid=1000(system) Binder:1452_6 expire 1 line
05-19 21:11:56.761 V/chatty  (1452): uid=1000(system) ActivityManager expire 3 lines
05-19 21:11:59.094 V/chatty  (1452): uid=1000(system) Binder:1452_4 expire 3 lines
05-19 21:12:32.447 V/chatty  (1452): uid=1000 system_server expire 46 lines
05-19 21:12:34.208 V/chatty  (1452): uid=1000(system) Binder:1452_D expire 4 lines
05-19 21:12:37.642 V/chatty  (1452): uid=1000(system) Binder:1452_1C expire 23 lines
05-19 21:12:46.661 V/chatty  (1452): uid=1000(system) ActivityManager expire 10 lines
05-19 21:12:52.097 V/chatty  (1452): uid=1000(system) Binder:1452_C expire 2 lines
05-19 21:12:52.117 V/chatty  (1452): uid=1000(system) Binder:1452_13 expire 4 lines
05-19 21:12:53.569 V/chatty  (1452): uid=1000(system) Binder:1452_5 expire 3 lines
05-19 21:13:04.048 V/chatty  (1452): uid=1000(system) android.anim expire 6 lines
05-19 21:14:33.246 V/chatty  (1452): uid=1000(system) Binder:1452_18 expire 5 lines
05-19 21:14:49.353 V/chatty  (1452): uid=1000(system) Binder:1452_1C expire 7 lines
05-19 21:14:49.354 V/chatty  (1452): uid=1000 system_server expire 32 lines
05-19 21:14:49.354 I/TelecomFramework(2864): TelephonyConnectionService: notifyCreateConnectionComplete TC@2_1: (...->CSW.hCCC)->CS.crCoC->H.CS.crCoC(cap/cast)@E-E-E-AWo
05-19 21:14:49.355 V/chatty  (1452): uid=1000 system_server expire 9 lines
05-19 21:14:49.413 V/chatty  (1452): uid=1000 system_server expire 1 line
05-19 21:14:49.438 V/chatty  (1452): uid=1000(system) ActivityManager expire 17 lines
05-19 21:14:49.452 V/chatty  (1452): uid=1000(system) ActivityManager expire 4 lines
05-19 21:14:49.455 V/chatty  (1452): uid=1000(system) CallAudioModeSt expire 12 lines
05-19 21:14:49.456 V/chatty  (1452): uid=1000(system) uteStateMachine expire 16 lines
05-19 21:14:49.571 V/chatty  (1452): uid=1000 system_server expire 6 lines
05-19 21:14:49.680 I/TelecomFramework(2864): TelephonyConnectionService: onAudioStateChanged TC@2_1 [AudioState isMuted: false, route: EARPIECE, supportedRouteMask: EARPIECE, SPEAKER, activeBluetoothDevice: [null], supportedBluetoothDevices: []]: (...->CSW.hCCC->ICFG.sF->ICFG.sF->ICFG.sF->CILH.sL->CILH.oQC->BCF.gBS->BCF.gBS->ICFG.sF->ICFG.sF->ICFG.sF->ICFG.sF->ICFG.sF->ICFG.sF->ICFG.sF->CARSM.pM_UPDATE_SYSTEM_AUDIO_ROUTE)->CS.cASC->H.CS.cASC(cap/cast/cast)@E-E-E-AWo
05-19 21:14:49.732 I/TelecomFramework(2864): TelephonyConnectionService: onAudioStateChanged TC@2_1 [AudioState isMuted: false, route: EARPIECE, supportedRouteMask: EARPIECE, SPEAKER, activeBluetoothDevice: [null], supportedBluetoothDevices: []]: (...->CSW.hCCC->ICFG.sF->ICFG.sF->ICFG.sF->CILH.sL->CILH.oQC->BCF.gBS->BCF.gBS->ICFG.sF->ICFG.sF->ICFG.sF->ICFG.sF->ICFG.sF->ICFG.sF->ICFG.sF->CAMSM.pM_2002->CARSM.pM_SWITCH_FOCUS)->CS.cASC->H.CS.cASC(cap/cast/cast)@E-E-E-AWo
05-19 21:14:53.256 V/chatty  (1452): uid=1000(system) ConnectionSvrFo expire 9 lines
05-19 21:14:53.257 I/TelecomFramework(2864): TelephonyConnectionService: answer TC@2_1: (ICA.aC->CSFM.rF)->CS.an->H.CS.an(cad/cast)@E-AYo
05-19 21:14:53.261 V/chatty  (1452): uid=1000(system) Binder:1452_5 expire 6 lines
05-19 21:14:53.427 V/chatty  (1452): uid=1000(system) Binder:1452_2 expire 24 lines
05-19 21:14:53.755 V/chatty  (1452): uid=1000(system) PowerManagerSer expire 3 lines
05-19 21:14:55.588 V/chatty  (1452): uid=1000(system) android.display expire 1 line
05-19 21:14:57.461 V/chatty  (1452): uid=1000(system) Binder:1452_C expire 17 lines
05-19 21:14:57.497 V/chatty  (1452): uid=1000(system) Binder:1452_1C expire 1 line
05-19 21:14:57.498 V/chatty  (1452): uid=1000(system) ActivityManager expire 8 lines
05-19 21:14:57.506 V/chatty  (1452): uid=1000(system) uteStateMachine expire 12 lines
05-19 21:14:57.508 V/chatty  (1452): uid=1000(system) CallAudioModeSt expire 11 lines
05-19 21:14:57.509 V/chatty  (1452): uid=1000(system) BluetoothRouteM expire 1 line
05-19 21:14:57.509 V/chatty  (1452): uid=1000 system_server expire 1 line
05-19 21:14:57.532 V/chatty  (1452): uid=1000 system_server expire 32 lines
05-19 21:14:57.564 V/chatty  (1452): uid=1000(system) ActivityManager expire 4 lines
05-19 21:14:57.654 V/chatty  (1452): uid=1000(system) Binder:1452_5 expire 1 line
05-19 21:14:58.715 V/chatty  (1452): uid=1000(system) PowerManagerSer expire 2 lines
05-19 21:14:58.749 V/chatty  (1452): uid=1000(system) android.display expire 3 lines
05-19 21:14:58.788 V/chatty  (1452): uid=1000(system) Binder:1452_8 expire 19 lines
05-19 21:15:05.169 V/chatty  (1452): uid=1000(system) Binder:1452_D expire 2 lines
05-19 21:15:06.170 V/chatty  (1452): uid=1000(system) Binder:1452_1E expire 2 lines
05-19 21:15:08.250 V/chatty  (1452): uid=1000(system) Binder:1452_11 expire 3 lines
05-19 21:15:15.432 V/chatty  (1452): uid=1000(system) android.anim expire 3 lines
05-19 21:15:18.234 V/chatty  (1452): uid=1000(system) Binder:1452_E expire 8 lines
05-19 21:15:18.417 V/chatty  (1452): uid=1000 system_server expire 31 lines
05-19 21:15:18.419 I/TelecomFramework(2864): TelephonyConnectionService: notifyCreateConnectionComplete TC@3_1: (...->CSW.hCCC)->CS.crCoC->H.CS.crCoC(cap/cast)@E-E-E-Afo
05-19 21:15:18.442 V/chatty  (1452): uid=1000 system_server expire 8 lines
05-19 21:15:18.478 V/chatty  (1452): uid=1000 system_server expire 1 line
05-19 21:15:18.509 V/chatty  (1452): uid=1000(system) uteStateMachine expire 11 lines
05-19 21:15:18.590 V/chatty  (1452): uid=1000 system_server expire 6 lines
05-19 21:15:18.670 I/TelecomFramework(2864): TelephonyConnectionService: onAudioStateChanged TC@3_1 [AudioState isMuted: false, route: EARPIECE, supportedRouteMask: EARPIECE, SPEAKER, activeBluetoothDevice: [null], supportedBluetoothDevices: []]: (...->CSW.hCCC->ICFG.sF->ICFG.sF->ICFG.sF->CILH.sL->CILH.oQC->BCF.gBS->BCF.gBS->ICFG.sF->ICFG.sF->ICFG.sF->ICFG.sF->ICFG.sF->ICFG.sF->ICFG.sF->CARSM.pM_UPDATE_SYSTEM_AUDIO_ROUTE)->CS.cASC->H.CS.cASC(cap/cast/cast)@E-E-E-Afo
05-19 21:15:18.685 I/TelecomFramework(2864): TelephonyConnectionService: onAudioStateChanged TC@3_1 [AudioState isMuted: false, route: EARPIECE, supportedRouteMask: EARPIECE, SPEAKER, activeBluetoothDevice: [null], supportedBluetoothDevices: []]: (...->CSW.hCCC->ICFG.sF->ICFG.sF->ICFG.sF->CILH.sL->CILH.oQC->BCF.gBS->BCF.gBS->ICFG.sF->ICFG.sF->ICFG.sF->ICFG.sF->ICFG.sF->ICFG.sF->ICFG.sF->CAMSM.pM_2002->CARSM.pM_SWITCH_FOCUS)->CS.cASC->H.CS.cASC(cap/cast/cast)@E-E-E-Afo
05-19 21:15:18.776 V/chatty  (1452): uid=1000(system) Binder:1452_D expire 1 line
05-19 21:15:18.987 V/chatty  (1452): uid=1000 system_server expire 12 lines
05-19 21:15:26.336 V/chatty  (1452): uid=1000(system) uteStateMachine expire 19 lines
05-19 21:15:26.340 I/TelecomFramework(2864): TelephonyConnectionService: onAudioStateChanged TC@3_1 [AudioState isMuted: false, route: EARPIECE, supportedRouteMask: WIRED_HEADSET, SPEAKER, activeBluetoothDevice: [null], supportedBluetoothDevices: []]: (WHC.oADA->CARSM.pM_CONNECT_WIRED_HEADSET)->CS.cASC->H.CS.cASC(cast)@E-AhM
05-19 21:15:26.344 I/TelecomFramework(2864): TelephonyConnectionService: onAudioStateChanged TC@3_1 [AudioState isMuted: false, route: WIRED_HEADSET, supportedRouteMask: WIRED_HEADSET, SPEAKER, activeBluetoothDevice: [null], supportedBluetoothDevices: []]: (WHC.oADA->CARSM.pM_CONNECT_WIRED_HEADSET->CARSM.pM_SWITCH_HEADSET)->CS.cASC->H.CS.cASC(cast)@E-AhM
05-19 21:15:28.329 V/chatty  (1452): uid=1000(system) AppIntegrityMan expire 3 lines
05-19 21:15:28.386 V/chatty  (1452): uid=1000(system) PackageManager expire 14 lines
05-19 21:15:28.412 V/chatty  (1452): uid=1000(system) ActivityManager expire 41 lines
05-19 21:15:29.863 V/chatty  (1452): uid=1000(system) ActivityManager expire 3 lines
05-19 21:15:29.960 V/chatty  (1452): uid=1000(system) Binder:1452_8 expire 2 lines
05-19 21:15:30.065 V/chatty  (1452): uid=1000(system) android.fg expire 7 lines
05-19 21:15:30.168 V/chatty  (1452): uid=1000(system) Binder:1452_6 expire 2 lines
05-19 21:15:30.394 V/chatty  (1452): uid=1000(system) Binder:1452_17 expire 7 lines
05-19 21:15:35.600 V/chatty  (1452): uid=1000(system) Binder:1452_A expire 2 lines
05-19 21:15:36.027 V/chatty  (1452): uid=1000(system) ConnectionSvrFo expire 9 lines
05-19 21:15:36.028 I/TelecomFramework(2864): TelephonyConnectionService: answer TC@3_1: (ICA.aC->CSFM.rF)->CS.an->H.CS.an(cad/cast)@E-Ah8
05-19 21:15:36.031 V/chatty  (1452): uid=1000(system) CallAudioModeSt expire 5 lines
05-19 21:15:36.124 V/chatty  (1452): uid=1000(system) Binder:1452_19 expire 6 lines
05-19 21:15:36.136 V/chatty  (1452): uid=1000(system) Binder:1452_1C expire 23 lines
05-19 21:15:36.678 V/chatty  (1452): uid=1000(system) Binder:1452_E expire 2 lines
05-19 21:15:46.596 V/chatty  (1452): uid=1000 system_server expire 17 lines
05-19 21:15:46.867 V/chatty  (1452): uid=1000(system) android.display expire 1 line
05-19 21:15:46.867 V/chatty  (1452): uid=1000(system) Binder:1452_7 expire 2 lines
05-19 21:15:48.535 V/chatty  (1452): uid=1000(system) Binder:1452_16 expire 2 lines
05-19 21:15:50.303 V/chatty  (1452): uid=1000(system) Binder:1452_F expire 4 lines
05-19 21:15:50.465 V/chatty  (1452): uid=1000(system) Binder:1452_15 expire 1 line
05-19 21:15:54.714 V/chatty  (1452): uid=1000(system) android.bg expire 2 lines
05-19 21:16:01.533 V/chatty  (1452): uid=1000(system) Binder:1452_17 expire 9 lines
05-19 21:16:01.537 V/chatty  (1452): uid=1000(system) ActivityManager expire 34 lines
05-19 21:16:01.539 V/chatty  (1452): uid=1000(system) Binder:1452_F expire 1 line
05-19 21:16:01.548 V/chatty  (1452): uid=1000(system) uteStateMachine expire 12 lines
05-19 21:16:01.549 V/chatty  (1452): uid=1000(system) CallAudioModeSt expire 6 lines
05-19 21:16:01.554 V/chatty  (1452): uid=1000(system) BluetoothRouteM expire 1 line
05-19 21:16:01.556 V/chatty  (1452): uid=1000(system) AppIntegrityMan expire 23 lines
05-19 21:16:01.556 V/chatty  (1452): uid=1000(system) PackageManager expire 34 lines
05-19 21:16:01.557 V/chatty  (1452): uid=1000 system_server expire 1 line
05-19 21:16:01.565 V/chatty  (1452): uid=1000 system_server expire 54 lines
05-19 21:16:01.820 V/chatty  (1452): uid=1000(system) android.fg expire 7 lines
05-19 21:16:03.280 V/chatty  (1452): uid=1000(system) Binder:1452_1E expire 1 line
05-19 21:16:03.480 V/chatty  (1452): uid=1000(system) Binder:1452_1D expire 1 line
05-19 21:16:03.675 V/chatty  (1452): uid=1000(system) Binder:1452_19 expire 1 line
05-19 21:16:03.725 V/chatty  (1452): uid=1000(system) Binder:1452_8 expire 3 lines
05-19 21:16:18.565 V/chatty  (1452): uid=1000(system) Binder:1452_E expire 3 lines
05-19 21:16:21.001 V/chatty  (1452): uid=1000(system) android.display expire 1 line
05-19 21:16:35.222 V/chatty  (1452): uid=1000(system) Binder:1452_14 expire 2 lines
05-19 21:16:38.576 V/chatty  (1452): uid=1000(system) Binder:1452_7 expire 1 line
05-19 21:16:42.990 V/chatty  (1452): uid=1000(system) Binder:1452_1A expire 2 lines
05-19 21:16:43.359 V/chatty  (1452): uid=1000(system) Binder:1452_B expire 1 line
05-19 21:16:51.950 V/chatty  (1452): uid=1000(system) Binder:1452_16 expire 1 line
05-19 21:16:53.506 V/chatty  (1452): uid=1000(system) Binder:1452_1F expire 1 line
05-19 21:16:53.555 W/ActivityTaskManager(1452): Tried to set launchTime (0) < mLastActivityLaunchTime (701237)
05-19 21:16:55.132 D/NotificationService(1452): 0|com.android.vending|-56862258|null|10194: granting content://settings/system/notification_sound
05-19 21:16:55.133 V/chatty  (1452): uid=1000 system_server identical 1 line
05-19 21:16:55.134 D/NotificationService(1452): 0|com.android.vending|-56862258|null|10194: granting content://settings/system/notification_sound
05-19 21:16:55.135 W/NotificationHistory(1452): Attempted to add notif for locked/gone/disabled user 0
05-19 21:16:55.749 E/ShortcutService(1452): Invalid icon type in shortcut ndid_-1248362213. Bitmaps are not allowed in long-lived shortcuts. Use Resource icons, or Uri-based icons instead.
05-19 21:16:56.037 W/NotificationHistory(1452): Attempted to add notif for locked/gone/disabled user 0
05-19 21:16:57.187 I/ActivityTaskManager(1452): START u0 {act=com.tmessages.openchat0.7491462948261772147483647 cat=[android.intent.category.LAUNCHER] flg=0x4000000 cmp=org.telegram.messenger/org.telegram.ui.LaunchActivity (has extras)} from uid 10267
05-19 21:16:57.188 W/ActivityTaskManager(1452): startActivity called from non-Activity context; forcing Intent.FLAG_ACTIVITY_NEW_TASK for: Intent { act=com.tmessages.openchat0.7491462948261772147483647 cat=[android.intent.category.LAUNCHER] flg=0x4000000 cmp=org.telegram.messenger/org.telegram.ui.LaunchActivity (has extras) }
05-19 21:17:07.458 W/RuleEvaluation(1452): Integrity rule files are not available.
05-19 21:17:07.459 I/PackageManager(1452): Integrity check passed for file:///data/app/vmdl1096487007.tmp
05-19 21:17:07.509 I/ActivityManager(1452): Force stopping com.bsbportal.music appid=10274 user=-1: installPackageLI
05-19 21:17:07.510 I/PackageManager(1452): Update package com.bsbportal.music code path from /data/app/~~ihNjaTaYt2AASfs8CBXY7g==/com.bsbportal.music-dMdX0yVQtuWSh0dx8hNWcw== to /data/app/~~GF9z8ew5k_GE7i6yyw0Etw==/com.bsbportal.music-nZBtEKYPPBV8MxiYDYxA-A==; Retain data and using new
05-19 21:17:07.510 I/PackageManager(1452): Update package com.bsbportal.music resource path from /data/app/~~ihNjaTaYt2AASfs8CBXY7g==/com.bsbportal.music-dMdX0yVQtuWSh0dx8hNWcw== to /data/app/~~GF9z8ew5k_GE7i6yyw0Etw==/com.bsbportal.music-nZBtEKYPPBV8MxiYDYxA-A==; Retain data and using new
