05-19 21:33:15.252 I/ActivityTaskManager(1452): START u0 {act=android.intent.action.MAIN cat=[android.intent.category.LAUNCHER] cmp=com.topjohnwu.magisk/.ui.MainActivity bnds=[640,1347][839,1633]} from uid 10237
05-19 21:33:15.264 W/ActivityTaskManager(1452): Tried to set launchTime (0) < mLastActivityLaunchTime (1785778)
05-19 21:33:20.413 D/CompatibilityChangeReporter(1452): Compat change id reported: 149924527; UID 10237; state: ENABLED
05-19 21:33:20.416 D/CompatibilityChangeReporter(1452): Compat change id reported: 132649864; UID 10237; state: DISABLED
05-19 21:33:25.474 E/ShortcutService(1452): Invalid icon type in shortcut ndid_-1248362213. Bitmaps are not allowed in long-lived shortcuts. Use Resource icons, or Uri-based icons instead.
05-19 21:33:25.548 W/ActivityManager(1452): Stopping service due to app idle: u0a193 -1m0s79ms com.google.android.setupwizard/.predeferred.PreDeferredUpdateService
05-19 21:33:25.552 I/ActivityManager(1452): Killing 13166:com.google.android.projection.gearhead:shared/u0a196 (adj 915): empty #17
05-19 21:33:25.631 W/ActivityManager(1452): Background start not allowed: service Intent { cmp=com.google.android.googlequicksearchbox/com.google.android.apps.gsa.shared.util.keepalive.StandaloneKeepAlive$KeepAliveService } to com.google.android.googlequicksearchbox/com.google.android.apps.gsa.shared.util.keepalive.StandaloneKeepAlive$KeepAliveService from pid=14927 uid=10199 pkg=com.google.android.googlequicksearchbox startFg?=false
05-19 21:33:25.662 D/NotificationService(1452): 0|org.telegram.messenger|1|null|10267: granting content://settings/system/notification_sound
05-19 21:33:25.662 V/chatty  (1452): uid=1000 system_server identical 1 line
05-19 21:33:25.664 D/NotificationService(1452): 0|org.telegram.messenger|1|null|10267: granting content://settings/system/notification_sound
05-19 21:33:25.769 W/NotificationHistory(1452): Attempted to add notif for locked/gone/disabled user 0
05-19 21:33:31.747 E/ShortcutService(1452): Invalid icon type in shortcut ndid_-1248362213. Bitmaps are not allowed in long-lived shortcuts. Use Resource icons, or Uri-based icons instead.
05-19 21:33:32.028 W/NotificationHistory(1452): Attempted to add notif for locked/gone/disabled user 0
05-19 21:33:33.226 I/ActivityTaskManager(1452): START u0 {act=com.tmessages.openchat0.4457207740172142147483647 cat=[android.intent.category.LAUNCHER] flg=0x4000000 cmp=org.telegram.messenger/org.telegram.ui.LaunchActivity (has extras)} from uid 10267
05-19 21:33:33.228 W/ActivityTaskManager(1452): startActivity called from non-Activity context; forcing Intent.FLAG_ACTIVITY_NEW_TASK for: Intent { act=com.tmessages.openchat0.4457207740172142147483647 cat=[android.intent.category.LAUNCHER] flg=0x4000000 cmp=org.telegram.messenger/org.telegram.ui.LaunchActivity (has extras) }
05-19 21:33:34.023 D/NotificationService(1452): 0|org.telegram.messenger|-1317366209|null|10267: granting content://org.telegram.messenger.provider/media/Telegram/Telegram%20Images/500153300985_119668.jpg
05-19 21:33:34.023 V/chatty  (1452): uid=1000 system_server identical 1 line
05-19 21:33:34.024 D/NotificationService(1452): 0|org.telegram.messenger|-1317366209|null|10267: granting content://org.telegram.messenger.provider/media/Telegram/Telegram%20Images/500153300985_119668.jpg
05-19 21:33:34.025 W/NotificationHistory(1452): Attempted to add notif for locked/gone/disabled user 0
05-19 21:33:41.005 W/ActivityManager(1452): Foreground service started from background can not have location/camera/microphone access: service com.whatsapp/.service.GcmFGService
05-19 21:33:41.211 D/NotificationService(1452): 0|com.whatsapp|11|null|10272: granting content://settings/system/notification_sound
05-19 21:33:41.212 V/chatty  (1452): uid=1000 system_server identical 1 line
05-19 21:33:41.213 D/NotificationService(1452): 0|com.whatsapp|11|null|10272: granting content://settings/system/notification_sound
05-19 21:33:41.216 W/NotificationHistory(1452): Attempted to add notif for locked/gone/disabled user 0
05-19 21:33:42.861 E/Telecom (1452): : getUserSelectedOutgoingPhoneAccount: TSI.gUSOPA@A3A
05-19 21:33:42.861 E/Telecom (1452): java.lang.SecurityException: getDefaultOutgoingPhoneAccount: Neither user 10272 nor current process has android.permission.READ_PRIVILEGED_PHONE_STATE.
05-19 21:33:42.861 E/Telecom (1452): 	at android.app.ContextImpl.enforce(ContextImpl.java:2018)
05-19 21:33:42.861 E/Telecom (1452): 	at android.app.ContextImpl.enforceCallingOrSelfPermission(ContextImpl.java:2046)
05-19 21:33:42.861 E/Telecom (1452): 	at android.content.ContextWrapper.enforceCallingOrSelfPermission(ContextWrapper.java:851)
05-19 21:33:42.861 E/Telecom (1452): 	at com.android.server.telecom.TelecomServiceImpl.isDialerOrPrivileged(TelecomServiceImpl.java:2242)
05-19 21:33:42.861 E/Telecom (1452): 	at com.android.server.telecom.TelecomServiceImpl.access$400(TelecomServiceImpl.java:75)
05-19 21:33:42.861 E/Telecom (1452): 	at com.android.server.telecom.TelecomServiceImpl$1.getUserSelectedOutgoingPhoneAccount(TelecomServiceImpl.java:150)
05-19 21:33:42.861 E/Telecom (1452): 	at com.android.internal.telecom.ITelecomService$Stub.onTransact(ITelecomService.java:762)
05-19 21:33:42.861 E/Telecom (1452): 	at android.os.Binder.execTransactInternal(Binder.java:1159)
05-19 21:33:42.861 E/Telecom (1452): 	at android.os.Binder.execTransact(Binder.java:1123)
05-19 21:33:42.914 W/ActivityManager(1452): Foreground service started from background can not have location/camera/microphone access: service com.whatsapp/.voipcalling.VoiceFGService
05-19 21:33:48.263 W/BroadcastQueue(1452): Background execution not allowed: receiving Intent { act=android.media.RINGER_MODE_CHANGED flg=0x34000010 (has extras) } to com.truecaller/.util.RingerModeChangedReceiver
05-19 21:33:55.989 I/ActivityTaskManager(1452): START u0 {act=com.whatsapp.intent.action.ACCEPT_CALL flg=0x10000000 cmp=com.whatsapp/.voipcalling.VoipActivityV2 bnds=[558,324][1032,504] (has extras)} from uid 10272
05-19 21:33:56.024 W/ActivityTaskManager(1452): Tried to set launchTime (0) < mLastActivityLaunchTime (1608287)
05-19 21:34:26.002 I/ActivityManager(1452): Killing 6275:com.android.cellbroadcastreceiver.module/u0a231 (adj 985): empty #17
05-19 21:34:31.326 D/CompatibilityChangeReporter(1452): Compat change id reported: 135634846; UID 10194; state: DISABLED
05-19 21:34:31.327 D/CompatibilityChangeReporter(1452): Compat change id reported: 143937733; UID 10194; state: DISABLED
05-19 21:34:31.342 I/ActivityManager(1452): Start proc 15986:com.android.vending:instant_app_installer/u0a194 for service {com.android.vending/com.google.android.finsky.instantapps.metrics.LogFlushJob}
05-19 21:34:31.643 I/ActivityManager(1452): Killing 14153:com.android.carrierdefaultapp/u0a143 (adj 975): empty #17
05-19 21:34:45.561 W/InputMethodManagerService(1452): Ignoring showSoftInput of uid 10267: com.android.internal.view.IInputMethodClient$Stub$Proxy@4a19f23
05-19 21:34:51.560 E/Telecom (1452): : getUserSelectedOutgoingPhoneAccount: TSI.gUSOPA@A4M
05-19 21:34:51.560 E/Telecom (1452): java.lang.SecurityException: getDefaultOutgoingPhoneAccount: Neither user 10272 nor current process has android.permission.READ_PRIVILEGED_PHONE_STATE.
05-19 21:34:51.560 E/Telecom (1452): 	at android.app.ContextImpl.enforce(ContextImpl.java:2018)
05-19 21:34:51.560 E/Telecom (1452): 	at android.app.ContextImpl.enforceCallingOrSelfPermission(ContextImpl.java:2046)
05-19 21:34:51.560 E/Telecom (1452): 	at android.content.ContextWrapper.enforceCallingOrSelfPermission(ContextWrapper.java:851)
05-19 21:34:51.560 E/Telecom (1452): 	at com.android.server.telecom.TelecomServiceImpl.isDialerOrPrivileged(TelecomServiceImpl.java:2242)
05-19 21:34:51.560 E/Telecom (1452): 	at com.android.server.telecom.TelecomServiceImpl.access$400(TelecomServiceImpl.java:75)
05-19 21:34:51.560 E/Telecom (1452): 	at com.android.server.telecom.TelecomServiceImpl$1.getUserSelectedOutgoingPhoneAccount(TelecomServiceImpl.java:150)
05-19 21:34:51.560 E/Telecom (1452): 	at com.android.internal.telecom.ITelecomService$Stub.onTransact(ITelecomService.java:762)
05-19 21:34:51.560 E/Telecom (1452): 	at android.os.Binder.execTransactInternal(Binder.java:1159)
05-19 21:34:51.560 E/Telecom (1452): 	at android.os.Binder.execTransact(Binder.java:1123)
05-19 21:34:51.616 W/ActivityManager(1452): Foreground service started from background can not have location/camera/microphone access: service com.whatsapp/.voipcalling.VoiceFGService
05-19 21:34:53.037 I/ActivityTaskManager(1452): START u0 {act=com.whatsapp.intent.action.ACCEPT_CALL flg=0x10000000 cmp=com.whatsapp/.voipcalling.VoipActivityV2 bnds=[558,324][1032,504] (has extras)} from uid 10272
05-19 21:34:53.056 W/ActivityTaskManager(1452): Tried to set launchTime (0) < mLastActivityLaunchTime (1827382)
05-19 21:35:01.884 D/CompatibilityChangeReporter(1452): Compat change id reported: 135634846; UID 10231; state: DISABLED
05-19 21:35:01.885 D/CompatibilityChangeReporter(1452): Compat change id reported: 143937733; UID 10231; state: ENABLED
05-19 21:35:01.900 I/ActivityManager(1452): Start proc 16168:com.android.cellbroadcastreceiver.module/u0a231 for broadcast {com.android.cellbroadcastreceiver.module/com.android.cellbroadcastreceiver.CellBroadcastReceiver}
05-19 21:35:17.516 I/ActivityManager(1452): Killing 8928:com.android.vending:download_service/u0a194 (adj 985): empty #17
05-19 21:35:17.551 D/ConnectivityService(1452): ConnectivityService NetworkRequestInfo binderDied(NetworkRequest [ LISTEN id=51, [ Capabilities: INTERNET&NOT_RESTRICTED&TRUSTED Uid: 10194 AdministratorUids: [] RequestorUid: 10194 RequestorPackageName: com.android.vending] ], android.os.BinderProxy@3c63bec)
05-19 21:35:17.551 D/ConnectivityService(1452): ConnectivityService NetworkRequestInfo binderDied(NetworkRequest [ TRACK_DEFAULT id=49, [ Capabilities: INTERNET&NOT_RESTRICTED&TRUSTED Uid: 10194 AdministratorUids: [] RequestorUid: 10194 RequestorPackageName: com.android.vending] ], android.os.BinderProxy@6319bb5)
05-19 21:35:17.551 D/ConnectivityService(1452): ConnectivityService NetworkRequestInfo binderDied(NetworkRequest [ TRACK_DEFAULT id=50, [ Capabilities: INTERNET&NOT_RESTRICTED&TRUSTED Uid: 10194 AdministratorUids: [] RequestorUid: 10194 RequestorPackageName: com.android.vending] ], android.os.BinderProxy@38ea24a)
05-19 21:35:25.944 D/NotificationService(1452): 0|com.paytm.business|1|null|10258: granting content://settings/system/notification_sound
05-19 21:35:25.946 V/chatty  (1452): uid=1000 system_server identical 1 line
05-19 21:35:25.947 D/NotificationService(1452): 0|com.paytm.business|1|null|10258: granting content://settings/system/notification_sound
05-19 21:35:25.949 W/NotificationHistory(1452): Attempted to add notif for locked/gone/disabled user 0
05-19 21:35:27.903 E/ShortcutService(1452): Invalid icon type in shortcut ndid_-1248362213. Bitmaps are not allowed in long-lived shortcuts. Use Resource icons, or Uri-based icons instead.
--------- beginning of main
05-19 21:35:27.977 D/androidtc(2895): Initializing SystemTextClassifier, type = System
05-19 21:35:28.017 D/androidtc(2895): Initializing SystemTextClassifier, type = System
05-19 21:35:28.061 W/androidtc(2895): Custom titleChooser return null, fallback to the default titleChooser
05-19 21:35:28.068 W/androidtc(2895): Custom titleChooser return null, fallback to the default titleChooser
05-19 21:35:28.101 D/NotificationService(1452): 0|org.telegram.messenger|1|null|10267: granting content://settings/system/notification_sound
05-19 21:35:28.101 V/chatty  (1452): uid=1000 system_server identical 1 line
05-19 21:35:28.111 D/NotificationService(1452): 0|org.telegram.messenger|1|null|10267: granting content://settings/system/notification_sound
05-19 21:35:28.131 D/InterruptionStateProvider(2517): No bubble up: not allowed to bubble: 0|org.telegram.messenger|1|null|10267
05-19 21:35:28.137 W/NotifBindPipeline(2517): Row is not set so pipeline will not run. notif = 0|org.telegram.messenger|1|null|10267
05-19 21:35:28.175 W/NotificationHistory(1452): Attempted to add notif for locked/gone/disabled user 0
05-19 21:35:28.187 D/InterruptionStateProvider(2517): No alerting: suppressed due to group alert behavior
05-19 21:35:28.189 D/InterruptionStateProvider(2517): No alerting: suppressed due to group alert behavior
05-19 21:35:28.214 W/TouchableRegionManager(2517): onHeadsUpPinnedModeChanged
05-19 21:35:28.308 D/InterruptionStateProvider(2517): No alerting: suppressed due to group alert behavior
05-19 21:35:28.310 D/InterruptionStateProvider(2517): No alerting: suppressed due to group alert behavior
05-19 21:35:28.846 V/chatty  (843): uid=1002 bluetooth@1.0-s expire 3 lines
05-19 21:35:28.851 V/chatty  (843): uid=1002 bluetooth@1.0-s expire 4 lines
05-19 21:35:29.359 D/WifiSarManager(1452): EarPiece active = false
05-19 21:35:29.782 D/ThermalEngine(1115): sensor_wait: quiet_therm Wait done.
05-19 21:35:29.783 D/ThermalEngine(1115): sensor_monitor: quiet_therm Reading 45000 .
05-19 21:35:29.783 I/ThermalEngine(1115): Sensor:quiet_therm:45000 mC
05-19 21:35:29.783 D/ThermalEngine(1115): update_active_thresh: quiet_therm Active(1), Hi(1) 55000, Lo(0) -2147483648, desc(0) Interval(0) -1
05-19 21:35:29.783 D/ThermalEngine(1115): sensor_monitor: quiet_therm Sensor wait.
05-19 21:35:29.783 D/ThermalEngine(1115): sensor_wait: quiet_therm Wait start. 10000ms
05-19 21:35:29.852 V/chatty  (843): uid=1002(bluetooth) POSIX timer 3 expire 2 lines
05-19 21:35:30.002 V/chatty  (843): uid=1002(bluetooth) POSIX timer 0 expire 1 line
05-19 21:35:32.318 D/WifiNetworkFactory(1452): got request NetworkRequest [ TRACK_DEFAULT id=111, [ Capabilities: INTERNET&NOT_RESTRICTED&TRUSTED Uid: 10258 AdministratorUids: [] RequestorUid: 10258 RequestorPackageName: com.paytm.business] ] with score 60 and providerId 5
05-19 21:35:32.318 D/UntrustedWifiNetworkFactory(1452): got request NetworkRequest [ TRACK_DEFAULT id=111, [ Capabilities: INTERNET&NOT_RESTRICTED&TRUSTED Uid: 10258 AdministratorUids: [] RequestorUid: 10258 RequestorPackageName: com.paytm.business] ] with score 60 and providerId 5
05-19 21:35:32.318 D/Ethernet(1452): got request NetworkRequest [ TRACK_DEFAULT id=111, [ Capabilities: INTERNET&NOT_RESTRICTED&TRUSTED Uid: 10258 AdministratorUids: [] RequestorUid: 10258 RequestorPackageName: com.paytm.business] ] with score 60 and providerId 5
05-19 21:35:32.319 D/PhoneSwitcherNetworkRequstListener(2864): got request NetworkRequest [ TRACK_DEFAULT id=111, [ Capabilities: INTERNET&NOT_RESTRICTED&TRUSTED Uid: 10258 AdministratorUids: [] RequestorUid: 10258 RequestorPackageName: com.paytm.business] ] with score 60 and providerId 5
05-19 21:35:32.690 V/chatty  (7249): uid=10258(com.paytm.business) expire 1 line
05-19 21:35:33.772 V/chatty  (843): uid=1002 bluetooth@1.0-s expire 3 lines
05-19 21:35:33.777 V/chatty  (843): uid=1002 bluetooth@1.0-s expire 4 lines
05-19 21:35:33.906 W/TouchableRegionManager(2517): onHeadsUpPinnedModeChanged
05-19 21:35:34.365 D/WifiSarManager(1452): EarPiece active = false
05-19 21:35:34.778 I/vendor.qti.bluetooth@1.0-ibs_handler(843): DeviceSleep: TX Awake, Sending SLEEP_IND
05-19 21:35:34.778 D/vendor.qti.bluetooth@1.0-ibs_handler(843): SerialClockVote: vote for UART CLK OFF
05-19 21:35:34.928 D/vendor.qti.bluetooth@1.0-wake_lock(843): Release wakelock is released 
05-19 21:35:36.256 I/BpBinder(904): onLastStrongRef automatically unlinking death recipients: <uncached descriptor>
05-19 21:35:36.323 I/BpBinder(904): onLastStrongRef automatically unlinking death recipients: <uncached descriptor>
05-19 21:35:36.325 W/VibratorService(1452): Failed to perform effect (2)
05-19 21:35:36.332 I/BpBinder(904): onLastStrongRef automatically unlinking death recipients: <uncached descriptor>
05-19 21:35:36.398 V/chatty  (904): uid=1000(system) Binder:904_1 identical 13 lines
05-19 21:35:36.406 I/BpBinder(904): onLastStrongRef automatically unlinking death recipients: <uncached descriptor>
05-19 21:35:36.414 I/BpBinder(904): onLastStrongRef automatically unlinking death recipients: <uncached descriptor>
05-19 21:35:36.422 I/BpBinder(904): onLastStrongRef automatically unlinking death recipients: <uncached descriptor>
05-19 21:35:36.431 I/BpBinder(904): onLastStrongRef automatically unlinking death recipients: <uncached descriptor>
05-19 21:35:36.481 I/BpBinder(904): onLastStrongRef automatically unlinking death recipients: <uncached descriptor>
05-19 21:35:36.489 I/BpBinder(904): onLastStrongRef automatically unlinking death recipients: <uncached descriptor>
05-19 21:35:36.506 I/BpBinder(904): onLastStrongRef automatically unlinking death recipients: <uncached descriptor>
05-19 21:35:36.523 I/BpBinder(904): onLastStrongRef automatically unlinking death recipients: <uncached descriptor>
05-19 21:35:36.581 I/BpBinder(904): onLastStrongRef automatically unlinking death recipients: <uncached descriptor>
05-19 21:35:36.692 I/BpBinder(904): onLastStrongRef automatically unlinking death recipients: <uncached descriptor>
05-19 21:35:36.708 I/NodeLooperThrea(856): type=1400 audit(0.0:11431): avc: denied { search } for name="devfreq" dev="sysfs" ino=41574 scontext=u:r:hal_power_default:s0 tcontext=u:object_r:sysfs_devfreq:s0 tclass=dir permissive=1
05-19 21:35:36.708 I/NodeLooperThrea(856): type=1400 audit(0.0:11432): avc: denied { write } for name="hyst_trigger_count" dev="sysfs" ino=56737 scontext=u:r:hal_power_default:s0 tcontext=u:object_r:sysfs_devfreq:s0 tclass=file permissive=1
05-19 21:35:36.708 I/NodeLooperThrea(856): type=1400 audit(0.0:11433): avc: denied { open } for path="/sys/devices/soc/soc:qcom,cpubw/devfreq/soc:qcom,cpubw/bw_hwmon/hyst_trigger_count" dev="sysfs" ino=56737 scontext=u:r:hal_power_default:s0 tcontext=u:object_r:sysfs_devfreq:s0 tclass=file permissive=1
05-19 21:35:36.716 D/InputDispatcher(1452): Waiting to send key to Window{6621d85 u0 com.whatsapp/com.whatsapp.voipcalling.VoipActivityV2} because there are unprocessed events that may cause focus to change
05-19 21:35:36.718 I/BpBinder(904): onLastStrongRef automatically unlinking death recipients: <uncached descriptor>
05-19 21:35:36.719 D/InputDispatcher(1452): Waiting to send key to Window{6621d85 u0 com.whatsapp/com.whatsapp.voipcalling.VoipActivityV2} because there are unprocessed events that may cause focus to change
05-19 21:35:36.766 D/PipTaskOrganizer(2517): Ignored onTaskInfoChanged with PiP param: android.app.PictureInPictureParams@718b59f
05-19 21:35:36.782 W/InputMethodManagerService(1452): Ignoring showSoftInput of uid 10267: com.android.internal.view.IInputMethodClient$Stub$Proxy@c034e64
05-19 21:35:36.892 I/LatinIME(4525): Starting input. Cursor position = 0,0
05-19 21:35:36.934 D/vendor.qti.bluetooth@1.0-ibs_handler(843): SerialClockVote: vote for UART CLK ON
05-19 21:35:36.935 D/vendor.qti.bluetooth@1.0-wake_lock(843): Acquire wakelock is acquired 
05-19 21:35:36.935 I/vendor.qti.bluetooth@1.0-ibs_handler(843): DeviceWakeUp: Writing IBS_WAKE_IND
05-19 21:35:36.938 I/vendor.qti.bluetooth@1.0-ibs_handler(843): ProcessIbsCmd: Received IBS_WAKE_ACK: 0xFC
05-19 21:35:36.939 I/vendor.qti.bluetooth@1.0-ibs_handler(843): ProcessIbsCmd: Received IBS_WAKE_IND: 0xFD
05-19 21:35:36.939 I/vendor.qti.bluetooth@1.0-ibs_handler(843): ProcessIbsCmd: Writing IBS_WAKE_ACK
05-19 21:35:36.979 I/vendor.qti.bluetooth@1.0-ibs_handler(843): ProcessIbsCmd: Received IBS_SLEEP_IND: 0xFE
05-19 21:35:37.036 D/androidtc(2895): Initializing SystemTextClassifier, type = System
05-19 21:35:37.088 W/androidtc(2895): Custom titleChooser return null, fallback to the default titleChooser
05-19 21:35:37.092 W/androidtc(2895): Custom titleChooser return null, fallback to the default titleChooser
05-19 21:35:37.235 D/NotificationService(1452): 0|org.telegram.messenger|-1317366209|null|10267: granting content://org.telegram.messenger.provider/media/Telegram/Telegram%20Images/500153300985_119668.jpg
05-19 21:35:37.236 V/chatty  (1452): uid=1000 system_server identical 1 line
05-19 21:35:37.236 D/NotificationService(1452): 0|org.telegram.messenger|-1317366209|null|10267: granting content://org.telegram.messenger.provider/media/Telegram/Telegram%20Images/500153300985_119668.jpg
05-19 21:35:37.238 W/NotificationHistory(1452): Attempted to add notif for locked/gone/disabled user 0
05-19 21:35:37.261 D/InterruptionStateProvider(2517): No bubble up: not allowed to bubble: 0|org.telegram.messenger|-1317366209|null|10267
05-19 21:35:37.264 D/InterruptionStateProvider(2517): No heads up: unimportant notification: 0|org.telegram.messenger|-1317366209|null|10267
05-19 21:35:37.368 I/NodeLooperThrea(856): type=1400 audit(0.0:11434): avc: denied { write } for name="force_rail_on" dev="sysfs" ino=30940 scontext=u:r:hal_power_default:s0 tcontext=u:object_r:sysfs_kgsl:s0 tclass=file permissive=1
05-19 21:35:37.368 I/NodeLooperThrea(856): type=1400 audit(0.0:11435): avc: denied { open } for path="/sys/devices/soc/5000000.qcom,kgsl-3d0/kgsl/kgsl-3d0/force_rail_on" dev="sysfs" ino=30940 scontext=u:r:hal_power_default:s0 tcontext=u:object_r:sysfs_kgsl:s0 tclass=file permissive=1
05-19 21:35:37.377 I/ActivityTaskManager(1452): START u0 {flg=0x10000000 cmp=com.android.systemui/.pip.phone.PipMenuActivity (has extras)} from uid 10225
05-19 21:35:37.378 D/android.hardware.power@1.3-service.xiaomi_sdm660-libperfmgr(856): LAUNCH: 1
05-19 21:35:37.381 D/android.hardware.power@1.3-service.xiaomi_sdm660-libperfmgr(856): LAUNCH: 1
05-19 21:35:37.381 W/ActivityTaskManager(1452): Tried to set launchTime (0) < mLastActivityLaunchTime (1587020)
05-19 21:35:37.467 D/android.hardware.power@1.3-service.xiaomi_sdm660-libperfmgr(856): LAUNCH: 0
05-19 21:35:37.938 I/vendor.qti.bluetooth@1.0-ibs_handler(843): DeviceSleep: TX Awake, Sending SLEEP_IND
05-19 21:35:37.938 D/vendor.qti.bluetooth@1.0-ibs_handler(843): SerialClockVote: vote for UART CLK OFF
05-19 21:35:38.089 D/vendor.qti.bluetooth@1.0-wake_lock(843): Release wakelock is released 
05-19 21:35:38.348 I/NodeLooperThrea(856): type=1400 audit(0.0:11436): avc: denied { write } for name="hyst_trigger_count" dev="sysfs" ino=56737 scontext=u:r:hal_power_default:s0 tcontext=u:object_r:sysfs_devfreq:s0 tclass=file permissive=1
05-19 21:35:38.348 I/NodeLooperThrea(856): type=1400 audit(0.0:11437): avc: denied { open } for path="/sys/devices/soc/soc:qcom,cpubw/devfreq/soc:qcom,cpubw/bw_hwmon/hyst_trigger_count" dev="sysfs" ino=56737 scontext=u:r:hal_power_default:s0 tcontext=u:object_r:sysfs_devfreq:s0 tclass=file permissive=1
05-19 21:35:38.805 D/vendor.qti.bluetooth@1.0-ibs_handler(843): SerialClockVote: vote for UART CLK ON
05-19 21:35:38.806 D/vendor.qti.bluetooth@1.0-wake_lock(843): Acquire wakelock is acquired 
05-19 21:35:38.806 I/vendor.qti.bluetooth@1.0-ibs_handler(843): DeviceWakeUp: Writing IBS_WAKE_IND
05-19 21:35:38.809 I/vendor.qti.bluetooth@1.0-ibs_handler(843): ProcessIbsCmd: Received IBS_WAKE_ACK: 0xFC
05-19 21:35:38.810 I/vendor.qti.bluetooth@1.0-ibs_handler(843): ProcessIbsCmd: Received IBS_WAKE_IND: 0xFD
05-19 21:35:38.810 I/vendor.qti.bluetooth@1.0-ibs_handler(843): ProcessIbsCmd: Writing IBS_WAKE_ACK
05-19 21:35:38.828 I/Thread-364(7277): type=1400 audit(0.0:11438): avc: denied { call } for scontext=u:r:gmscore_app:s0:c512,c768 tcontext=u:r:hal_memtrack_default:s0 tclass=binder permissive=1 app=com.google.android.gms
05-19 21:35:38.851 I/vendor.qti.bluetooth@1.0-ibs_handler(843): ProcessIbsCmd: Received IBS_SLEEP_IND: 0xFE
05-19 21:35:38.980 D/PipTaskOrganizer(2517): Ignored onTaskInfoChanged with PiP param: android.app.PictureInPictureParams@abefcbd
05-19 21:35:39.366 D/WifiSarManager(1452): EarPiece active = false
05-19 21:35:39.784 D/ThermalEngine(1115): sensor_wait: quiet_therm Wait done.
05-19 21:35:39.785 D/ThermalEngine(1115): sensor_monitor: quiet_therm Reading 45000 .
05-19 21:35:39.785 I/ThermalEngine(1115): Sensor:quiet_therm:45000 mC
05-19 21:35:39.785 D/ThermalEngine(1115): update_active_thresh: quiet_therm Active(1), Hi(1) 55000, Lo(0) -2147483648, desc(0) Interval(0) -1
05-19 21:35:39.785 D/ThermalEngine(1115): sensor_monitor: quiet_therm Sensor wait.
05-19 21:35:39.785 D/ThermalEngine(1115): sensor_wait: quiet_therm Wait start. 10000ms
05-19 21:35:39.810 I/vendor.qti.bluetooth@1.0-ibs_handler(843): DeviceSleep: TX Awake, Sending SLEEP_IND
05-19 21:35:39.810 D/vendor.qti.bluetooth@1.0-ibs_handler(843): SerialClockVote: vote for UART CLK OFF
05-19 21:35:39.831 D/PipTaskOrganizer(2517): Ignored onTaskInfoChanged with PiP param: android.app.PictureInPictureParams@e0675
05-19 21:35:39.960 D/vendor.qti.bluetooth@1.0-wake_lock(843): Release wakelock is released 
05-19 21:35:40.256 D/RecentsOrientedState(3032): current RecentsOrientedState: [this=RecentsOrientedState@7637247 mOrientationHandler=PortraitPagedViewHandler@76a88c0 mDisplayRotation=0 mTouchRotation=0 mRecentsActivityRotation=0 isRecentsActivityRotationAllowed=false mSystemRotation=false mFlags=35]
05-19 21:35:40.257 V/chatty  (3032): uid=1000(system) com.android.launcher3 identical 8 lines
05-19 21:35:40.257 D/RecentsOrientedState(3032): current RecentsOrientedState: [this=RecentsOrientedState@7637247 mOrientationHandler=PortraitPagedViewHandler@76a88c0 mDisplayRotation=0 mTouchRotation=0 mRecentsActivityRotation=0 isRecentsActivityRotationAllowed=false mSystemRotation=false mFlags=35]
05-19 21:35:40.258 I/NodeLooperThrea(856): type=1400 audit(0.0:11439): avc: denied { search } for name="devfreq" dev="sysfs" ino=41574 scontext=u:r:hal_power_default:s0 tcontext=u:object_r:sysfs_devfreq:s0 tclass=dir permissive=1
05-19 21:35:40.258 D/RecentsOrientedState(3032): current RecentsOrientedState: [this=RecentsOrientedState@7c7da43 mOrientationHandler=PortraitPagedViewHandler@76a88c0 mDisplayRotation=0 mTouchRotation=0 mRecentsActivityRotation=0 isRecentsActivityRotationAllowed=false mSystemRotation=false mFlags=35]
05-19 21:35:40.267 D/RecentsOrientedState(3032): current RecentsOrientedState: [this=RecentsOrientedState@7c7da43 mOrientationHandler=PortraitPagedViewHandler@76a88c0 mDisplayRotation=0 mTouchRotation=0 mRecentsActivityRotation=0 isRecentsActivityRotationAllowed=false mSystemRotation=false mFlags=35]
05-19 21:35:40.268 D/android.hardware.power@1.3-service.xiaomi_sdm660-libperfmgr(856): LAUNCH: 1
05-19 21:35:40.277 W/InputDispatcher(1452): Failed to pilfer pointers: no pointers on display 0.
05-19 21:35:40.290 D/RecentsOrientedState(3032): current RecentsOrientedState: [this=RecentsOrientedState@7637247 mOrientationHandler=PortraitPagedViewHandler@76a88c0 mDisplayRotation=0 mTouchRotation=0 mRecentsActivityRotation=0 isRecentsActivityRotationAllowed=false mSystemRotation=false mFlags=35]
05-19 21:35:40.290 V/ShadeControllerImpl(2517): NotificationShadeWindow: com.android.systemui.statusbar.phone.NotificationShadeWindowView{26fc9c3 I.E...... ......ID 0,0-1080,2340} canPanelBeCollapsed(): false
05-19 21:35:40.290 D/RecentsOrientedState(3032): current RecentsOrientedState: [this=RecentsOrientedState@7637247 mOrientationHandler=PortraitPagedViewHandler@76a88c0 mDisplayRotation=0 mTouchRotation=0 mRecentsActivityRotation=0 isRecentsActivityRotationAllowed=false mSystemRotation=false mFlags=35]
05-19 21:35:40.290 D/RecentsOrientedState(3032): current RecentsOrientedState: [this=RecentsOrientedState@7c7da43 mOrientationHandler=PortraitPagedViewHandler@76a88c0 mDisplayRotation=0 mTouchRotation=0 mRecentsActivityRotation=0 isRecentsActivityRotationAllowed=false mSystemRotation=false mFlags=35]
05-19 21:35:40.290 D/RecentsOrientedState(3032): current RecentsOrientedState: [this=RecentsOrientedState@7c7da43 mOrientationHandler=PortraitPagedViewHandler@76a88c0 mDisplayRotation=0 mTouchRotation=0 mRecentsActivityRotation=0 isRecentsActivityRotationAllowed=false mSystemRotation=false mFlags=35]
05-19 21:35:40.397 E/FrameEvents(1452): updateAcquireFence: Did not find frame.
05-19 21:35:40.423 W/ActivityTaskManager(1452): Duplicate finish request for r=ActivityRecord{17c32c7 u0 com.android.systemui/.pip.phone.PipMenuActivity t61 f}}
05-19 21:35:40.946 D/RecentsOrientedState(3032): current RecentsOrientedState: [this=RecentsOrientedState@7c7da43 mOrientationHandler=PortraitPagedViewHandler@76a88c0 mDisplayRotation=0 mTouchRotation=0 mRecentsActivityRotation=0 isRecentsActivityRotationAllowed=false mSystemRotation=false mFlags=291]
05-19 21:35:40.950 D/RecentsOrientedState(3032): current RecentsOrientedState: [this=RecentsOrientedState@7c7da43 mOrientationHandler=PortraitPagedViewHandler@76a88c0 mDisplayRotation=0 mTouchRotation=0 mRecentsActivityRotation=0 isRecentsActivityRotationAllowed=false mSystemRotation=false mFlags=291]
05-19 21:35:40.965 D/android.hardware.power@1.3-service.xiaomi_sdm660-libperfmgr(856): LAUNCH: 0
05-19 21:35:40.998 D/RecentsOrientedState(3032): current RecentsOrientedState: [this=RecentsOrientedState@7c7da43 mOrientationHandler=PortraitPagedViewHandler@76a88c0 mDisplayRotation=0 mTouchRotation=0 mRecentsActivityRotation=0 isRecentsActivityRotationAllowed=false mSystemRotation=false mFlags=291]
05-19 21:35:40.999 D/RecentsOrientedState(3032): current RecentsOrientedState: [this=RecentsOrientedState@7c7da43 mOrientationHandler=PortraitPagedViewHandler@76a88c0 mDisplayRotation=0 mTouchRotation=0 mRecentsActivityRotation=0 isRecentsActivityRotationAllowed=false mSystemRotation=false mFlags=291]
05-19 21:35:41.503 I/ActivityTaskManager(1452): START u0 {act=android.intent.action.MAIN cat=[android.intent.category.LAUNCHER] flg=0x10200000 pkg=com.android.vending cmp=com.android.vending/.AssetBrowserActivity bnds=[839,1561][1038,1925]} from uid 1000
05-19 21:35:41.524 D/android.hardware.power@1.3-service.xiaomi_sdm660-libperfmgr(856): LAUNCH: 1
05-19 21:35:41.539 W/ActivityTaskManager(1452): Tried to set launchTime (0) < mLastActivityLaunchTime (804914)
05-19 21:35:41.561 V/chatty  (3852): uid=10194(com.android.vending) expire 23 lines
05-19 21:35:41.590 W/WindowManager(1452): Unable to find process with pid=3032 uid=1000
05-19 21:35:41.600 D/CompatibilityChangeReporter(1452): Compat change id reported: 136274596; UID 10194; state: DISABLED
05-19 21:35:41.652 V/chatty  (3852): uid=10194(com.android.vending) expire 26 lines
05-19 21:35:41.655 I/ActivityTaskManager(1452): Displayed com.android.vending/.AssetBrowserActivity: +146ms
05-19 21:35:41.658 I/NodeLooperThrea(856): type=1400 audit(0.0:11440): avc: denied { read } for name="devfreq" dev="sysfs" ino=31030 scontext=u:r:hal_power_default:s0 tcontext=u:object_r:sysfs_kgsl:s0 tclass=lnk_file permissive=1
05-19 21:35:41.701 D/BoundBrokerSvc(7277): onBind: Intent { act=com.google.android.mobstore.service.START pkg=com.google.android.gms }
05-19 21:35:41.701 D/BoundBrokerSvc(7277): Loading bound service for intent: Intent { act=com.google.android.mobstore.service.START pkg=com.google.android.gms }
05-19 21:35:42.063 W/WindowManager(1452): Unable to find process with pid=3032 uid=1000
05-19 21:35:42.077 E/Layer   (904): [Surface(name=Task=1)/@0x10768e3 - animation-leash#0] No local sync point found
05-19 21:35:42.077 E/Layer   (904): [Surface(name=Task=1)/@0x10768e3 - animation-leash#0] No local sync point found
05-19 21:35:42.077 E/Layer   (904): [Surface(name=Task=62)/@0xfbecf81 - animation-leash#0] No local sync point found
05-19 21:35:42.077 E/Layer   (904): [Surface(name=Task=62)/@0xfbecf81 - animation-leash#0] No local sync point found
05-19 21:35:42.078 I/FrameworkReceiv(2850): type=1400 audit(0.0:11441): avc: denied { call } for scontext=u:r:radio:s0 tcontext=u:r:cnd:s0 tclass=binder permissive=1
05-19 21:35:42.083 D/QCNEJ/WlanStaInfoRelay(2850): Received action: android.net.wifi.RSSI_CHANGED
05-19 21:35:42.084 I/QCNEJ/NativeHalConnector(2850): -> SND notifyWlanStaStatusChanged([WlanStaInfo]: wifiSwitchState = 1 rssi = -54 ssid = SHAIK bssid = 90:8d:78:f7:47:c1 dnsInfo = 103.15.63.4;8.8.8.8;0.0.0.0;0.0.0.0; freqBand = _2GHz countryCode = in[RatInfo]: networkType = 1 subType = 101 networkState = CONNECTED netHdl = 437197393933 ipAddrV4 = 192.168.0.8 ipAddrV6 =  ifNameV4 = wlan0 ifNameV6 =  slotIdx = 0 isAndroidValidated = true) timeStamp = 2021-05-19 21:35:42.083
05-19 21:35:42.467 D/android.hardware.power@1.3-service.xiaomi_sdm660-libperfmgr(856): LAUNCH: 0
05-19 21:35:43.048 D/PipTaskOrganizer(2517): Ignored onTaskInfoChanged with PiP param: android.app.PictureInPictureParams@fee76e5
05-19 21:35:43.746 D/vendor.qti.bluetooth@1.0-ibs_handler(843): SerialClockVote: vote for UART CLK ON
05-19 21:35:43.747 D/vendor.qti.bluetooth@1.0-wake_lock(843): Acquire wakelock is acquired 
05-19 21:35:43.748 I/vendor.qti.bluetooth@1.0-ibs_handler(843): DeviceWakeUp: Writing IBS_WAKE_IND
05-19 21:35:43.749 I/vendor.qti.bluetooth@1.0-ibs_handler(843): ProcessIbsCmd: Received IBS_WAKE_ACK: 0xFC
05-19 21:35:43.750 I/vendor.qti.bluetooth@1.0-ibs_handler(843): ProcessIbsCmd: Received IBS_WAKE_IND: 0xFD
05-19 21:35:43.750 I/vendor.qti.bluetooth@1.0-ibs_handler(843): ProcessIbsCmd: Writing IBS_WAKE_ACK
05-19 21:35:43.792 I/vendor.qti.bluetooth@1.0-ibs_handler(843): ProcessIbsCmd: Received IBS_SLEEP_IND: 0xFE
05-19 21:35:44.370 D/WifiSarManager(1452): EarPiece active = false
05-19 21:35:44.749 I/vendor.qti.bluetooth@1.0-ibs_handler(843): DeviceSleep: TX Awake, Sending SLEEP_IND
05-19 21:35:44.750 D/vendor.qti.bluetooth@1.0-ibs_handler(843): SerialClockVote: vote for UART CLK OFF
05-19 21:35:44.900 D/vendor.qti.bluetooth@1.0-wake_lock(843): Release wakelock is released 
05-19 21:35:45.098 I/FrameworkReceiv(2850): type=1400 audit(0.0:11442): avc: denied { call } for scontext=u:r:radio:s0 tcontext=u:r:cnd:s0 tclass=binder permissive=1
05-19 21:35:45.109 D/QCNEJ/WlanStaInfoRelay(2850): Received action: android.net.wifi.RSSI_CHANGED
05-19 21:35:45.110 I/QCNEJ/NativeHalConnector(2850): -> SND notifyWlanStaStatusChanged([WlanStaInfo]: wifiSwitchState = 1 rssi = -56 ssid = SHAIK bssid = 90:8d:78:f7:47:c1 dnsInfo = 103.15.63.4;8.8.8.8;0.0.0.0;0.0.0.0; freqBand = _2GHz countryCode = in[RatInfo]: networkType = 1 subType = 101 networkState = CONNECTED netHdl = 437197393933 ipAddrV4 = 192.168.0.8 ipAddrV6 =  ifNameV4 = wlan0 ifNameV6 =  slotIdx = 0 isAndroidValidated = true) timeStamp = 2021-05-19 21:35:45.11
05-19 21:35:45.647 I/LatinIME(4525): Starting input. Cursor position = 0,0
05-19 21:35:45.647 W/LatinIME(4525): Deprecated private IME option specified: nm
05-19 21:35:45.647 W/LatinIME(4525): Use com.android.inputmethod.latin.noMicrophoneKey instead
05-19 21:35:46.066 D/PipTaskOrganizer(2517): Ignored onTaskInfoChanged with PiP param: android.app.PictureInPictureParams@4d01eee
05-19 21:35:48.125 D/QCNEJ/WlanStaInfoRelay(2850): Received action: android.net.wifi.RSSI_CHANGED
05-19 21:35:48.126 I/QCNEJ/NativeHalConnector(2850): -> SND notifyWlanStaStatusChanged([WlanStaInfo]: wifiSwitchState = 1 rssi = -54 ssid = SHAIK bssid = 90:8d:78:f7:47:c1 dnsInfo = 103.15.63.4;8.8.8.8;0.0.0.0;0.0.0.0; freqBand = _2GHz countryCode = in[RatInfo]: networkType = 1 subType = 101 networkState = CONNECTED netHdl = 437197393933 ipAddrV4 = 192.168.0.8 ipAddrV6 =  ifNameV4 = wlan0 ifNameV6 =  slotIdx = 0 isAndroidValidated = true) timeStamp = 2021-05-19 21:35:48.126
05-19 21:35:48.854 D/vendor.qti.bluetooth@1.0-ibs_handler(843): SerialClockVote: vote for UART CLK ON
05-19 21:35:48.856 D/vendor.qti.bluetooth@1.0-wake_lock(843): Acquire wakelock is acquired 
05-19 21:35:48.856 I/vendor.qti.bluetooth@1.0-ibs_handler(843): DeviceWakeUp: Writing IBS_WAKE_IND
05-19 21:35:48.859 I/vendor.qti.bluetooth@1.0-ibs_handler(843): ProcessIbsCmd: Received IBS_WAKE_ACK: 0xFC
05-19 21:35:48.860 I/vendor.qti.bluetooth@1.0-ibs_handler(843): ProcessIbsCmd: Received IBS_WAKE_IND: 0xFD
05-19 21:35:48.860 I/vendor.qti.bluetooth@1.0-ibs_handler(843): ProcessIbsCmd: Writing IBS_WAKE_ACK
05-19 21:35:48.901 I/vendor.qti.bluetooth@1.0-ibs_handler(843): ProcessIbsCmd: Received IBS_SLEEP_IND: 0xFE
05-19 21:35:49.372 D/WifiSarManager(1452): EarPiece active = false
05-19 21:35:49.785 D/ThermalEngine(1115): sensor_wait: quiet_therm Wait done.
05-19 21:35:49.786 D/ThermalEngine(1115): sensor_monitor: quiet_therm Reading 45000 .
05-19 21:35:49.786 I/ThermalEngine(1115): Sensor:quiet_therm:45000 mC
05-19 21:35:49.786 D/ThermalEngine(1115): update_active_thresh: quiet_therm Active(1), Hi(1) 55000, Lo(0) -2147483648, desc(0) Interval(0) -1
05-19 21:35:49.786 D/ThermalEngine(1115): sensor_monitor: quiet_therm Sensor wait.
05-19 21:35:49.786 D/ThermalEngine(1115): sensor_wait: quiet_therm Wait start. 10000ms
05-19 21:35:49.859 I/vendor.qti.bluetooth@1.0-ibs_handler(843): DeviceSleep: TX Awake, Sending SLEEP_IND
05-19 21:35:49.860 D/vendor.qti.bluetooth@1.0-ibs_handler(843): SerialClockVote: vote for UART CLK OFF
05-19 21:35:50.010 D/vendor.qti.bluetooth@1.0-wake_lock(843): Release wakelock is released 
05-19 21:35:51.163 D/QCNEJ/WlanStaInfoRelay(2850): Received action: android.net.wifi.RSSI_CHANGED
05-19 21:35:51.164 I/QCNEJ/NativeHalConnector(2850): -> SND notifyWlanStaStatusChanged([WlanStaInfo]: wifiSwitchState = 1 rssi = -59 ssid = SHAIK bssid = 90:8d:78:f7:47:c1 dnsInfo = 103.15.63.4;8.8.8.8;0.0.0.0;0.0.0.0; freqBand = _2GHz countryCode = in[RatInfo]: networkType = 1 subType = 101 networkState = CONNECTED netHdl = 437197393933 ipAddrV4 = 192.168.0.8 ipAddrV6 =  ifNameV4 = wlan0 ifNameV6 =  slotIdx = 0 isAndroidValidated = true) timeStamp = 2021-05-19 21:35:51.163
05-19 21:35:51.538 I/NodeLooperThrea(856): type=1400 audit(0.0:11443): avc: denied { search } for name="devfreq" dev="sysfs" ino=41574 scontext=u:r:hal_power_default:s0 tcontext=u:object_r:sysfs_devfreq:s0 tclass=dir permissive=1
05-19 21:35:51.538 I/NodeLooperThrea(856): type=1400 audit(0.0:11444): avc: denied { write } for name="hyst_trigger_count" dev="sysfs" ino=56737 scontext=u:r:hal_power_default:s0 tcontext=u:object_r:sysfs_devfreq:s0 tclass=file permissive=1
05-19 21:35:51.538 I/NodeLooperThrea(856): type=1400 audit(0.0:11445): avc: denied { open } for path="/sys/devices/soc/soc:qcom,cpubw/devfreq/soc:qcom,cpubw/bw_hwmon/hyst_trigger_count" dev="sysfs" ino=56737 scontext=u:r:hal_power_default:s0 tcontext=u:object_r:sysfs_devfreq:s0 tclass=file permissive=1
05-19 21:35:52.018 D/PipTaskOrganizer(2517): Ignored onTaskInfoChanged with PiP param: android.app.PictureInPictureParams@8977a9
05-19 21:35:52.051 V/chatty  (3852): uid=10194(com.android.vending) expire 301 lines
05-19 21:35:52.063 V/chatty  (3852): uid=10194(com.android.vending) expire 28 lines
05-19 21:35:52.098 I/LatinIME(4525): Starting input. Cursor position = 6,6
05-19 21:35:52.098 W/LatinIME(4525): Deprecated private IME option specified: nm
05-19 21:35:52.098 W/LatinIME(4525): Use com.android.inputmethod.latin.noMicrophoneKey instead
05-19 21:35:52.168 E/RichInputConnection(4525): Unable to connect to the editor to retrieve text.
05-19 21:35:52.168 D/RichInputConnection(4525): Will try to retrieve text later.
05-19 21:35:52.169 E/RichInputConnection(4525): Unable to connect to the editor to retrieve text.
05-19 21:35:52.169 W/RichInputConnection(4525): Unable to connect to the editor. Setting caps mode without knowing text.
05-19 21:35:52.169 E/RichInputConnection(4525): Unable to connect to the editor to retrieve text.
05-19 21:35:52.170 W/RichInputConnection(4525): Unable to connect to the editor. Setting caps mode without knowing text.
05-19 21:35:52.205 E/RichInputConnection(4525): Unable to connect to the editor to retrieve text.
05-19 21:35:52.205 D/RichInputConnection(4525): Will try to retrieve text later.
05-19 21:35:52.220 E/RichInputConnection(4525): Unable to connect to the editor to retrieve text.
05-19 21:35:52.220 D/RichInputConnection(4525): Will try to retrieve text later.
05-19 21:35:52.221 E/RichInputConnection(4525): Unable to connect to the editor to retrieve text.
05-19 21:35:52.221 D/RichInputConnection(4525): Will try to retrieve text later.
05-19 21:35:52.222 E/RichInputConnection(4525): Unable to connect to the editor to retrieve text.
05-19 21:35:52.222 D/RichInputConnection(4525): Will try to retrieve text later.
05-19 21:35:52.222 E/RichInputConnection(4525): Unable to connect to the editor to retrieve text.
05-19 21:35:52.222 D/RichInputConnection(4525): Will try to retrieve text later.
05-19 21:35:52.223 E/RichInputConnection(4525): Unable to connect to the editor to retrieve text.
05-19 21:35:52.223 D/RichInputConnection(4525): Will try to retrieve text later.
05-19 21:35:52.224 E/RichInputConnection(4525): Unable to connect to the editor to retrieve text.
05-19 21:35:52.224 W/RichInputConnection(4525): Unable to connect to the editor. Setting caps mode without knowing text.
05-19 21:35:52.517 D/PipTaskOrganizer(2517): Ignored onTaskInfoChanged with PiP param: android.app.PictureInPictureParams@92bd4cf
05-19 21:35:53.760 D/vendor.qti.bluetooth@1.0-ibs_handler(843): SerialClockVote: vote for UART CLK ON
05-19 21:35:53.761 D/vendor.qti.bluetooth@1.0-wake_lock(843): Acquire wakelock is acquired 
05-19 21:35:53.761 I/vendor.qti.bluetooth@1.0-ibs_handler(843): DeviceWakeUp: Writing IBS_WAKE_IND
05-19 21:35:53.765 I/vendor.qti.bluetooth@1.0-ibs_handler(843): ProcessIbsCmd: Received IBS_WAKE_ACK: 0xFC
05-19 21:35:53.766 I/vendor.qti.bluetooth@1.0-ibs_handler(843): ProcessIbsCmd: Received IBS_WAKE_IND: 0xFD
05-19 21:35:53.766 I/vendor.qti.bluetooth@1.0-ibs_handler(843): ProcessIbsCmd: Writing IBS_WAKE_ACK
05-19 21:35:53.813 I/vendor.qti.bluetooth@1.0-ibs_handler(843): ProcessIbsCmd: Received IBS_SLEEP_IND: 0xFE
05-19 21:35:54.316 V/chatty  (3852): uid=10194(com.android.vending) expire 10 lines
05-19 21:35:54.322 V/chatty  (3852): uid=10194(com.android.vending) expire 28 lines
05-19 21:35:54.374 D/WifiSarManager(1452): EarPiece active = false
05-19 21:35:54.624 V/chatty  (3852): uid=10194(com.android.vending) expire 1 line
05-19 21:35:54.688 V/chatty  (3852): uid=10194(com.android.vending) expire 15 lines
05-19 21:35:54.740 V/chatty  (3852): uid=10194(com.android.vending) expire 17 lines
05-19 21:35:54.765 I/vendor.qti.bluetooth@1.0-ibs_handler(843): DeviceSleep: TX Awake, Sending SLEEP_IND
05-19 21:35:54.765 D/vendor.qti.bluetooth@1.0-ibs_handler(843): SerialClockVote: vote for UART CLK OFF
05-19 21:35:54.915 D/vendor.qti.bluetooth@1.0-wake_lock(843): Release wakelock is released 
05-19 21:35:55.028 V/chatty  (3852): uid=10194(com.android.vending) expire 1 line
05-19 21:35:55.047 V/chatty  (3852): uid=10194(com.android.vending) expire 15 lines
05-19 21:35:55.065 D/CompatibilityChangeReporter(1452): Compat change id reported: 135634846; UID 10194; state: DISABLED
05-19 21:35:55.065 D/CompatibilityChangeReporter(1452): Compat change id reported: 143937733; UID 10194; state: DISABLED
05-19 21:35:55.073 D/Zygote  (780): Forked child process 16271
05-19 21:35:55.076 I/ActivityManager(1452): Start proc 16271:com.android.vending:download_service/u0a194 for service {com.android.vending/com.google.android.finsky.ipcservers.downloadservice.DownloadServiceGrpcServerAndroidService}
05-19 21:35:55.094 V/chatty  (16271): uid=10194 com.android.vending:download_service expire 12 lines
05-19 21:35:55.110 D/CompatibilityChangeReporter(1452): Compat change id reported: 136274596; UID 10194; state: DISABLED
05-19 21:35:55.214 D/WifiNetworkFactory(1452): got request NetworkRequest [ TRACK_DEFAULT id=112, [ Capabilities: INTERNET&NOT_RESTRICTED&TRUSTED Uid: 10194 AdministratorUids: [] RequestorUid: 10194 RequestorPackageName: com.android.vending] ] with score 60 and providerId 5
05-19 21:35:55.214 D/UntrustedWifiNetworkFactory(1452): got request NetworkRequest [ TRACK_DEFAULT id=112, [ Capabilities: INTERNET&NOT_RESTRICTED&TRUSTED Uid: 10194 AdministratorUids: [] RequestorUid: 10194 RequestorPackageName: com.android.vending] ] with score 60 and providerId 5
05-19 21:35:55.214 D/Ethernet(1452): got request NetworkRequest [ TRACK_DEFAULT id=112, [ Capabilities: INTERNET&NOT_RESTRICTED&TRUSTED Uid: 10194 AdministratorUids: [] RequestorUid: 10194 RequestorPackageName: com.android.vending] ] with score 60 and providerId 5
05-19 21:35:55.220 D/PhoneSwitcherNetworkRequstListener(2864): got request NetworkRequest [ TRACK_DEFAULT id=112, [ Capabilities: INTERNET&NOT_RESTRICTED&TRUSTED Uid: 10194 AdministratorUids: [] RequestorUid: 10194 RequestorPackageName: com.android.vending] ] with score 60 and providerId 5
05-19 21:35:55.260 V/chatty  (3852): uid=10194(com.android.vending) expire 20 lines
05-19 21:35:55.291 V/chatty  (16271): uid=10194 com.android.vending:download_service expire 74 lines
05-19 21:35:55.325 V/chatty  (16271): uid=10194 com.android.vending:download_service expire 120 lines
05-19 21:35:55.364 D/CompatibilityChangeReporter(1452): Compat change id reported: 136219221; UID 10194; state: DISABLED
05-19 21:35:55.368 V/chatty  (3852): uid=10194(com.android.vending) expire 30 lines
05-19 21:35:55.414 D/PhoneSwitcherNetworkRequstListener(2864): got request NetworkRequest [ TRACK_DEFAULT id=113, [ Capabilities: INTERNET&NOT_RESTRICTED&TRUSTED Uid: 10194 AdministratorUids: [] RequestorUid: 10194 RequestorPackageName: com.android.vending] ] with score 60 and providerId 5
05-19 21:35:55.414 D/WifiNetworkFactory(1452): got request NetworkRequest [ TRACK_DEFAULT id=113, [ Capabilities: INTERNET&NOT_RESTRICTED&TRUSTED Uid: 10194 AdministratorUids: [] RequestorUid: 10194 RequestorPackageName: com.android.vending] ] with score 60 and providerId 5
05-19 21:35:55.414 V/chatty  (16271): uid=10194 com.android.vending:download_service expire 10 lines
05-19 21:35:55.414 D/UntrustedWifiNetworkFactory(1452): got request NetworkRequest [ TRACK_DEFAULT id=113, [ Capabilities: INTERNET&NOT_RESTRICTED&TRUSTED Uid: 10194 AdministratorUids: [] RequestorUid: 10194 RequestorPackageName: com.android.vending] ] with score 60 and providerId 5
05-19 21:35:55.414 D/Ethernet(1452): got request NetworkRequest [ TRACK_DEFAULT id=113, [ Capabilities: INTERNET&NOT_RESTRICTED&TRUSTED Uid: 10194 AdministratorUids: [] RequestorUid: 10194 RequestorPackageName: com.android.vending] ] with score 60 and providerId 5
05-19 21:35:55.427 V/chatty  (16271): uid=10194 com.android.vending:download_service expire 3 lines
05-19 21:35:55.560 D/NotificationService(1452): 0|com.android.vending|-56862258|null|10194: granting content://settings/system/notification_sound
05-19 21:35:55.561 V/chatty  (1452): uid=1000 system_server identical 1 line
05-19 21:35:55.562 D/NotificationService(1452): 0|com.android.vending|-56862258|null|10194: granting content://settings/system/notification_sound
05-19 21:35:55.567 W/NotificationHistory(1452): Attempted to add notif for locked/gone/disabled user 0
05-19 21:35:55.597 D/InterruptionStateProvider(2517): No bubble up: not allowed to bubble: 0|com.android.vending|-56862258|null|10194
05-19 21:35:55.599 D/InterruptionStateProvider(2517): No heads up: unimportant notification: 0|com.android.vending|-56862258|null|10194
05-19 21:35:55.607 D/InterruptionStateProvider(2517): No bubble up: not allowed to bubble: 0|com.android.vending|-56862258|null|10194
05-19 21:35:55.609 D/InterruptionStateProvider(2517): No heads up: unimportant notification: 0|com.android.vending|-56862258|null|10194
05-19 21:35:55.615 D/InterruptionStateProvider(2517): No bubble up: not allowed to bubble: 0|com.android.vending|-56862258|null|10194
05-19 21:35:55.617 D/InterruptionStateProvider(2517): No heads up: unimportant notification: 0|com.android.vending|-56862258|null|10194
05-19 21:35:56.330 D/InterruptionStateProvider(2517): No bubble up: not allowed to bubble: 0|com.android.vending|-56862258|null|10194
05-19 21:35:56.333 D/InterruptionStateProvider(2517): No heads up: unimportant notification: 0|com.android.vending|-56862258|null|10194
05-19 21:35:57.596 V/chatty  (3852): uid=10194(com.android.vending) expire 9 lines
05-19 21:35:57.656 V/chatty  (3852): uid=10194(com.android.vending) expire 9 lines
05-19 21:35:57.685 V/chatty  (3852): uid=10194(com.android.vending) expire 8 lines
05-19 21:35:57.686 V/chatty  (16271): uid=10194 com.android.vending:download_service expire 48 lines
05-19 21:35:57.794 D/InterruptionStateProvider(2517): No bubble up: not allowed to bubble: 0|com.android.vending|-56862258|null|10194
05-19 21:35:57.797 D/InterruptionStateProvider(2517): No heads up: unimportant notification: 0|com.android.vending|-56862258|null|10194
05-19 21:35:57.945 D/InterruptionStateProvider(2517): No bubble up: not allowed to bubble: 0|com.android.vending|-56862258|null|10194
05-19 21:35:57.948 D/InterruptionStateProvider(2517): No heads up: unimportant notification: 0|com.android.vending|-56862258|null|10194
05-19 21:35:57.989 D/InterruptionStateProvider(2517): No bubble up: not allowed to bubble: 0|com.android.vending|-56862258|null|10194
05-19 21:35:57.991 D/InterruptionStateProvider(2517): No heads up: unimportant notification: 0|com.android.vending|-56862258|null|10194
05-19 21:35:58.065 V/chatty  (16271): uid=10194 com.android.vending:download_service expire 7 lines
05-19 21:35:58.142 V/chatty  (3852): uid=10194(com.android.vending) expire 9 lines
05-19 21:35:58.159 V/chatty  (3852): uid=10194(com.android.vending) expire 10 lines
05-19 21:35:58.282 D/InterruptionStateProvider(2517): No bubble up: not allowed to bubble: 0|com.android.vending|-56862258|null|10194
05-19 21:35:58.283 D/InterruptionStateProvider(2517): No heads up: unimportant notification: 0|com.android.vending|-56862258|null|10194
05-19 21:35:58.338 D/InterruptionStateProvider(2517): No bubble up: not allowed to bubble: 0|com.android.vending|-56862258|null|10194
05-19 21:35:58.340 D/InterruptionStateProvider(2517): No heads up: unimportant notification: 0|com.android.vending|-56862258|null|10194
05-19 21:35:58.400 D/InterruptionStateProvider(2517): No bubble up: not allowed to bubble: 0|com.android.vending|-56862258|null|10194
05-19 21:35:58.405 D/InterruptionStateProvider(2517): No heads up: unimportant notification: 0|com.android.vending|-56862258|null|10194
05-19 21:35:58.438 D/InterruptionStateProvider(2517): No bubble up: not allowed to bubble: 0|com.android.vending|-56862258|null|10194
