05-19 21:35:58.441 D/InterruptionStateProvider(2517): No heads up: unimportant notification: 0|com.android.vending|-56862258|null|10194
05-19 21:35:58.749 V/chatty  (16271): uid=10194 com.android.vending:download_service expire 6 lines
05-19 21:35:58.824 D/InterruptionStateProvider(2517): No bubble up: not allowed to bubble: 0|com.android.vending|-56862258|null|10194
05-19 21:35:58.825 D/InterruptionStateProvider(2517): No heads up: unimportant notification: 0|com.android.vending|-56862258|null|10194
05-19 21:35:58.847 D/vendor.qti.bluetooth@1.0-ibs_handler(843): SerialClockVote: vote for UART CLK ON
05-19 21:35:58.848 D/vendor.qti.bluetooth@1.0-wake_lock(843): Acquire wakelock is acquired 
05-19 21:35:58.848 I/vendor.qti.bluetooth@1.0-ibs_handler(843): DeviceWakeUp: Writing IBS_WAKE_IND
05-19 21:35:58.853 I/vendor.qti.bluetooth@1.0-ibs_handler(843): ProcessIbsCmd: Received IBS_WAKE_ACK: 0xFC
05-19 21:35:58.856 I/vendor.qti.bluetooth@1.0-ibs_handler(843): ProcessIbsCmd: Received IBS_WAKE_IND: 0xFD
05-19 21:35:58.856 I/vendor.qti.bluetooth@1.0-ibs_handler(843): ProcessIbsCmd: Writing IBS_WAKE_ACK
05-19 21:35:58.869 D/InterruptionStateProvider(2517): No bubble up: not allowed to bubble: 0|com.android.vending|-56862258|null|10194
05-19 21:35:58.871 D/InterruptionStateProvider(2517): No heads up: unimportant notification: 0|com.android.vending|-56862258|null|10194
05-19 21:35:58.897 I/vendor.qti.bluetooth@1.0-ibs_handler(843): ProcessIbsCmd: Received IBS_SLEEP_IND: 0xFE
05-19 21:35:58.925 D/InterruptionStateProvider(2517): No bubble up: not allowed to bubble: 0|com.android.vending|-56862258|null|10194
05-19 21:35:58.927 D/InterruptionStateProvider(2517): No heads up: unimportant notification: 0|com.android.vending|-56862258|null|10194
05-19 21:35:58.960 D/InterruptionStateProvider(2517): No bubble up: not allowed to bubble: 0|com.android.vending|-56862258|null|10194
05-19 21:35:58.961 D/InterruptionStateProvider(2517): No heads up: unimportant notification: 0|com.android.vending|-56862258|null|10194
05-19 21:35:59.049 I/ndroid.systemu(2517): Background young concurrent copying GC freed 601634(27MB) AllocSpace objects, 35(8816KB) LOS objects, 63% free, 20MB/56MB, paused 178us total 104.955ms
05-19 21:35:59.065 W/System  (2517): A resource failed to call release. 
05-19 21:35:59.065 V/chatty  (2517): uid=10225(com.android.systemui) FinalizerDaemon identical 2 lines
05-19 21:35:59.065 W/System  (2517): A resource failed to call release. 
05-19 21:35:59.089 V/chatty  (3852): uid=10194(com.android.vending) expire 52 lines
05-19 21:35:59.098 V/chatty  (3852): uid=10194(com.android.vending) expire 8 lines
05-19 21:35:59.168 V/chatty  (16271): uid=10194 com.android.vending:download_service expire 12 lines
05-19 21:35:59.242 D/InterruptionStateProvider(2517): No bubble up: not allowed to bubble: 0|com.android.vending|-56862258|null|10194
05-19 21:35:59.243 D/InterruptionStateProvider(2517): No heads up: unimportant notification: 0|com.android.vending|-56862258|null|10194
05-19 21:35:59.259 D/InterruptionStateProvider(2517): No bubble up: not allowed to bubble: 0|com.android.vending|-56862258|null|10194
05-19 21:35:59.262 D/InterruptionStateProvider(2517): No heads up: unimportant notification: 0|com.android.vending|-56862258|null|10194
05-19 21:35:59.343 D/InterruptionStateProvider(2517): No bubble up: not allowed to bubble: 0|com.android.vending|-56862258|null|10194
05-19 21:35:59.345 D/InterruptionStateProvider(2517): No heads up: unimportant notification: 0|com.android.vending|-56862258|null|10194
05-19 21:35:59.375 D/InterruptionStateProvider(2517): No bubble up: not allowed to bubble: 0|com.android.vending|-56862258|null|10194
05-19 21:35:59.376 D/WifiSarManager(1452): EarPiece active = false
05-19 21:35:59.377 D/InterruptionStateProvider(2517): No heads up: unimportant notification: 0|com.android.vending|-56862258|null|10194
05-19 21:35:59.638 D/InterruptionStateProvider(2517): No bubble up: not allowed to bubble: 0|com.android.vending|-56862258|null|10194
05-19 21:35:59.641 D/InterruptionStateProvider(2517): No heads up: unimportant notification: 0|com.android.vending|-56862258|null|10194
05-19 21:35:59.689 D/InterruptionStateProvider(2517): No bubble up: not allowed to bubble: 0|com.android.vending|-56862258|null|10194
05-19 21:35:59.690 D/InterruptionStateProvider(2517): No heads up: unimportant notification: 0|com.android.vending|-56862258|null|10194
05-19 21:35:59.754 D/InterruptionStateProvider(2517): No bubble up: not allowed to bubble: 0|com.android.vending|-56862258|null|10194
05-19 21:35:59.756 D/InterruptionStateProvider(2517): No heads up: unimportant notification: 0|com.android.vending|-56862258|null|10194
05-19 21:35:59.786 D/ThermalEngine(1115): sensor_wait: quiet_therm Wait done.
05-19 21:35:59.787 D/ThermalEngine(1115): sensor_monitor: quiet_therm Reading 45000 .
05-19 21:35:59.787 I/ThermalEngine(1115): Sensor:quiet_therm:45000 mC
05-19 21:35:59.787 D/ThermalEngine(1115): update_active_thresh: quiet_therm Active(1), Hi(1) 55000, Lo(0) -2147483648, desc(0) Interval(0) -1
05-19 21:35:59.787 D/ThermalEngine(1115): sensor_monitor: quiet_therm Sensor wait.
05-19 21:35:59.787 D/ThermalEngine(1115): sensor_wait: quiet_therm Wait start. 10000ms
05-19 21:35:59.790 D/InterruptionStateProvider(2517): No bubble up: not allowed to bubble: 0|com.android.vending|-56862258|null|10194
05-19 21:35:59.792 D/InterruptionStateProvider(2517): No heads up: unimportant notification: 0|com.android.vending|-56862258|null|10194
05-19 21:35:59.854 I/vendor.qti.bluetooth@1.0-ibs_handler(843): DeviceSleep: TX Awake, Sending SLEEP_IND
05-19 21:35:59.854 D/vendor.qti.bluetooth@1.0-ibs_handler(843): SerialClockVote: vote for UART CLK OFF
05-19 21:36:00.004 D/vendor.qti.bluetooth@1.0-wake_lock(843): Release wakelock is released 
05-19 21:36:00.092 V/chatty  (3852): uid=10194(com.android.vending) expire 8 lines
05-19 21:36:00.208 I/FrameworkReceiv(2850): type=1400 audit(0.0:11448): avc: denied { call } for scontext=u:r:radio:s0 tcontext=u:r:cnd:s0 tclass=binder permissive=1
05-19 21:36:00.220 D/QCNEJ/WlanStaInfoRelay(2850): Received action: android.net.wifi.RSSI_CHANGED
05-19 21:36:00.221 I/QCNEJ/NativeHalConnector(2850): -> SND notifyWlanStaStatusChanged([WlanStaInfo]: wifiSwitchState = 1 rssi = -54 ssid = SHAIK bssid = 90:8d:78:f7:47:c1 dnsInfo = 103.15.63.4;8.8.8.8;0.0.0.0;0.0.0.0; freqBand = _2GHz countryCode = in[RatInfo]: networkType = 1 subType = 101 networkState = CONNECTED netHdl = 437197393933 ipAddrV4 = 192.168.0.8 ipAddrV6 =  ifNameV4 = wlan0 ifNameV6 =  slotIdx = 0 isAndroidValidated = true) timeStamp = 2021-05-19 21:36:00.221
05-19 21:36:00.236 D/InterruptionStateProvider(2517): No bubble up: not allowed to bubble: 0|com.android.vending|-56862258|null|10194
05-19 21:36:00.240 D/InterruptionStateProvider(2517): No heads up: unimportant notification: 0|com.android.vending|-56862258|null|10194
05-19 21:36:00.259 D/InterruptionStateProvider(2517): No bubble up: not allowed to bubble: 0|com.android.vending|-56862258|null|10194
05-19 21:36:00.261 D/InterruptionStateProvider(2517): No heads up: unimportant notification: 0|com.android.vending|-56862258|null|10194
05-19 21:36:00.334 D/InterruptionStateProvider(2517): No bubble up: not allowed to bubble: 0|com.android.vending|-56862258|null|10194
05-19 21:36:00.342 D/InterruptionStateProvider(2517): No heads up: unimportant notification: 0|com.android.vending|-56862258|null|10194
05-19 21:36:00.370 D/InterruptionStateProvider(2517): No bubble up: not allowed to bubble: 0|com.android.vending|-56862258|null|10194
05-19 21:36:00.373 D/InterruptionStateProvider(2517): No heads up: unimportant notification: 0|com.android.vending|-56862258|null|10194
05-19 21:36:00.642 V/chatty  (16271): uid=10194 com.android.vending:download_service expire 19 lines
05-19 21:36:00.663 V/chatty  (3852): uid=10194(com.android.vending) expire 3 lines
05-19 21:36:00.800 D/InterruptionStateProvider(2517): No bubble up: not allowed to bubble: 0|com.android.vending|-56862258|null|10194
05-19 21:36:00.802 D/InterruptionStateProvider(2517): No heads up: unimportant notification: 0|com.android.vending|-56862258|null|10194
05-19 21:36:00.856 D/InterruptionStateProvider(2517): No bubble up: not allowed to bubble: 0|com.android.vending|-56862258|null|10194
05-19 21:36:00.859 D/InterruptionStateProvider(2517): No heads up: unimportant notification: 0|com.android.vending|-56862258|null|10194
05-19 21:36:00.909 D/InterruptionStateProvider(2517): No bubble up: not allowed to bubble: 0|com.android.vending|-56862258|null|10194
05-19 21:36:00.911 D/InterruptionStateProvider(2517): No heads up: unimportant notification: 0|com.android.vending|-56862258|null|10194
05-19 21:36:00.951 D/InterruptionStateProvider(2517): No bubble up: not allowed to bubble: 0|com.android.vending|-56862258|null|10194
05-19 21:36:00.953 D/InterruptionStateProvider(2517): No heads up: unimportant notification: 0|com.android.vending|-56862258|null|10194
05-19 21:36:01.258 D/InterruptionStateProvider(2517): No bubble up: not allowed to bubble: 0|com.android.vending|-56862258|null|10194
05-19 21:36:01.260 D/InterruptionStateProvider(2517): No heads up: unimportant notification: 0|com.android.vending|-56862258|null|10194
05-19 21:36:01.279 D/InterruptionStateProvider(2517): No bubble up: not allowed to bubble: 0|com.android.vending|-56862258|null|10194
05-19 21:36:01.281 D/InterruptionStateProvider(2517): No heads up: unimportant notification: 0|com.android.vending|-56862258|null|10194
05-19 21:36:01.367 D/InterruptionStateProvider(2517): No bubble up: not allowed to bubble: 0|com.android.vending|-56862258|null|10194
05-19 21:36:01.369 D/InterruptionStateProvider(2517): No heads up: unimportant notification: 0|com.android.vending|-56862258|null|10194
05-19 21:36:01.407 D/InterruptionStateProvider(2517): No bubble up: not allowed to bubble: 0|com.android.vending|-56862258|null|10194
05-19 21:36:01.409 D/InterruptionStateProvider(2517): No heads up: unimportant notification: 0|com.android.vending|-56862258|null|10194
05-19 21:36:01.604 E/NotificationService(1452): Package enqueue rate is 5.878421. Shedding 0|com.android.vending|-56862258|null|10194. package=com.android.vending
05-19 21:36:01.656 V/chatty  (16271): uid=10194 com.android.vending:download_service expire 6 lines
05-19 21:36:01.661 W/ProxyAndroidLoggerBackend(3852): Too many Flogger logs received before configuration. Dropping old logs.
05-19 21:36:01.662 I/Finsky  (3852): [2] msb.f(1): remove(71)
05-19 21:36:01.662 I/Finsky  (3852): [50] qog.accept(22): IT: starting next download: package=com.pluscubed.matlog
05-19 21:36:01.663 W/ProxyAndroidLoggerBackend(3852): Too many Flogger logs received before configuration. Dropping old logs.
05-19 21:36:01.663 W/ProxyAndroidLoggerBackend(3852): Too many Flogger logs received before configuration. Dropping old logs.
05-19 21:36:01.663 I/Finsky  (3852): [50] qgr.a(155): Downloading compressed for com.pluscubed.matlog (adid: ..split.config.en , isid: _F6v7fLSQS-z8hcERMdwHA)
05-19 21:36:01.663 W/ProxyAndroidLoggerBackend(3852): Too many Flogger logs received before configuration. Dropping old logs.
05-19 21:36:01.663 W/ProxyAndroidLoggerBackend(16271): Too many Flogger logs received before configuration. Dropping old logs.
05-19 21:36:01.664 W/ProxyAndroidLoggerBackend(16271): Too many Flogger logs received before configuration. Dropping old logs.
05-19 21:36:01.664 W/ProxyAndroidLoggerBackend(16271): Too many Flogger logs received before configuration. Dropping old logs.
05-19 21:36:01.664 W/ProxyAndroidLoggerBackend(16271): Too many Flogger logs received before configuration. Dropping old logs.
05-19 21:36:01.664 I/Finsky  (3852): [50] msb.b(1): enqueue()
05-19 21:36:01.664 I/Finsky:download_service(16271): [90] mkj.e(1): remove(request_id=71).
05-19 21:36:01.670 I/Finsky  (3852): [50] qms.a(128): IT: Already sent resource request for com.pluscubed.matlog, adid: ..split.config.en, isid: _F6v7fLSQS-z8hcERMdwHA
05-19 21:36:01.672 W/ProxyAndroidLoggerBackend(3852): Too many Flogger logs received before configuration. Dropping old logs.
05-19 21:36:01.672 W/ProxyAndroidLoggerBackend(3852): Too many Flogger logs received before configuration. Dropping old logs.
05-19 21:36:01.672 W/ProxyAndroidLoggerBackend(16271): Too many Flogger logs received before configuration. Dropping old logs.
05-19 21:36:01.673 W/ProxyAndroidLoggerBackend(16271): Too many Flogger logs received before configuration. Dropping old logs.
05-19 21:36:01.673 W/ProxyAndroidLoggerBackend(16271): Too many Flogger logs received before configuration. Dropping old logs.
05-19 21:36:01.674 W/ProxyAndroidLoggerBackend(16271): Too many Flogger logs received before configuration. Dropping old logs.
05-19 21:36:01.675 I/Finsky:download_service(16271): [90] mkj.a(12): enqueue(request_id=72, files_to_download=1, context[group_id=com.pluscubed.matlog], display_data[invisible=false, title=MatLog: Material Logcat Reader], network_restrictions=4)
05-19 21:36:01.677 I/Finsky:download_service(16271): [86] mkj.h(20): onRemove(request_id=71, files_to_download=1, group_id=com.pluscubed.matlog, display_data[invisible=false, title=MatLog: Material Logcat Reader], network_restrictions=4, status=succeeded, bytes_downloaded=5327, retry[count=0, next_retry=n/a])
05-19 21:36:01.677 W/ProxyAndroidLoggerBackend(16271): Too many Flogger logs received before configuration. Dropping old logs.
05-19 21:36:01.678 W/ProxyAndroidLoggerBackend(16271): Too many Flogger logs received before configuration. Dropping old logs.
05-19 21:36:01.678 W/ProxyAndroidLoggerBackend(3852): Too many Flogger logs received before configuration. Dropping old logs.
05-19 21:36:01.678 W/ProxyAndroidLoggerBackend(3852): Too many Flogger logs received before configuration. Dropping old logs.
05-19 21:36:01.678 W/ProxyAndroidLoggerBackend(3852): Too many Flogger logs received before configuration. Dropping old logs.
05-19 21:36:01.691 I/Finsky:download_service(16271): [86] mkr.a(3): Broadcasting <72:QUEUED with WAITING_FOR_START:0%[0%]>.
05-19 21:36:01.706 W/ProxyAndroidLoggerBackend(16271): Too many Flogger logs received before configuration. Dropping old logs.
05-19 21:36:01.707 W/ProxyAndroidLoggerBackend(16271): Too many Flogger logs received before configuration. Dropping old logs.
05-19 21:36:01.707 W/ProxyAndroidLoggerBackend(3852): Too many Flogger logs received before configuration. Dropping old logs.
05-19 21:36:01.707 W/ProxyAndroidLoggerBackend(3852): Too many Flogger logs received before configuration. Dropping old logs.
05-19 21:36:01.708 W/ProxyAndroidLoggerBackend(3852): Too many Flogger logs received before configuration. Dropping old logs.
05-19 21:36:01.709 I/Finsky  (3852): [2] qpa.a(19): IT: Sending Resource Request for com.pluscubed.matlog downloadid: ..split.config.en).
05-19 21:36:01.714 I/Finsky:download_service(16271): [86] mkr.a(3): Broadcasting <72:RUNNING:0%[0%]>.
05-19 21:36:01.721 I/Finsky  (3852): [2] qmo.L(12): Installer: Notifying status update. package=com.pluscubed.matlog, status=DOWNLOADING
05-19 21:36:01.722 I/Finsky  (3852): [457] rab.C(2): IQ: Notifying installation update. package=com.pluscubed.matlog, status=DOWNLOADING
05-19 21:36:01.732 I/Finsky:download_service(16271): [94] mpr.d(230): Open stream from https://play.googleapis.com/download/by-token/download?token=AOTCm0SUY0wLk7fZ6POP2xePZNdqI-2aUUcN8gD9OwjUaXa2XjoXA7uF0IrCzh31oC0EyMcTy3evwjOrXsMBGnO_7GPmhWqWkDVXlVt94uBDpEvdH65-bJ586DCf5B1PycDFkkbnbXwXS7yfFiknxjKwBP_6ng0d1TD3liLZvf2d4Q2boyeoK6D3DVP2CfEvw24JZrm2rAkuqOOHOlY-9d2hUvyI34BQ2Tv3jXf1GyOYGVhvzvDx9ie891TPZ1EzmK0WPJzsGnGuwiBCIGVdrZP9_5P8N37-ny4lzf6MNcQK5xJutxrh_WP62GbIhEPGhZ8iciOEtFYyQumlDNMczqKXVmd5RIMAaoibW98vBvUv5Lc&cpn=NT7DOKuTZey3PAux&isid=_F6v7fLSQS-z8hcERMdwHA [byteRangeStart=0]
05-19 21:36:01.734 D/bfdi    (16271): setConnectTimeout is not supported by CronetHttpURLConnection
05-19 21:36:01.742 I/Finsky  (3852): [2] kit.b(7): Selecting account [u73sH3m5dcHCe8g_JpWBnWGMNN5GK5epST6fpocFGz0] for package com.pluscubed.matlog. overriding=[true]
05-19 21:36:01.744 I/Finsky  (3852): [2] kit.b(7): Selecting account [u73sH3m5dcHCe8g_JpWBnWGMNN5GK5epST6fpocFGz0] for package com.pluscubed.matlog. overriding=[true]
05-19 21:36:01.839 D/bfdi    (16271): setConnectTimeout is not supported by CronetHttpURLConnection
05-19 21:36:02.019 I/Finsky:download_service(16271): [86] mkr.a(3): Broadcasting <72:RUNNING:0%[0%]>.
05-19 21:36:02.026 I/Finsky  (3852): [2] qmo.L(12): Installer: Notifying status update. package=com.pluscubed.matlog, status=DOWNLOADING
05-19 21:36:02.027 I/Finsky  (3852): [457] rab.C(2): IQ: Notifying installation update. package=com.pluscubed.matlog, status=DOWNLOADING
05-19 21:36:02.051 I/Finsky  (3852): [2] kit.b(7): Selecting account [u73sH3m5dcHCe8g_JpWBnWGMNN5GK5epST6fpocFGz0] for package com.pluscubed.matlog. overriding=[true]
05-19 21:36:02.053 I/Finsky  (3852): [2] kit.b(7): Selecting account [u73sH3m5dcHCe8g_JpWBnWGMNN5GK5epST6fpocFGz0] for package com.pluscubed.matlog. overriding=[true]
05-19 21:36:02.070 V/NetworkQualityRequestFinishedListener(16271): observation is throttled - measurementType:39
05-19 21:36:02.088 I/Finsky:download_service(16271): [86] mkr.a(3): Broadcasting <72:SUCCEEDED>.
05-19 21:36:02.099 I/Finsky  (3852): [2] qpk.o(5): IT: com.pluscubed.matlog to state 50
05-19 21:36:02.099 I/Finsky  (3852): [2] qpk.o(77): IT: Start postprocessing download for com.pluscubed.matlog
05-19 21:36:02.100 I/Finsky  (3852): [2] qpk.o(102): IT: Prepare to copy com.pluscubed.matlog (adid: ..split.config.en , isid: _F6v7fLSQS-z8hcERMdwHA) from file:///data/user/0/com.android.vending/files/phonesky-download-service/72/a68456ba-c674-4b2b-bd58-a6849e606843 (expect 28290 bytes, isCompressed: true)
05-19 21:36:02.100 I/Finsky  (3852): [2] fkn.a(21): APK integrity will be verified using [SHA-256] method
05-19 21:36:02.101 I/Finsky  (3852): [56] fkq.call(57): Decompressing com.pluscubed.matlog (..split.config.en) format 1
05-19 21:36:02.108 I/Finsky  (3852): [56] fkq.call(189): com.pluscubed.matlog (..split.config.en) (28290 bytes) copied successfully in 2 ms
05-19 21:36:02.114 I/Finsky  (3852): [2] msb.d(1): getDownloads()
05-19 21:36:02.114 W/Finsky  (3852): [90] mid.run(5): Exception while deleting file:///data/user/0/com.android.vending/files/phonesky-download-service/72/a68456ba-c674-4b2b-bd58-a6849e606843: java.lang.IllegalArgumentException: Unknown URL file:///data/user/0/com.android.vending/files/phonesky-download-service/72/a68456ba-c674-4b2b-bd58-a6849e606843
05-19 21:36:02.115 W/ProxyAndroidLoggerBackend(3852): Too many Flogger logs received before configuration. Dropping old logs.
05-19 21:36:02.115 W/ProxyAndroidLoggerBackend(3852): Too many Flogger logs received before configuration. Dropping old logs.
05-19 21:36:02.115 I/Finsky  (3852): [466] jwy.run(25): Stored data usage stats for package com.pluscubed.matlog; completed bytes: 5934.
05-19 21:36:02.115 W/ProxyAndroidLoggerBackend(3852): Too many Flogger logs received before configuration. Dropping old logs.
05-19 21:36:02.115 W/ProxyAndroidLoggerBackend(3852): Too many Flogger logs received before configuration. Dropping old logs.
05-19 21:36:02.115 I/Finsky  (3852): [2] qon.run(14): IT: Removed com.pluscubed.matlog from ResourceManager for copy success.
05-19 21:36:02.115 W/ProxyAndroidLoggerBackend(16271): Too many Flogger logs received before configuration. Dropping old logs.
05-19 21:36:02.115 W/ProxyAndroidLoggerBackend(16271): Too many Flogger logs received before configuration. Dropping old logs.
05-19 21:36:02.115 I/Finsky  (3852): [2] qop.a(7): IT: Successfully copied APK to update com.pluscubed.matlog (adid: ..split.config.en , isid: _F6v7fLSQS-z8hcERMdwHA)
05-19 21:36:02.116 I/Finsky  (3852): [2] qpk.o(5): IT: com.pluscubed.matlog to state 40
05-19 21:36:02.116 W/ProxyAndroidLoggerBackend(16271): Too many Flogger logs received before configuration. Dropping old logs.
05-19 21:36:02.116 W/ProxyAndroidLoggerBackend(16271): Too many Flogger logs received before configuration. Dropping old logs.
05-19 21:36:02.116 W/ProxyAndroidLoggerBackend(16271): Too many Flogger logs received before configuration. Dropping old logs.
05-19 21:36:02.116 I/Finsky:download_service(16271): [90] mkj.c(1): getDownloads().
05-19 21:36:02.119 W/ProxyAndroidLoggerBackend(16271): Too many Flogger logs received before configuration. Dropping old logs.
05-19 21:36:02.120 W/ProxyAndroidLoggerBackend(16271): Too many Flogger logs received before configuration. Dropping old logs.
05-19 21:36:02.120 W/ProxyAndroidLoggerBackend(3852): Too many Flogger logs received before configuration. Dropping old logs.
05-19 21:36:02.120 W/ProxyAndroidLoggerBackend(3852): Too many Flogger logs received before configuration. Dropping old logs.
05-19 21:36:02.121 W/ProxyAndroidLoggerBackend(3852): Too many Flogger logs received before configuration. Dropping old logs.
05-19 21:36:02.122 I/Finsky  (3852): [57] qog.accept(22): IT: starting next download: package=com.pluscubed.matlog
05-19 21:36:02.122 I/Finsky  (3852): [2] msb.f(1): remove(72)
05-19 21:36:02.122 I/Finsky  (3852): [57] qmn.b(2): Handling streamingComplete for com.pluscubed.matlog gid: 0
05-19 21:36:02.123 W/ProxyAndroidLoggerBackend(3852): Too many Flogger logs received before configuration. Dropping old logs.
05-19 21:36:02.123 V/chatty  (3852): uid=10194(com.android.vending) identical 3 lines
05-19 21:36:02.123 V/chatty  (16271): uid=10194 com.android.vending:download_service expire 2 lines
05-19 21:36:02.124 V/chatty  (16271): uid=10194 com.android.vending:download_service expire 3 lines
05-19 21:36:02.125 V/chatty  (3852): uid=10194(com.android.vending) expire 2 lines
05-19 21:36:02.134 V/chatty  (3852): uid=10194(com.android.vending) expire 1 line
05-19 21:36:02.142 V/chatty  (16271): uid=10194 com.android.vending:download_service expire 3 lines
05-19 21:36:02.144 V/chatty  (3852): uid=10194(com.android.vending) expire 2 lines
05-19 21:36:02.144 V/chatty  (3852): uid=10194(com.android.vending) expire 1 line
05-19 21:36:02.153 V/chatty  (3852): uid=10194(com.android.vending) expire 3 lines
05-19 21:36:02.222 V/chatty  (3852): uid=10194(com.android.vending) expire 4 lines
05-19 21:36:02.225 V/chatty  (3852): uid=10194(com.android.vending) expire 1 line
05-19 21:36:02.225 V/chatty  (3852): uid=10194(com.android.vending) expire 2 lines
05-19 21:36:02.230 V/chatty  (3852): uid=10194(com.android.vending) expire 4 lines
05-19 21:36:02.242 W/RuleEvaluation(1452): Integrity rule files are not available.
05-19 21:36:02.242 I/PackageManager(1452): Integrity check passed for file:///data/app/vmdl1196676030.tmp
05-19 21:36:02.251 D/InterruptionStateProvider(2517): No bubble up: not allowed to bubble: 0|com.android.vending|-56862258|null|10194
05-19 21:36:02.254 D/InterruptionStateProvider(2517): No heads up: unimportant notification: 0|com.android.vending|-56862258|null|10194
05-19 21:36:02.289 D/CompatibilityChangeReporter(1452): Compat change id reported: 135549675; UID 10277; state: DISABLED
05-19 21:36:02.373 V/StorageManagerService(1452): Package null does not have legacy storage
05-19 21:36:02.374 I/MediaProvider(3795): Invalidating LocalCallingIdentity cache for package com.pluscubed.matlog. Reason: op android:read_external_storage
05-19 21:36:02.375 V/chatty  (3795): uid=10234(com.android.providers.media.module) Binder:3795_1 identical 2 lines
05-19 21:36:02.375 I/MediaProvider(3795): Invalidating LocalCallingIdentity cache for package com.pluscubed.matlog. Reason: op android:read_external_storage
05-19 21:36:02.379 D/InterruptionStateProvider(2517): No bubble up: not allowed to bubble: 0|com.android.vending|-56862258|null|10194
05-19 21:36:02.381 D/InterruptionStateProvider(2517): No heads up: unimportant notification: 0|com.android.vending|-56862258|null|10194
05-19 21:36:02.385 I/PackageDexOptimizer(1452): Running dexopt (dexoptNeeded=1) on: /data/app/~~d6A1uqhP8JuEBy-JYVu-ww==/com.pluscubed.matlog-NfnXxpI4p72hiyrk1YQ-Zw==/base.apk pkg=com.pluscubed.matlog isa=arm64 dexoptFlags=boot_complete,profile_guided,public,enable_hidden_api_checks targetFilter=speed-profile oatDir=/data/app/~~d6A1uqhP8JuEBy-JYVu-ww==/com.pluscubed.matlog-NfnXxpI4p72hiyrk1YQ-Zw==/oat classLoaderContext=PCL[]{PCL[/system/framework/android.test.base.jar]}
05-19 21:36:02.388 V/installd(1199): DexInv: --- BEGIN '/data/app/~~d6A1uqhP8JuEBy-JYVu-ww==/com.pluscubed.matlog-NfnXxpI4p72hiyrk1YQ-Zw==/base.apk' ---
05-19 21:36:02.407 W/dex2oat64(16338): Mismatch between dex2oat instruction set features to use (ISA: Arm64 Feature string: a53,crc,-lse,-fp16,-dotprod,-sve) and those from CPP defines (ISA: Arm64 Feature string: -a53,-crc,-lse,-fp16,-dotprod,-sve) for the command line:
05-19 21:36:02.407 W/dex2oat64(16338): /apex/com.android.art/bin/dex2oat64 --zip-fd=7 --zip-location=base.apk --input-vdex-fd=-1 --output-vdex-fd=9 --oat-fd=8 --oat-location=/data/app/~~d6A1uqhP8JuEBy-JYVu-ww==/com.pluscubed.matlog-NfnXxpI4p72hiyrk1YQ-Zw==/oat/arm64/base.odex --instruction-set=arm64 --instruction-set-variant=cortex-a73 --instruction-set-features=default --runtime-arg -Xbootclasspath:/apex/com.android.art/javalib/core-oj.jar:/apex/com.android.art/javalib/core-libart.jar:/apex/com.android.art/javalib/core-icu4j.jar:/apex/com.android.art/javalib/okhttp.jar:/apex/com.android.art/javalib/bouncycastle.jar:/apex/com.android.art/javalib/apache-xml.jar:/system/framework/framework.jar:/system/framework/ext.jar:/system/framework/telephony-common.jar:/system/framework/voip-common.jar:/system/framework/ims-common.jar:/system/framework/framework-atb-backward-compatibility.jar:/system/framework/telephony-ext.jar:/system/framework/WfdCommon.jar --runtime-arg -Xms64m --runtime-arg -Xmx512m --updatable-bcp-packages-file=/system/etc/updatable-bcp-packages.txt --resolve-startup-const-strings=true --max-image-block-size=524288 --compiler-filter=speed-profile -j4 --cpu-set=0,1,2,3,4,5,6,7 --swap-fd=10 --classpath-dir=/data/app/~~d6A1uqhP8JuEBy-JYVu-ww==/com.pluscubed.matlog-NfnXxpI4p72hiyrk1YQ-Zw== --class-loader-context=PCL[]{PCL[/system/framework/android.test.base.jar]} --generate-mini-debug-info --compact-dex-level=none --runtime-arg -Xtarget-sdk-version:28 --runtime-arg -Xhidden-api-policy:enabled --compilation-reason=install
05-19 21:36:02.408 I/dex2oat64(16338): /apex/com.android.art/bin/dex2oat64 --input-vdex-fd=-1 --output-vdex-fd=9 --updatable-bcp-packages-file=/system/etc/updatable-bcp-packages.txt --resolve-startup-const-strings=true --max-image-block-size=524288 --compiler-filter=speed-profile -j4 --cpu-set=0,1,2,3,4,5,6,7 --classpath-dir=/data/app/~~d6A1uqhP8JuEBy-JYVu-ww==/com.pluscubed.matlog-NfnXxpI4p72hiyrk1YQ-Zw== --class-loader-context=PCL[]{PCL[/system/framework/android.test.base.jar]} --generate-mini-debug-info --compact-dex-level=none --compilation-reason=install
05-19 21:36:02.410 I/dex2oat64(16338): setting boot class path to /apex/com.android.art/javalib/core-oj.jar:/apex/com.android.art/javalib/core-libart.jar:/apex/com.android.art/javalib/core-icu4j.jar:/apex/com.android.art/javalib/okhttp.jar:/apex/com.android.art/javalib/bouncycastle.jar:/apex/com.android.art/javalib/apache-xml.jar:/system/framework/framework.jar:/system/framework/ext.jar:/system/framework/telephony-common.jar:/system/framework/voip-common.jar:/system/framework/ims-common.jar:/system/framework/framework-atb-backward-compatibility.jar:/system/framework/telephony-ext.jar:/system/framework/WfdCommon.jar
05-19 21:36:02.866 I/dex2oat64(16338): dex2oat took 460.332ms (928.964ms cpu) (threads: 4) arena alloc=11KB (11640B) java alloc=3708KB (3797312B) native alloc=4325KB (4429360B) free=2838KB (2906880B)
05-19 21:36:02.874 V/installd(1199): DexInv: --- END '/data/app/~~d6A1uqhP8JuEBy-JYVu-ww==/com.pluscubed.matlog-NfnXxpI4p72hiyrk1YQ-Zw==/base.apk' (success) ---
05-19 21:36:02.876 V/BackupManagerService(1452): [UserID:0] restoreAtInstall pkg=com.pluscubed.matlog token=15 restoreSet=0
05-19 21:36:02.877 V/BackupManagerService(1452): [UserID:0] Finishing install immediately
05-19 21:36:02.879 V/StorageManagerService(1452): Package null has legacy storage
05-19 21:36:02.879 I/MediaProvider(3795): Invalidating LocalCallingIdentity cache for package com.pluscubed.matlog. Reason: op android:read_external_storage
05-19 21:36:02.884 E/installd(1199): Couldn't opendir /data/app/vmdl1196676030.tmp: No such file or directory
05-19 21:36:02.884 E/installd(1199): Failed to delete /data/app/vmdl1196676030.tmp: No such file or directory
05-19 21:36:02.895 I/MediaProvider(3795): Invalidating LocalCallingIdentity cache for package com.pluscubed.matlog. Reason: package android.intent.action.PACKAGE_ADDED
05-19 21:36:02.898 V/chatty  (3852): uid=10194(com.android.vending) expire 1 line
05-19 21:36:02.904 I/InputReader(1452): Reconfiguring input devices, changes=KEYBOARD_LAYOUTS | 
05-19 21:36:02.911 E/system_server(1452): No package ID 7f found for ID 0x7f08008b.
05-19 21:36:02.911 E/system_server(1452): No package ID 7f found for ID 0x7f1100eb.
05-19 21:36:02.911 E/system_server(1452): No package ID 7f found for ID 0x7f1100eb.
05-19 21:36:02.912 I/RoleManagerService(1452): Granting default roles...
05-19 21:36:02.915 V/AvrcpMediaPlayerList(2488): mPackageChangedBroadcastReceiver: action: android.intent.action.PACKAGE_ADDED
05-19 21:36:02.915 D/AvrcpMediaPlayerList(2488): Name of package changed: com.pluscubed.matlog
05-19 21:36:02.916 V/chatty  (3852): uid=10194(com.android.vending) expire 2 lines
05-19 21:36:02.917 V/chatty  (3852): uid=10194(com.android.vending) expire 2 lines
05-19 21:36:02.920 W/BroadcastQueue(1452): Background execution not allowed: receiving Intent { act=android.intent.action.PACKAGE_ADDED dat=package:com.pluscubed.matlog flg=0x4000010 (has extras) } to com.android.packageinstaller/.PackageInstalledReceiver
05-19 21:36:02.920 V/chatty  (3852): uid=10194(com.android.vending) expire 3 lines
05-19 21:36:02.926 W/BroadcastQueue(1452): Background execution not allowed: receiving Intent { act=android.intent.action.PACKAGE_ADDED dat=package:com.pluscubed.matlog flg=0x4000010 (has extras) } to com.android.systemui/.statusbar.phone.VolumePluginManager
05-19 21:36:02.926 W/BroadcastQueue(1452): Background execution not allowed: receiving Intent { act=android.intent.action.PACKAGE_ADDED dat=package:com.pluscubed.matlog flg=0x4000010 (has extras) } to com.android.vending/com.google.android.finsky.packagemanager.impl.PackageMonitorReceiverImpl$RegisteredReceiver
05-19 21:36:02.926 W/BroadcastQueue(1452): Background execution not allowed: receiving Intent { act=android.intent.action.PACKAGE_ADDED dat=package:com.pluscubed.matlog flg=0x4000010 (has extras) } to com.google.android.gms/.games.chimera.GamesSystemBroadcastReceiverProxy
05-19 21:36:02.926 W/BroadcastQueue(1452): Background execution not allowed: receiving Intent { act=android.intent.action.PACKAGE_ADDED dat=package:com.pluscubed.matlog flg=0x4000010 (has extras) } to com.google.android.gms/.gass.chimera.PackageChangeBroadcastReceiver
05-19 21:36:02.926 W/BroadcastQueue(1452): Background execution not allowed: receiving Intent { act=android.intent.action.PACKAGE_ADDED dat=package:com.pluscubed.matlog flg=0x4000010 (has extras) } to com.google.android.gms/.chimera.GmsIntentOperationService$PersistentTrustedReceiver
05-19 21:36:02.928 W/BroadcastQueue(1452): Background execution not allowed: receiving Intent { act=android.intent.action.PACKAGE_ADDED dat=package:com.pluscubed.matlog flg=0x4000010 (has extras) } to com.google.android.googlequicksearchbox/com.google.android.apps.gsa.googlequicksearchbox.GelStubAppWatcher
05-19 21:36:02.944 V/chatty  (3852): uid=10194(com.android.vending) expire 1 line
05-19 21:36:02.944 V/chatty  (3852): uid=10194(com.android.vending) expire 5 lines
05-19 21:36:02.953 W/Role    (7624): Cannot get ApplicationInfo for default holder: com.android.gallery3d
05-19 21:36:02.957 V/chatty  (3852): uid=10194(com.android.vending) expire 1 line
05-19 21:36:02.957 V/chatty  (3852): uid=10194(com.android.vending) expire 3 lines
05-19 21:36:02.959 D/AF::TrackHandle(898): OpPlayAudio: track:60 usage:3 not muted
05-19 21:36:02.962 D/AF::TrackHandle(898): OpPlayAudio: track:60 usage:3 not muted
05-19 21:36:02.965 D/AF::TrackHandle(898): OpPlayAudio: track:60 usage:3 not muted
05-19 21:36:02.969 I/Finsky  (3852): [470] otx.run(16): Wrote row to frosting DB: 811
05-19 21:36:02.969 D/AF::TrackHandle(898): OpPlayAudio: track:60 usage:3 not muted
05-19 21:36:02.971 D/AF::TrackHandle(898): OpPlayAudio: track:60 usage:3 not muted
05-19 21:36:02.972 W/GCM     (3169): Unexpected forwarded intent: Intent { act=android.intent.action.PACKAGE_ADDED dat=package:com.pluscubed.matlog flg=0x4000010 pkg=com.google.android.gms cmp=com.google.android.gms/.chimera.PersistentIntentOperationService (has extras) }
05-19 21:36:02.975 W/GCM     (3169): Unexpected forwarded intent: Intent { act=android.intent.action.PACKAGE_ADDED dat=package:com.pluscubed.matlog flg=0x4000010 pkg=com.google.android.gms cmp=com.google.android.gms/.chimera.PersistentIntentOperationService (has extras) }
05-19 21:36:02.977 I/Auth    (7277): [SupervisedAccountIntentOperation] onHandleIntent(): android.intent.action.PACKAGE_ADDED
05-19 21:36:02.978 I/Finsky  (3852): [2] qpk.o(5): IT: com.pluscubed.matlog to state 80
05-19 21:36:02.979 I/Finsky  (3852): [2] qmo.V(1): Installer: stopping tracking of task: com.pluscubed.matlog
05-19 21:36:02.982 I/Finsky  (3852): [2] kit.b(7): Selecting account [u73sH3m5dcHCe8g_JpWBnWGMNN5GK5epST6fpocFGz0] for package com.pluscubed.matlog. overriding=[true]
05-19 21:36:02.983 D/BoundBrokerSvc(7277): onBind: Intent { act=com.google.android.gms.common.BIND_SHARED_PREFS pkg=com.google.android.gms }
05-19 21:36:02.983 D/BoundBrokerSvc(7277): Loading bound service for intent: Intent { act=com.google.android.gms.common.BIND_SHARED_PREFS pkg=com.google.android.gms }
05-19 21:36:02.993 D/CarrierSvcBindHelper(2864): No carrier app for: 0
05-19 21:36:03.000 D/CarrierSvcBindHelper(2864): No carrier app for: 1
05-19 21:36:03.005 I/Finsky  (3852): [2] kit.b(7): Selecting account [u73sH3m5dcHCe8g_JpWBnWGMNN5GK5epST6fpocFGz0] for package com.pluscubed.matlog. overriding=[true]
05-19 21:36:03.025 I/Finsky  (3852): [457] rab.C(2): IQ: Notifying installation update. package=com.pluscubed.matlog, status=INSTALLED
05-19 21:36:03.025 I/Finsky  (3852): [2] qmo.O(7): Installer: found apps to install. isMultiUserMode=false, apps=[]
05-19 21:36:03.040 I/Finsky  (3852): [457] rab.t(27): IQ: Finishing job 29
05-19 21:36:03.041 I/Finsky  (3852): [457] abvs.n(4): SCH: jobFinished: 3-29. TimeElapsed: 8408ms.
05-19 21:36:03.060 D/BoundBrokerSvc(7277): onUnbind: Intent { act=com.google.android.gms.common.BIND_SHARED_PREFS pkg=com.google.android.gms }
05-19 21:36:03.061 I/Finsky  (3852): [457] rab.t(33): IQ: No matching installs to run for jobs: [29]
05-19 21:36:03.084 D/ImsResolver(2864): maybeAddedImsService, packageName: com.pluscubed.matlog
05-19 21:36:03.087 I/Icing   (7277): IndexChimeraService.getServiceInterface callingPackage=com.google.android.gms componentName=AppsCorpus serviceId=36
05-19 21:36:03.088 D/CarrierConfigLoader(2864): mHandler: 9 phoneId: 0
05-19 21:36:03.093 W/Looper  (1452): Slow dispatch took 196ms main h=android.app.ActivityThread$H c=android.app.-$$Lambda$LoadedApk$ReceiverDispatcher$Args$_BumDX2UKsnxLVrE6UJsJZkotuA@48612f3 m=0
05-19 21:36:03.096 W/Looper  (1452): Slow delivery took 201ms main h=android.os.Handler c=android.app.-$$Lambda$LoadedApk$ReceiverDispatcher$Args$_BumDX2UKsnxLVrE6UJsJZkotuA@1ce4bb0 m=0
05-19 21:36:03.119 I/Telecom (1452): DefaultDialerCache: Refreshing default dialer for user 0: now com.android.dialer: DDC.oR@A4o
05-19 21:36:03.120 V/ChimeraUtils(3169): Module com.google.android.gms.nearby_en has empty metadata display_name_string_id
05-19 21:36:03.142 D/BoundBrokerSvc(7277): onBind: Intent { act=com.google.android.gms.feedback.internal.IFeedbackService cmp=com.google.android.gms/.chimera.GmsBoundBrokerService }
05-19 21:36:03.142 D/BoundBrokerSvc(7277): Loading bound service for intent: Intent { act=com.google.android.gms.feedback.internal.IFeedbackService cmp=com.google.android.gms/.chimera.GmsBoundBrokerService }
05-19 21:36:03.145 V/BackupManagerConstants(1452): getFullBackupIntervalMilliseconds(...) returns 86400000
05-19 21:36:03.145 V/BackupManagerConstants(1452): getFullBackupRequiredNetworkType(...) returns 2
05-19 21:36:03.145 V/BackupManagerConstants(1452): getFullBackupRequireCharging(...) returns true
05-19 21:36:03.157 I/GmsCoreXrpcWrapper(7277): Returning a channel provider with trafficStatsTag=12803 trafficStatsUid=-1
05-19 21:36:03.162 W/Looper  (1452): Drained
05-19 21:36:03.163 V/ChimeraUtils(3169): Module com.google.android.gms.nearby_en has empty metadata display_name_string_id
05-19 21:36:03.166 E/system_server(1452): No package ID 7f found for ID 0x7f08008b.
05-19 21:36:03.166 E/system_server(1452): No package ID 7f found for ID 0x7f1100eb.
05-19 21:36:03.166 E/system_server(1452): No package ID 7f found for ID 0x7f1100eb.
05-19 21:36:03.168 V/AvrcpMediaPlayerList(2488): mPackageChangedBroadcastReceiver: action: android.intent.action.PACKAGE_CHANGED
05-19 21:36:03.168 I/InputReader(1452): Reconfiguring input devices, changes=KEYBOARD_LAYOUTS | 
05-19 21:36:03.168 D/AvrcpMediaPlayerList(2488): Name of package changed: com.pluscubed.matlog
05-19 21:36:03.177 V/ChimeraUtils(3169): Module com.google.android.gms.nearby_en has empty metadata display_name_string_id
05-19 21:36:03.197 I/Finsky  (3852): [2] kit.b(7): Selecting account [u73sH3m5dcHCe8g_JpWBnWGMNN5GK5epST6fpocFGz0] for package com.pluscubed.matlog. overriding=[true]
05-19 21:36:03.209 D/AF::TrackHandle(898): OpPlayAudio: track:60 usage:3 not muted
05-19 21:36:03.249 V/chatty  (898): uid=1041(audioserver) Binder:898_6 identical 6 lines
05-19 21:36:03.252 D/AF::TrackHandle(898): OpPlayAudio: track:60 usage:3 not muted
05-19 21:36:03.252 W/Looper  (1452): Slow dispatch took 143ms android.fg h=android.os.Handler c=<recycled PooledLambda@f250c8b> m=0
05-19 21:36:03.264 I/Finsky  (3852): [2] kit.b(7): Selecting account [u73sH3m5dcHCe8g_JpWBnWGMNN5GK5epST6fpocFGz0] for package com.pluscubed.matlog. overriding=[true]
05-19 21:36:03.270 I/Fitness (3169): OnPackageChangedOperation got intent: Intent { act=android.intent.action.PACKAGE_CHANGED dat=package:com.pluscubed.matlog flg=0x5000010 pkg=com.google.android.gms cmp=com.google.android.gms/.chimera.PersistentIntentOperationService (has extras) } [CONTEXT service_id=17 ]
05-19 21:36:03.273 D/CarrierSvcBindHelper(2864): No carrier app for: 0
05-19 21:36:03.278 I/Fitness (3169): FitCleanupIntentOperation received Intent android.intent.action.PACKAGE_CHANGED [CONTEXT service_id=17 ]
05-19 21:36:03.279 D/CarrierSvcBindHelper(2864): No carrier app for: 1
05-19 21:36:03.279 D/ImsResolver(2864): maybeAddedImsService, packageName: com.pluscubed.matlog
05-19 21:36:03.285 I/Finsky  (3852): [2] ycb.d(13): PackageMonitorReceiverImpl - Received: android.intent.action.PACKAGE_CHANGED, [lYMp3u9437pIPVIHZjT0IjBLAI4A7cyHhukNnvUsn_U]
05-19 21:36:03.285 I/Finsky  (3852): [2] ydc.g(1): Invalidating cached PackageState for com.pluscubed.matlog
05-19 21:36:03.292 I/Finsky  (3852): [2] ouk.d(2): Frosting ID looked up on UI thread. Caller should move to a background thread.
05-19 21:36:03.294 I/Icing   (7277): IndexChimeraService.getServiceInterface callingPackage=com.google.android.gms componentName=null serviceId=30
05-19 21:36:03.294 I/Finsky  (3852): [470] otx.run(16): Wrote row to frosting DB: 812
05-19 21:36:03.297 I/Telecom (1452): DefaultDialerCache: Refreshing default dialer for user 0: now com.android.dialer: DDC.oR@A4s
05-19 21:36:03.315 W/Looper  (1452): Slow delivery took 294ms android.fg h=android.os.Handler c=<recycled PooledLambda@f5b87cb> m=0
05-19 21:36:03.326 I/Finsky  (3852): [2] ouk.d(2): Frosting ID looked up on UI thread. Caller should move to a background thread.
05-19 21:36:03.330 I/Finsky  (3852): [461] jmd.a(15): [ContentSync] finished, scheduled=true
05-19 21:36:03.332 I/Icing   (7277): Usage reports ok 9, Failed Usage reports 0, indexed 0, rejected 0
05-19 21:36:03.332 I/Finsky  (3852): [470] otx.run(16): Wrote row to frosting DB: 813
05-19 21:36:03.335 I/Finsky  (3852): [2] qhf.a(52): previousAllInstallsDone is Optional[false], allInstallationsDone is Optional[true]
05-19 21:36:03.335 I/Finsky  (3852): [2] qhf.a(78): Updating installations status false cross profiles
05-19 21:36:03.336 I/Finsky  (3852): [2] jqj.b(1): Binding for 15179914
05-19 21:36:03.336 I/Finsky  (3852): [2] jqj.b(2): Skipping binding because it's already bound.
05-19 21:36:03.348 I/Finsky  (3852): [2] kit.b(7): Selecting account [u73sH3m5dcHCe8g_JpWBnWGMNN5GK5epST6fpocFGz0] for package com.pluscubed.matlog. overriding=[true]
05-19 21:36:03.375 I/Fitness (3169): OnPackageChangedOperation got intent: Intent { act=android.intent.action.PACKAGE_CHANGED dat=package:com.pluscubed.matlog flg=0x5000010 pkg=com.google.android.gms cmp=com.google.android.gms/.chimera.PersistentIntentOperationService (has extras) } [CONTEXT service_id=17 ]
05-19 21:36:03.389 I/Finsky  (3852): [2] kit.b(7): Selecting account [u73sH3m5dcHCe8g_JpWBnWGMNN5GK5epST6fpocFGz0] for package com.pluscubed.matlog. overriding=[true]
05-19 21:36:03.394 I/Finsky  (3852): [2] abwt.b(5): SCH: Jobs in database: 1-1337 2-48879 3-7 12-1 20-23232323 26-1414141414 34-3 34-4 34-5 
05-19 21:36:03.396 I/Finsky  (3852): [2] abvf.d(37): SCH: ConstraintMapping: 1-1337, 12-1, 34-4,  -> L: 14541ms, D: 76405489ms, C: false, I: false, N: 1
05-19 21:36:03.396 I/Finsky  (3852): [2] abvf.d(37): SCH: ConstraintMapping: 20-23232323,  -> L: 0ms, D: 80050377ms, C: true, I: false, N: 2
05-19 21:36:03.396 I/Finsky  (3852): [2] abvf.d(37): SCH: ConstraintMapping: 34-3, 34-5,  -> L: 4661597ms, D: 1300661597ms, C: false, I: true, N: 2
05-19 21:36:03.396 I/Finsky  (3852): [2] abvf.d(37): SCH: ConstraintMapping: 2-48879, 3-7, 34-3, 34-5,  -> L: 0ms, D: 83617665ms, C: true, I: true, N: 2
05-19 21:36:03.396 I/Fitness (3169): FitCleanupIntentOperation received Intent android.intent.action.PACKAGE_CHANGED [CONTEXT service_id=17 ]
05-19 21:36:03.396 I/Finsky  (3852): [2] abvf.d(37): SCH: ConstraintMapping: 26-1414141414,  -> L: 41351188ms, D: 42251188ms, C: false, I: false, N: 0
05-19 21:36:03.405 I/system_server(1452): Background concurrent copying GC freed 904863(38MB) AllocSpace objects, 488(32MB) LOS objects, 75% free, 29MB/119MB, paused 197us total 521.604ms
05-19 21:36:03.408 I/GmsCoreXrpcWrapper(7277): Returning a channel provider with trafficStatsTag=12803 trafficStatsUid=-1
05-19 21:36:03.425 I/Finsky  (3852): [2] abvf.f(7): SCH: Cancelling existing jobscheduler jobs: 9001 9002 9003 9005 9004 
05-19 21:36:03.425 I/Finsky  (3852): [2] abvf.e(8): SCH: Throttling wakeup for job 9000 (expected to run in 14541 ms) due to recent wakeup
05-19 21:36:03.426 I/Finsky  (3852): [2] abvf.e(23): SCH: Scheduling job Id: 9000, L: 30000, D: 76405489, C: false, I: false, N: 1
05-19 21:36:03.430 I/Finsky  (3852): [2] abvf.e(8): SCH: Throttling wakeup for job 9006 (expected to run in 0 ms) due to recent wakeup
05-19 21:36:03.430 I/Finsky  (3852): [2] abvf.e(23): SCH: Scheduling job Id: 9006, L: 30000, D: 80050377, C: true, I: false, N: 2
05-19 21:36:03.432 I/Finsky  (3852): [2] abvf.e(23): SCH: Scheduling job Id: 9007, L: 4661597, D: 1300661597, C: false, I: true, N: 2
05-19 21:36:03.433 I/Finsky  (3852): [2] abvf.e(8): SCH: Throttling wakeup for job 9008 (expected to run in 0 ms) due to recent wakeup
05-19 21:36:03.433 I/Finsky  (3852): [2] abvf.e(23): SCH: Scheduling job Id: 9008, L: 30000, D: 83617665, C: true, I: true, N: 2
05-19 21:36:03.434 I/Finsky  (3852): [2] abvf.e(23): SCH: Scheduling job Id: 9009, L: 41351188, D: 42251188, C: false, I: false, N: 0
05-19 21:36:03.435 I/Finsky  (3852): [2] jpr.e(5): User UserHandle{0} is not in installation anymore, removing profile.
05-19 21:36:03.435 I/Finsky  (3852): [2] jpr.e(13): Notifying user UserHandle{0} that all installs are finished
05-19 21:36:03.437 I/Icing   (7277): Usage reports ok 0, Failed Usage reports 0, indexed 0, rejected 0
05-19 21:36:03.442 W/System  (1452): A resource failed to call release. 
05-19 21:36:03.443 V/chatty  (1452): uid=1000(system) FinalizerDaemon identical 39 lines
05-19 21:36:03.443 W/System  (1452): A resource failed to call release. 
05-19 21:36:03.443 I/Finsky  (3852): [2] jqj.d(1): unbinding for 15179914
05-19 21:36:03.444 W/System  (1452): A resource failed to call release. 
05-19 21:36:03.444 W/System  (1452): A resource failed to call release. 
05-19 21:36:03.444 I/Finsky  (3852): [455] jpr.b(5): Removing listener for user UserHandle{0} and listener 135266673
05-19 21:36:03.445 W/System  (1452): A resource failed to call release. 
05-19 21:36:03.445 W/System  (1452): A resource failed to call release. 
05-19 21:36:03.446 W/System  (1452): A resource failed to call close. 
05-19 21:36:03.447 W/System  (1452): A resource failed to call release. 
05-19 21:36:03.453 W/System  (1452): A resource failed to call release. 
05-19 21:36:03.476 I/Icing   (7277): Indexing com.google.android.gms-apps from com.google.android.gms
05-19 21:36:03.514 I/Icing   (7277): Indexing done com.google.android.gms-apps
05-19 21:36:03.515 I/Icing   (7277): Indexing com.google.android.gms-apps from com.google.android.gms
05-19 21:36:03.517 I/Icing   (7277): Indexing done com.google.android.gms-apps
05-19 21:36:03.525 I/PermissionControllerServiceImpl(7624): Updating user sensitive for uid 10277
05-19 21:36:03.546 I/PermissionControllerServiceImpl(7624): Updating user sensitive for uid 10277
05-19 21:36:03.548 W/Looper  (1452): Drained
05-19 21:36:03.764 D/vendor.qti.bluetooth@1.0-ibs_handler(843): SerialClockVote: vote for UART CLK ON
05-19 21:36:03.766 D/vendor.qti.bluetooth@1.0-wake_lock(843): Acquire wakelock is acquired 
05-19 21:36:03.766 I/vendor.qti.bluetooth@1.0-ibs_handler(843): DeviceWakeUp: Writing IBS_WAKE_IND
05-19 21:36:03.773 I/vendor.qti.bluetooth@1.0-ibs_handler(843): ProcessIbsCmd: Received IBS_WAKE_ACK: 0xFC
05-19 21:36:03.774 I/vendor.qti.bluetooth@1.0-ibs_handler(843): ProcessIbsCmd: Received IBS_WAKE_IND: 0xFD
05-19 21:36:03.774 I/vendor.qti.bluetooth@1.0-ibs_handler(843): ProcessIbsCmd: Writing IBS_WAKE_ACK
05-19 21:36:03.814 I/vendor.qti.bluetooth@1.0-ibs_handler(843): ProcessIbsCmd: Received IBS_SLEEP_IND: 0xFE
05-19 21:36:03.980 I/Finsky  (3852): [479] qmp.run(69): Installer: Session time: 8 seconds
05-19 21:36:04.117 I/Finsky:download_service(16271): [86] mqa.f(2): DownloadService is getting stopped.
05-19 21:36:04.118 W/Finsky  (3852): [2] eyb.l(3): No LoggingContext in the bundle, which breaks event chain!. Creating a new logging context.
05-19 21:36:04.126 I/Finsky:download_service(16271): [2] DownloadService.onDestroy(5): DownloadService is getting destroyed.
05-19 21:36:04.378 D/WifiSarManager(1452): EarPiece active = false
05-19 21:36:04.585 I/ActivityTaskManager(1452): START u0 {act=android.intent.action.MAIN cat=[android.intent.category.LAUNCHER] flg=0x10000000 pkg=com.pluscubed.matlog cmp=com.pluscubed.matlog/com.pluscubed.logcat.ui.LogcatActivity} from uid 10194
05-19 21:36:04.588 I/NodeLooperThrea(856): type=1400 audit(0.0:11449): avc: denied { search } for name="devfreq" dev="sysfs" ino=41574 scontext=u:r:hal_power_default:s0 tcontext=u:object_r:sysfs_devfreq:s0 tclass=dir permissive=1
05-19 21:36:04.588 I/NodeLooperThrea(856): type=1400 audit(0.0:11450): avc: denied { write } for name="hyst_trigger_count" dev="sysfs" ino=56737 scontext=u:r:hal_power_default:s0 tcontext=u:object_r:sysfs_devfreq:s0 tclass=file permissive=1
05-19 21:36:04.588 I/NodeLooperThrea(856): type=1400 audit(0.0:11451): avc: denied { open } for path="/sys/devices/soc/soc:qcom,cpubw/devfreq/soc:qcom,cpubw/bw_hwmon/hyst_trigger_count" dev="sysfs" ino=56737 scontext=u:r:hal_power_default:s0 tcontext=u:object_r:sysfs_devfreq:s0 tclass=file permissive=1
05-19 21:36:04.588 I/NodeLooperThrea(856): type=1400 audit(0.0:11452): avc: denied { write } for name="force_rail_on" dev="sysfs" ino=30940 scontext=u:r:hal_power_default:s0 tcontext=u:object_r:sysfs_kgsl:s0 tclass=file permissive=1
05-19 21:36:04.588 I/NodeLooperThrea(856): type=1400 audit(0.0:11453): avc: denied { open } for path="/sys/devices/soc/5000000.qcom,kgsl-3d0/kgsl/kgsl-3d0/force_rail_on" dev="sysfs" ino=30940 scontext=u:r:hal_power_default:s0 tcontext=u:object_r:sysfs_kgsl:s0 tclass=file permissive=1
05-19 21:36:04.596 D/android.hardware.power@1.3-service.xiaomi_sdm660-libperfmgr(856): LAUNCH: 1
05-19 21:36:04.605 D/CompatibilityChangeReporter(1452): Compat change id reported: 135634846; UID 10277; state: DISABLED
05-19 21:36:04.606 D/CompatibilityChangeReporter(1452): Compat change id reported: 143937733; UID 10277; state: DISABLED
05-19 21:36:04.609 W/Finsky  (3852): [71] aclx.c(12): Intermediate event received when sequence isn't started, PAGE_FRAGMENT_ON_PAUSE
05-19 21:36:04.610 V/chatty  (3852): uid=10194(com.android.vending) identical 4 lines
05-19 21:36:04.610 W/Finsky  (3852): [71] aclx.c(12): Intermediate event received when sequence isn't started, PAGE_FRAGMENT_ON_PAUSE
05-19 21:36:04.625 I/Finsky  (3852): [2] ycb.d(13): PackageMonitorReceiverImpl - Received: android.intent.action.PACKAGE_FIRST_LAUNCH, [lYMp3u9437pIPVIHZjT0IjBLAI4A7cyHhukNnvUsn_U]
05-19 21:36:04.626 I/Finsky  (3852): [2] ydc.g(1): Invalidating cached PackageState for com.pluscubed.matlog
05-19 21:36:04.626 E/luscubed.matlo(12902): Not starting debugger since process cannot load the jdwp agent.
05-19 21:36:04.628 W/luscubed.matlo(12902): Core platform API violation: Ljava/lang/reflect/Field;->accessFlags:I from Landroid/os/Build; using reflection
05-19 21:36:04.630 I/ActivityManager(1452): Start proc 12902:com.pluscubed.matlog/u0a277 for pre-top-activity {com.pluscubed.matlog/com.pluscubed.logcat.ui.LogcatActivity}
